Archive member included to satisfy reference by file (symbol)

/opt/arm/arm-gnu-toolchain-14.3.rel1-x86_64-arm-none-eabi/bin/../lib/gcc/arm-none-eabi/14.3.1/../../../../arm-none-eabi/lib/thumb/v8-m.main+fp/softfp/libm.a(libm_a-wf_sqrt.o)
                              CMakeFiles/pico_6mic_soundcard.dir/pico-sdk/src/rp2_common/pico_float/float_math.c.o (sqrtf)
/opt/arm/arm-gnu-toolchain-14.3.rel1-x86_64-arm-none-eabi/bin/../lib/gcc/arm-none-eabi/14.3.1/../../../../arm-none-eabi/lib/thumb/v8-m.main+fp/softfp/libm.a(libm_a-ef_sqrt.o)
                              /opt/arm/arm-gnu-toolchain-14.3.rel1-x86_64-arm-none-eabi/bin/../lib/gcc/arm-none-eabi/14.3.1/../../../../arm-none-eabi/lib/thumb/v8-m.main+fp/softfp/libm.a(libm_a-wf_sqrt.o) (__ieee754_sqrtf)
/opt/arm/arm-gnu-toolchain-14.3.rel1-x86_64-arm-none-eabi/bin/../lib/gcc/arm-none-eabi/14.3.1/thumb/v8-m.main+fp/softfp/libgcc.a(_arm_addsubdf3.o)
                              CMakeFiles/pico_6mic_soundcard.dir/pico-sdk/src/rp2_common/pico_float/float_math.c.o (__aeabi_f2d)
/opt/arm/arm-gnu-toolchain-14.3.rel1-x86_64-arm-none-eabi/bin/../lib/gcc/arm-none-eabi/14.3.1/thumb/v8-m.main+fp/softfp/libgcc.a(_aeabi_ldivmod.o)
                              CMakeFiles/pico_6mic_soundcard.dir/pico-sdk/src/common/pico_time/time.c.o (__aeabi_ldivmod)
/opt/arm/arm-gnu-toolchain-14.3.rel1-x86_64-arm-none-eabi/bin/../lib/gcc/arm-none-eabi/14.3.1/thumb/v8-m.main+fp/softfp/libgcc.a(_aeabi_uldivmod.o)
                              CMakeFiles/pico_6mic_soundcard.dir/pico-sdk/src/rp2_common/hardware_clocks/clocks.c.o (__aeabi_uldivmod)
/opt/arm/arm-gnu-toolchain-14.3.rel1-x86_64-arm-none-eabi/bin/../lib/gcc/arm-none-eabi/14.3.1/thumb/v8-m.main+fp/softfp/libgcc.a(_udivmoddi4.o)
                              /opt/arm/arm-gnu-toolchain-14.3.rel1-x86_64-arm-none-eabi/bin/../lib/gcc/arm-none-eabi/14.3.1/thumb/v8-m.main+fp/softfp/libgcc.a(_aeabi_ldivmod.o) (__udivmoddi4)
/opt/arm/arm-gnu-toolchain-14.3.rel1-x86_64-arm-none-eabi/bin/../lib/gcc/arm-none-eabi/14.3.1/thumb/v8-m.main+fp/softfp/libgcc.a(_dvmd_tls.o)
                              /opt/arm/arm-gnu-toolchain-14.3.rel1-x86_64-arm-none-eabi/bin/../lib/gcc/arm-none-eabi/14.3.1/thumb/v8-m.main+fp/softfp/libgcc.a(_aeabi_ldivmod.o) (__aeabi_ldiv0)
/opt/arm/arm-gnu-toolchain-14.3.rel1-x86_64-arm-none-eabi/bin/../lib/gcc/arm-none-eabi/14.3.1/../../../../arm-none-eabi/lib/thumb/v8-m.main+fp/softfp/libg.a(libc_a-calloc.o)
                              CMakeFiles/pico_6mic_soundcard.dir/pico-sdk/src/rp2_common/pico_malloc/malloc.c.o (calloc)
/opt/arm/arm-gnu-toolchain-14.3.rel1-x86_64-arm-none-eabi/bin/../lib/gcc/arm-none-eabi/14.3.1/../../../../arm-none-eabi/lib/thumb/v8-m.main+fp/softfp/libg.a(libc_a-callocr.o)
                              /opt/arm/arm-gnu-toolchain-14.3.rel1-x86_64-arm-none-eabi/bin/../lib/gcc/arm-none-eabi/14.3.1/../../../../arm-none-eabi/lib/thumb/v8-m.main+fp/softfp/libg.a(libc_a-calloc.o) (_calloc_r)
/opt/arm/arm-gnu-toolchain-14.3.rel1-x86_64-arm-none-eabi/bin/../lib/gcc/arm-none-eabi/14.3.1/../../../../arm-none-eabi/lib/thumb/v8-m.main+fp/softfp/libg.a(libc_a-malloc.o)
                              CMakeFiles/pico_6mic_soundcard.dir/pico-sdk/src/rp2_common/pico_malloc/malloc.c.o (malloc)
/opt/arm/arm-gnu-toolchain-14.3.rel1-x86_64-arm-none-eabi/bin/../lib/gcc/arm-none-eabi/14.3.1/../../../../arm-none-eabi/lib/thumb/v8-m.main+fp/softfp/libg.a(libc_a-mallocr.o)
                              /opt/arm/arm-gnu-toolchain-14.3.rel1-x86_64-arm-none-eabi/bin/../lib/gcc/arm-none-eabi/14.3.1/../../../../arm-none-eabi/lib/thumb/v8-m.main+fp/softfp/libg.a(libc_a-callocr.o) (_malloc_r)
/opt/arm/arm-gnu-toolchain-14.3.rel1-x86_64-arm-none-eabi/bin/../lib/gcc/arm-none-eabi/14.3.1/../../../../arm-none-eabi/lib/thumb/v8-m.main+fp/softfp/libg.a(libc_a-mlock.o)
                              /opt/arm/arm-gnu-toolchain-14.3.rel1-x86_64-arm-none-eabi/bin/../lib/gcc/arm-none-eabi/14.3.1/../../../../arm-none-eabi/lib/thumb/v8-m.main+fp/softfp/libg.a(libc_a-mallocr.o) (__malloc_lock)
/opt/arm/arm-gnu-toolchain-14.3.rel1-x86_64-arm-none-eabi/bin/../lib/gcc/arm-none-eabi/14.3.1/../../../../arm-none-eabi/lib/thumb/v8-m.main+fp/softfp/libg.a(libc_a-realloc.o)
                              CMakeFiles/pico_6mic_soundcard.dir/pico-sdk/src/rp2_common/pico_malloc/malloc.c.o (realloc)
/opt/arm/arm-gnu-toolchain-14.3.rel1-x86_64-arm-none-eabi/bin/../lib/gcc/arm-none-eabi/14.3.1/../../../../arm-none-eabi/lib/thumb/v8-m.main+fp/softfp/libg.a(libc_a-reallocr.o)
                              /opt/arm/arm-gnu-toolchain-14.3.rel1-x86_64-arm-none-eabi/bin/../lib/gcc/arm-none-eabi/14.3.1/../../../../arm-none-eabi/lib/thumb/v8-m.main+fp/softfp/libg.a(libc_a-realloc.o) (_realloc_r)
/opt/arm/arm-gnu-toolchain-14.3.rel1-x86_64-arm-none-eabi/bin/../lib/gcc/arm-none-eabi/14.3.1/../../../../arm-none-eabi/lib/thumb/v8-m.main+fp/softfp/libg.a(libc_a-memcmp.o)
[...]
Memory Configuration

Name             Origin             Length             Attributes
FLASH            0x10000000         0x00400000         xr
RAM              0x20000000         0x00080000         xrw
SCRATCH_X        0x20080000         0x00001000         xrw
SCRATCH_Y        0x20081000         0x00001000         xrw
*default*        0x00000000         0xffffffff

Linker script and memory map

LOAD /opt/arm/arm-gnu-toolchain-14.3.rel1-x86_64-arm-none-eabi/bin/../lib/gcc/arm-none-eabi/14.3.1/thumb/v8-m.main+fp/softfp/crti.o
LOAD /opt/arm/arm-gnu-toolchain-14.3.rel1-x86_64-arm-none-eabi/bin/../lib/gcc/arm-none-eabi/14.3.1/thumb/v8-m.main+fp/softfp/crtbegin.o
LOAD /opt/arm/arm-gnu-toolchain-14.3.rel1-x86_64-arm-none-eabi/bin/../lib/gcc/arm-none-eabi/14.3.1/../../../../arm-none-eabi/lib/thumb/v8-m.main+fp/softfp/crt0.o

.flash_begin    0x10000000        0x0
                0x10000000                        __flash_binary_start = .

.text           0x10000000     0x3940
                0x10000000                        __logical_binary_start = .
 *(.vectors)
 .vectors       0x10000000      0x124 CMakeFiles/pico_6mic_soundcard.dir/pico-sdk/src/rp2_common/pico_crt0/crt0.S.o
                0x10000000                __vectors
                0x10000000                __VECTOR_TABLE
                0x10000110                isr_securefault
                0x10000110                isr_irq30
                0x10000110                __unhandled_user_irq
                0x10000110                isr_irq49
                0x10000110                isr_irq13
                0x10000110                isr_irq43
                0x10000110                isr_irq45
                0x10000110                isr_irq27
                0x10000110                isr_irq32
                0x10000110                isr_irq31
                0x10000110                isr_irq5
                0x10000110                isr_irq11
                0x10000110                isr_irq23
                0x10000110                isr_usagefault
                0x10000110                isr_irq48
                0x10000110                isr_irq35
                0x10000110                isr_irq18
                0x10000110                isr_irq50
                0x10000110                isr_irq40
                0x10000110                isr_irq28
                0x10000110                isr_irq19
                0x10000110                isr_irq36
                0x10000110                isr_irq41
                0x10000110                isr_irq0
                0x10000110                isr_irq6
                0x10000110                isr_memmanage
                0x10000110                isr_irq37
                0x10000110                isr_irq42
                0x10000110                isr_irq22
                0x10000110                isr_irq17
                0x10000110                isr_irq38
                0x10000110                isr_irq14
                0x10000110                __vectors_end
                0x10000110                __default_isrs_start
                0x10000110                isr_irq2
                0x10000110                isr_irq10
                0x10000110                isr_irq8
                0x10000110                isr_debugmonitor
                0x10000110                isr_irq24
                0x10000110                isr_irq46
                0x10000110                isr_irq1
                0x10000110                isr_irq47
                0x10000110                isr_irq51
                0x10000110                isr_irq7
                0x10000110                isr_irq21
                0x10000110                isr_irq39
                0x10000110                isr_irq20
                0x10000110                isr_irq15
                0x10000110                isr_irq25
                0x10000110                isr_irq34
                0x10000110                isr_irq4
                0x10000110                isr_busfault
                0x10000110                isr_irq16
                0x10000110                isr_irq44
                0x10000110                isr_irq29
                0x10000110                isr_irq26
                0x10000110                isr_irq33
                0x10000110                isr_irq3
                0x10000110                isr_irq12
                0x10000110                isr_irq9
                0x10000116                unhandled_user_irq_num_in_r0
                0x10000118                isr_invalid
                0x1000011a                isr_nmi
                0x1000011c                isr_hardfault
                0x1000011e                isr_svcall
                0x10000120                isr_pendsv
                0x10000122                isr_systick
                0x10000124                __default_isrs_end
 *(.binary_info_header)
 .binary_info_header
                0x10000124       0x14 CMakeFiles/pico_6mic_soundcard.dir/pico-sdk/src/rp2_common/pico_crt0/crt0.S.o
                0x10000138                        __binary_info_header_end = .
 *(.embedded_block)
 .embedded_block
                0x10000138       0x14 CMakeFiles/pico_6mic_soundcard.dir/pico-sdk/src/rp2_common/pico_crt0/crt0.S.o
                0x1000014c                        __embedded_block_end = .
 *(.reset)
 .reset         0x1000014c       0x98 CMakeFiles/pico_6mic_soundcard.dir/pico-sdk/src/rp2_common/pico_crt0/crt0.S.o
                0x1000014c                _entry_point
 *(.init)
 .init          0x100001e4        0x4 /opt/arm/arm-gnu-toolchain-14.3.rel1-x86_64-arm-none-eabi/bin/../lib/gcc/arm-none-eabi/14.3.1/thumb/v8-m.main+fp/softfp/crti.o
                0x100001e4                _init
 *libgcc.a:cmse_nonsecure_call.o()
 *(EXCLUDE_FILE(*libm.a: *libc.a:*lib_a-mem*.o *libgcc.a:) .text*)
 .text.register_tm_clones
                0x100001e8       0x28 /opt/arm/arm-gnu-toolchain-14.3.rel1-x86_64-arm-none-eabi/bin/../lib/gcc/arm-none-eabi/14.3.1/thumb/v8-m.main+fp/softfp/crtbegin.o
 .text.frame_dummy
                0x10000210       0x24 /opt/arm/arm-gnu-toolchain-14.3.rel1-x86_64-arm-none-eabi/bin/../lib/gcc/arm-none-eabi/14.3.1/thumb/v8-m.main+fp/softfp/crtbegin.o
 .text.dma_handler
                0x10000234       0x2c CMakeFiles/pico_6mic_soundcard.dir/main.c.o
 .text.tud_audio_tx_done_pre_load_cb
                0x10000260       0x3c CMakeFiles/pico_6mic_soundcard.dir/main.c.o
                0x10000260                tud_audio_tx_done_pre_load_cb
 .text.startup.main
                0x1000029c      0x1f4 CMakeFiles/pico_6mic_soundcard.dir/main.c.o
                0x1000029c                main
 .text.tud_descriptor_device_cb
                0x10000490        0x8 CMakeFiles/pico_6mic_soundcard.dir/usb_descriptors.c.o
                0x10000490                tud_descriptor_device_cb
 .text.tud_descriptor_configuration_cb
                0x10000498       0x20 CMakeFiles/pico_6mic_soundcard.dir/usb_descriptors.c.o
                0x10000498                tud_descriptor_configuration_cb
 .text.tud_descriptor_string_cb
                0x100004b8       0x68 CMakeFiles/pico_6mic_soundcard.dir/usb_descriptors.c.o
                0x100004b8                tud_descriptor_string_cb
 .text.gpio_set_function
                0x10000520       0x3c CMakeFiles/pico_6mic_soundcard.dir/pico-sdk/src/rp2_common/hardware_gpio/gpio.c.o
                0x10000520                gpio_set_function
 .text.gpio_init
                0x1000055c       0x48 CMakeFiles/pico_6mic_soundcard.dir/pico-sdk/src/rp2_common/hardware_gpio/gpio.c.o
                0x1000055c                gpio_init
 .text.panic    0x100005a4       0x30 CMakeFiles/pico_6mic_soundcard.dir/pico-sdk/src/rp2_common/pico_platform_panic/panic.c.o
                0x100005a4                panic
 .text.hw_claim_lock
                0x100005d4       0x24 CMakeFiles/pico_6mic_soundcard.dir/pico-sdk/src/common/hardware_claim/claim.c.o
                0x100005d4                hw_claim_lock
 .text.hw_claim_unlock
                0x100005f8       0x14 CMakeFiles/pico_6mic_soundcard.dir/pico-sdk/src/common/hardware_claim/claim.c.o
                0x100005f8                hw_claim_unlock
 .text.hw_claim_or_assert
                0x1000060c       0x58 CMakeFiles/pico_6mic_soundcard.dir/pico-sdk/src/common/hardware_claim/claim.c.o
                0x1000060c                hw_claim_or_assert
 .text.hw_claim_unused_from_range
                0x10000664       0x80 CMakeFiles/pico_6mic_soundcard.dir/pico-sdk/src/common/hardware_claim/claim.c.o
                0x10000664                hw_claim_unused_from_range
 .text.next_striped_spin_lock_num
                0x100006e4       0x18 CMakeFiles/pico_6mic_soundcard.dir/pico-sdk/src/rp2_common/hardware_sync/sync.c.o
                0x100006e4                next_striped_spin_lock_num
 .text.spin_lock_claim_unused
                0x100006fc       0x20 CMakeFiles/pico_6mic_soundcard.dir/pico-sdk/src/rp2_common/hardware_sync/sync.c.o
                0x100006fc                spin_lock_claim_unused
 .text.spinlock_set_extexclall
                0x1000071c       0x10 CMakeFiles/pico_6mic_soundcard.dir/pico-sdk/src/rp2_common/hardware_sync_spin_lock/sync_spin_lock.c.o
 .text.spin_locks_reset
                0x1000072c       0x18 CMakeFiles/pico_6mic_soundcard.dir/pico-sdk/src/rp2_common/hardware_sync_spin_lock/sync_spin_lock.c.o
                0x1000072c                spin_locks_reset
 .text.runtime_init_per_core_irq_priorities
                0x10000744       0x40 CMakeFiles/pico_6mic_soundcard.dir/pico-sdk/src/rp2_common/hardware_irq/irq.c.o
                0x10000744                runtime_init_per_core_irq_priorities
 .text.irq_set_enabled
                0x10000784       0x2c CMakeFiles/pico_6mic_soundcard.dir/pico-sdk/src/rp2_common/hardware_irq/irq.c.o
                0x10000784                irq_set_enabled
 .text.irq_set_exclusive_handler
                0x100007b0       0x60 CMakeFiles/pico_6mic_soundcard.dir/pico-sdk/src/rp2_common/hardware_irq/irq.c.o
                0x100007b0                irq_set_exclusive_handler
 .text.irq_add_shared_handler
                0x10000810      0x1e8 CMakeFiles/pico_6mic_soundcard.dir/pico-sdk/src/rp2_common/hardware_irq/irq.c.o
                0x10000810                irq_add_shared_handler
 .text.irq_add_tail_to_free_list
                0x100009f8       0xbc CMakeFiles/pico_6mic_soundcard.dir/pico-sdk/src/rp2_common/hardware_irq/irq.c.o
                0x100009f8                irq_add_tail_to_free_list
 .text.lock_init
                0x10000ab4        0xc CMakeFiles/pico_6mic_soundcard.dir/pico-sdk/src/common/pico_sync/lock_core.c.o
                0x10000ab4                lock_init
 .text.runtime_init_mutex
                0x10000ac0       0x4c CMakeFiles/pico_6mic_soundcard.dir/pico-sdk/src/common/pico_sync/mutex.c.o
                0x10000ac0                runtime_init_mutex
 .text.mutex_init
                0x10000b0c       0x1c CMakeFiles/pico_6mic_soundcard.dir/pico-sdk/src/common/pico_sync/mutex.c.o
                0x10000b0c                mutex_init
 .text.critical_section_init
                0x10000b28       0x1c CMakeFiles/pico_6mic_soundcard.dir/pico-sdk/src/common/pico_sync/critical_section.c.o
                0x10000b28                critical_section_init
 .text.sleep_until_callback
                0x10000b44       0x3c CMakeFiles/pico_6mic_soundcard.dir/pico-sdk/src/common/pico_time/time.c.o
 .text.alarm_pool_irq_handler
                0x10000b80      0x2fc CMakeFiles/pico_6mic_soundcard.dir/pico-sdk/src/common/pico_time/time.c.o
 .text.runtime_init_default_alarm_pool
                0x10000e7c      0x100 CMakeFiles/pico_6mic_soundcard.dir/pico-sdk/src/common/pico_time/time.c.o
                0x10000e7c                runtime_init_default_alarm_pool
 .text.alarm_pool_add_alarm_at_force_in_context
                0x10000f7c       0xc8 CMakeFiles/pico_6mic_soundcard.dir/pico-sdk/src/common/pico_time/time.c.o
                0x10000f7c                alarm_pool_add_alarm_at_force_in_context
 .text.alarm_pool_cancel_alarm
                0x10001044       0x80 CMakeFiles/pico_6mic_soundcard.dir/pico-sdk/src/common/pico_time/time.c.o
                0x10001044                alarm_pool_cancel_alarm
 .text.best_effort_wfe_or_timeout
                0x100010c4       0xd4 CMakeFiles/pico_6mic_soundcard.dir/pico-sdk/src/common/pico_time/time.c.o
                0x100010c4                best_effort_wfe_or_timeout
 .text.timer_hardware_alarm_claim
                0x10001198       0x24 CMakeFiles/pico_6mic_soundcard.dir/pico-sdk/src/rp2_common/hardware_timer/timer.c.o
                0x10001198                timer_hardware_alarm_claim
 .text.timer_time_us_64
                0x100011bc       0x10 CMakeFiles/pico_6mic_soundcard.dir/pico-sdk/src/rp2_common/hardware_timer/timer.c.o
                0x100011bc                timer_time_us_64
 .text.time_us_64
                0x100011cc       0x14 CMakeFiles/pico_6mic_soundcard.dir/pico-sdk/src/rp2_common/hardware_timer/timer.c.o
                0x100011cc                time_us_64
 .text.clock_configure_undivided
                0x100011e0       0xd0 CMakeFiles/pico_6mic_soundcard.dir/pico-sdk/src/rp2_common/hardware_clocks/clocks.c.o
                0x100011e0                clock_configure_undivided
 .text.clock_get_hz
                0x100012b0        0xc CMakeFiles/pico_6mic_soundcard.dir/pico-sdk/src/rp2_common/hardware_clocks/clocks.c.o
                0x100012b0                clock_get_hz
 .text.pll_init
                0x100012bc       0x8c CMakeFiles/pico_6mic_soundcard.dir/pico-sdk/src/rp2_common/hardware_pll/pll.c.o
                0x100012bc                pll_init
 .text.tick_start
                0x10001348       0x18 CMakeFiles/pico_6mic_soundcard.dir/pico-sdk/src/rp2_common/hardware_ticks/ticks.c.o
                0x10001348                tick_start
 .text.rom_func_lookup
                0x10001360       0x18 CMakeFiles/pico_6mic_soundcard.dir/pico-sdk/src/rp2_common/pico_bootrom/bootrom.c.o
                0x10001360                rom_func_lookup
 .text.runtime_init_bootrom_locking_enable
                0x10001378       0x14 CMakeFiles/pico_6mic_soundcard.dir/pico-sdk/src/rp2_common/pico_bootrom/bootrom_lock.c.o
                0x10001378                runtime_init_bootrom_locking_enable
 .text.runtime_init_boot_locks_reset
                0x1000138c       0x1c CMakeFiles/pico_6mic_soundcard.dir/pico-sdk/src/rp2_common/hardware_boot_lock/boot_lock.c.o
                0x1000138c                runtime_init_boot_locks_reset
 .text.xosc_init
                0x100013a8       0x30 CMakeFiles/pico_6mic_soundcard.dir/pico-sdk/src/rp2_common/hardware_xosc/xosc.c.o
                0x100013a8                xosc_init
 .text.first_per_core_initializer
                0x100013d8        0x4 CMakeFiles/pico_6mic_soundcard.dir/pico-sdk/src/rp2_common/pico_runtime/runtime.c.o
 .text.hard_assertion_failure
                0x100013dc        0xc CMakeFiles/pico_6mic_soundcard.dir/pico-sdk/src/rp2_common/pico_runtime/runtime.c.o
                0x100013dc                hard_assertion_failure
 .text.runtime_run_initializers
                0x100013e8       0x20 CMakeFiles/pico_6mic_soundcard.dir/pico-sdk/src/rp2_common/pico_runtime/runtime.c.o
                0x100013e8                runtime_run_initializers
 .text.runtime_init_early_resets
                0x10001408       0x34 CMakeFiles/pico_6mic_soundcard.dir/pico-sdk/src/rp2_common/pico_runtime_init/runtime_init.c.o
                0x10001408                runtime_init_early_resets
 .text.runtime_init_usb_power_down
                0x1000143c       0x1c CMakeFiles/pico_6mic_soundcard.dir/pico-sdk/src/rp2_common/pico_runtime_init/runtime_init.c.o
                0x1000143c                runtime_init_usb_power_down
 .text.runtime_init_per_core_enable_coprocessors
                0x10001458       0x1c CMakeFiles/pico_6mic_soundcard.dir/pico-sdk/src/rp2_common/pico_runtime_init/runtime_init.c.o
                0x10001458                runtime_init_per_core_enable_coprocessors
 .text.runtime_init_post_clock_resets
                0x10001474       0x20 CMakeFiles/pico_6mic_soundcard.dir/pico-sdk/src/rp2_common/pico_runtime_init/runtime_init.c.o
                0x10001474                runtime_init_post_clock_resets
 .text.runtime_init_bootrom_reset
                0x10001494       0x14 CMakeFiles/pico_6mic_soundcard.dir/pico-sdk/src/rp2_common/pico_runtime_init/runtime_init.c.o
                0x10001494                runtime_init_bootrom_reset
 .text.runtime_init_per_core_bootrom_reset
                0x100014a8       0x14 CMakeFiles/pico_6mic_soundcard.dir/pico-sdk/src/rp2_common/pico_runtime_init/runtime_init.c.o
                0x100014a8                runtime_init_per_core_bootrom_reset
 .text.runtime_init_spin_locks_reset
                0x100014bc        0x4 CMakeFiles/pico_6mic_soundcard.dir/pico-sdk/src/rp2_common/pico_runtime_init/runtime_init.c.o
                0x100014bc                runtime_init_spin_locks_reset
 .text.runtime_init_install_ram_vector_table
                0x100014c0       0x68 CMakeFiles/pico_6mic_soundcard.dir/pico-sdk/src/rp2_common/pico_runtime_init/runtime_init.c.o
                0x100014c0                runtime_init_install_ram_vector_table
 .text.runtime_init_clocks
                0x10001528       0xdc CMakeFiles/pico_6mic_soundcard.dir/pico-sdk/src/rp2_common/pico_runtime_init/runtime_init_clocks.c.o
                0x10001528                runtime_init_clocks
 .text._out_char
                0x10001604        0x8 CMakeFiles/pico_6mic_soundcard.dir/pico-sdk/src/rp2_common/pico_printf/printf.c.o
 .text.weak_raw_vprintf
                0x1000160c       0x30 CMakeFiles/pico_6mic_soundcard.dir/pico-sdk/src/rp2_common/pico_printf/printf.c.o
                0x1000160c                weak_raw_vprintf
 .text._exit    0x1000163c        0x4 CMakeFiles/pico_6mic_soundcard.dir/pico-sdk/src/rp2_common/pico_clib_interface/newlib_interface.c.o
                0x1000163c                _exit
 .text.exit     0x10001640        0x8 CMakeFiles/pico_6mic_soundcard.dir/pico-sdk/src/rp2_common/pico_clib_interface/newlib_interface.c.o
                0x10001640                exit
 .text.runtime_init
                0x10001648       0x24 CMakeFiles/pico_6mic_soundcard.dir/pico-sdk/src/rp2_common/pico_clib_interface/newlib_interface.c.o
                0x10001648                runtime_init
 .text.stdio_out_chars_no_crlf
                0x1000166c        0x8 CMakeFiles/pico_6mic_soundcard.dir/pico-sdk/src/rp2_common/pico_stdio/stdio.c.o
 .text.stdio_out_chars_crlf
                0x10001674       0xb0 CMakeFiles/pico_6mic_soundcard.dir/pico-sdk/src/rp2_common/pico_stdio/stdio.c.o
 .text.stdio_put_string
                0x10001724       0xec CMakeFiles/pico_6mic_soundcard.dir/pico-sdk/src/rp2_common/pico_stdio/stdio.c.o
                0x10001724                stdio_put_string
 .text.stdio_init_all
                0x10001810        0x4 CMakeFiles/pico_6mic_soundcard.dir/pico-sdk/src/rp2_common/pico_stdio/stdio.c.o
                0x10001810                stdio_init_all
 .text.__wrap_putchar
                0x10001814       0x84 CMakeFiles/pico_6mic_soundcard.dir/pico-sdk/src/rp2_common/pico_stdio/stdio.c.o
                0x10001814                stdio_putchar
                0x10001814                __wrap_putchar
 .text.__wrap_puts
                0x10001898       0x3c CMakeFiles/pico_6mic_soundcard.dir/pico-sdk/src/rp2_common/pico_stdio/stdio.c.o
                0x10001898                __wrap_puts
                0x10001898                stdio_puts
 .text.pio_add_program
                0x100018d4      0x114 CMakeFiles/pico_6mic_soundcard.dir/pico-sdk/src/rp2_common/hardware_pio/pio.c.o
                0x100018d4                pio_add_program
 .text.pio_sm_set_consecutive_pindirs
                0x100019e8       0x8c CMakeFiles/pico_6mic_soundcard.dir/pico-sdk/src/rp2_common/hardware_pio/pio.c.o
                0x100019e8                pio_sm_set_consecutive_pindirs
 .text.pio_sm_init
                0x10001a74       0xa8 CMakeFiles/pico_6mic_soundcard.dir/pico-sdk/src/rp2_common/hardware_pio/pio.c.o
                0x10001a74                pio_sm_init
 .text.dcd_init
                0x10001b1c       0x8c CMakeFiles/pico_6mic_soundcard.dir/pico-sdk/lib/tinyusb/src/portable/raspberrypi/rp2040/dcd_rp2040.c.o
                0x10001b1c                dcd_init
 .text.dcd_int_enable
                0x10001ba8        0x8 CMakeFiles/pico_6mic_soundcard.dir/pico-sdk/lib/tinyusb/src/portable/raspberrypi/rp2040/dcd_rp2040.c.o
                0x10001ba8                dcd_int_enable
 .text.dcd_set_address
                0x10001bb0       0x10 CMakeFiles/pico_6mic_soundcard.dir/pico-sdk/lib/tinyusb/src/portable/raspberrypi/rp2040/dcd_rp2040.c.o
                0x10001bb0                dcd_set_address
 .text.dcd_sof_enable
                0x10001bc0       0x1c CMakeFiles/pico_6mic_soundcard.dir/pico-sdk/lib/tinyusb/src/portable/raspberrypi/rp2040/dcd_rp2040.c.o
                0x10001bc0                dcd_sof_enable
 .text.dcd_edpt0_status_complete
                0x10001bdc       0x1c CMakeFiles/pico_6mic_soundcard.dir/pico-sdk/lib/tinyusb/src/portable/raspberrypi/rp2040/dcd_rp2040.c.o
                0x10001bdc                dcd_edpt0_status_complete
 .text.dcd_edpt_iso_activate
                0x10001bf8       0x54 CMakeFiles/pico_6mic_soundcard.dir/pico-sdk/lib/tinyusb/src/portable/raspberrypi/rp2040/dcd_rp2040.c.o
                0x10001bf8                dcd_edpt_iso_activate
 .text.dcd_edpt_close_all
                0x10001c4c        0x4 CMakeFiles/pico_6mic_soundcard.dir/pico-sdk/lib/tinyusb/src/portable/raspberrypi/rp2040/dcd_rp2040.c.o
                0x10001c4c                dcd_edpt_close_all
 .text.dcd_edpt_xfer
                0x10001c50       0x28 CMakeFiles/pico_6mic_soundcard.dir/pico-sdk/lib/tinyusb/src/portable/raspberrypi/rp2040/dcd_rp2040.c.o
                0x10001c50                dcd_edpt_xfer
 .text.dcd_edpt_stall
                0x10001c78       0x30 CMakeFiles/pico_6mic_soundcard.dir/pico-sdk/lib/tinyusb/src/portable/raspberrypi/rp2040/dcd_rp2040.c.o
                0x10001c78                dcd_edpt_stall
 .text.dcd_edpt_clear_stall
                0x10001ca8       0x24 CMakeFiles/pico_6mic_soundcard.dir/pico-sdk/lib/tinyusb/src/portable/raspberrypi/rp2040/dcd_rp2040.c.o
                0x10001ca8                dcd_edpt_clear_stall
 .text.rp2040_usb_init
                0x10001ccc       0x40 CMakeFiles/pico_6mic_soundcard.dir/pico-sdk/lib/tinyusb/src/portable/raspberrypi/rp2040/rp2040_usb.c.o
                0x10001ccc                rp2040_usb_init
 .text.hw_endpoint_xfer_start
                0x10001d0c       0x40 CMakeFiles/pico_6mic_soundcard.dir/pico-sdk/lib/tinyusb/src/portable/raspberrypi/rp2040/rp2040_usb.c.o
                0x10001d0c                hw_endpoint_xfer_start
 .text.tud_vendor_control_xfer_cb
                0x10001d4c        0x4 CMakeFiles/pico_6mic_soundcard.dir/pico-sdk/lib/tinyusb/src/device/usbd.c.o
                0x10001d4c                tud_vendor_control_xfer_cb
 .text.configuration_reset
                0x10001d50       0x8c CMakeFiles/pico_6mic_soundcard.dir/pico-sdk/lib/tinyusb/src/device/usbd.c.o
 .text.tud_event_hook_cb
                0x10001ddc        0x4 CMakeFiles/pico_6mic_soundcard.dir/pico-sdk/lib/tinyusb/src/device/usbd.c.o
                0x10001ddc                tud_event_hook_cb
 .text.tud_sof_cb
                0x10001de0        0x4 CMakeFiles/pico_6mic_soundcard.dir/pico-sdk/lib/tinyusb/src/device/usbd.c.o
                0x10001de0                tud_sof_cb
 .text.tud_descriptor_bos_cb
                0x10001de4        0x4 CMakeFiles/pico_6mic_soundcard.dir/pico-sdk/lib/tinyusb/src/device/usbd.c.o
                0x10001de4                tud_descriptor_bos_cb
 .text.tud_descriptor_device_qualifier_cb
                0x10001de8        0x4 CMakeFiles/pico_6mic_soundcard.dir/pico-sdk/lib/tinyusb/src/device/usbd.c.o
                0x10001de8                tud_descriptor_device_qualifier_cb
 .text.tud_descriptor_other_speed_configuration_cb
                0x10001dec        0x4 CMakeFiles/pico_6mic_soundcard.dir/pico-sdk/lib/tinyusb/src/device/usbd.c.o
                0x10001dec                tud_descriptor_other_speed_configuration_cb
 .text.tud_mount_cb
                0x10001df0        0x4 CMakeFiles/pico_6mic_soundcard.dir/pico-sdk/lib/tinyusb/src/device/usbd.c.o
                0x10001df0                tud_mount_cb
 .text.tud_umount_cb
                0x10001df4        0x4 CMakeFiles/pico_6mic_soundcard.dir/pico-sdk/lib/tinyusb/src/device/usbd.c.o
                0x10001df4                tud_umount_cb
 .text.tud_suspend_cb
                0x10001df8        0x4 CMakeFiles/pico_6mic_soundcard.dir/pico-sdk/lib/tinyusb/src/device/usbd.c.o
                0x10001df8                tud_suspend_cb
 .text.tud_resume_cb
                0x10001dfc        0x4 CMakeFiles/pico_6mic_soundcard.dir/pico-sdk/lib/tinyusb/src/device/usbd.c.o
                0x10001dfc                tud_resume_cb
 .text.tud_speed_get
                0x10001e00        0xc CMakeFiles/pico_6mic_soundcard.dir/pico-sdk/lib/tinyusb/src/device/usbd.c.o
                0x10001e00                tud_speed_get
 .text.tud_rhport_init
                0x10001e0c       0xf4 CMakeFiles/pico_6mic_soundcard.dir/pico-sdk/lib/tinyusb/src/device/usbd.c.o
                0x10001e0c                tud_rhport_init
 .text.tud_task_ext
                0x10001f00      0x758 CMakeFiles/pico_6mic_soundcard.dir/pico-sdk/lib/tinyusb/src/device/usbd.c.o
                0x10001f00                tud_task_ext
 .text.usbd_edpt_xfer
                0x10002658       0x70 CMakeFiles/pico_6mic_soundcard.dir/pico-sdk/lib/tinyusb/src/device/usbd.c.o
                0x10002658                usbd_edpt_xfer
 .text.usbd_edpt_clear_stall
                0x100026c8       0x3c CMakeFiles/pico_6mic_soundcard.dir/pico-sdk/lib/tinyusb/src/device/usbd.c.o
                0x100026c8                usbd_edpt_clear_stall
 .text.usbd_edpt_iso_activate
                0x10002704       0x7c CMakeFiles/pico_6mic_soundcard.dir/pico-sdk/lib/tinyusb/src/device/usbd.c.o
                0x10002704                usbd_edpt_iso_activate
 .text.tud_control_status
                0x10002780       0x34 CMakeFiles/pico_6mic_soundcard.dir/pico-sdk/lib/tinyusb/src/device/usbd_control.c.o
                0x10002780                tud_control_status
 .text.tud_control_xfer
                0x100027b4       0xb0 CMakeFiles/pico_6mic_soundcard.dir/pico-sdk/lib/tinyusb/src/device/usbd_control.c.o
                0x100027b4                tud_control_xfer
 .text.usbd_control_reset
                0x10002864       0x14 CMakeFiles/pico_6mic_soundcard.dir/pico-sdk/lib/tinyusb/src/device/usbd_control.c.o
                0x10002864                usbd_control_reset
 .text.usbd_control_set_complete_callback
                0x10002878        0xc CMakeFiles/pico_6mic_soundcard.dir/pico-sdk/lib/tinyusb/src/device/usbd_control.c.o
                0x10002878                usbd_control_set_complete_callback
 .text.usbd_control_set_request
                0x10002884       0x1c CMakeFiles/pico_6mic_soundcard.dir/pico-sdk/lib/tinyusb/src/device/usbd_control.c.o
                0x10002884                usbd_control_set_request
 .text.usbd_control_xfer_cb
                0x100028a0      0x100 CMakeFiles/pico_6mic_soundcard.dir/pico-sdk/lib/tinyusb/src/device/usbd_control.c.o
                0x100028a0                usbd_control_xfer_cb
 .text.tud_audio_tx_done_post_load_cb
                0x100029a0        0x4 CMakeFiles/pico_6mic_soundcard.dir/pico-sdk/lib/tinyusb/src/class/audio/audio_device.c.o
                0x100029a0                tud_audio_tx_done_post_load_cb
 .text.audiod_tx_done_cb.constprop.0
                0x100029a4      0x148 CMakeFiles/pico_6mic_soundcard.dir/pico-sdk/lib/tinyusb/src/class/audio/audio_device.c.o
 .text.tud_audio_set_itf_cb
                0x10002aec        0x4 CMakeFiles/pico_6mic_soundcard.dir/pico-sdk/lib/tinyusb/src/class/audio/audio_device.c.o
                0x10002aec                tud_audio_set_itf_cb
 .text.tud_audio_set_itf_close_EP_cb
                0x10002af0        0x4 CMakeFiles/pico_6mic_soundcard.dir/pico-sdk/lib/tinyusb/src/class/audio/audio_device.c.o
                0x10002af0                tud_audio_set_itf_close_EP_cb
 .text.tud_audio_set_req_ep_cb
                0x10002af4        0x4 CMakeFiles/pico_6mic_soundcard.dir/pico-sdk/lib/tinyusb/src/class/audio/audio_device.c.o
                0x10002af4                tud_audio_set_req_ep_cb
 .text.tud_audio_set_req_itf_cb
                0x10002af8        0x4 CMakeFiles/pico_6mic_soundcard.dir/pico-sdk/lib/tinyusb/src/class/audio/audio_device.c.o
                0x10002af8                tud_audio_set_req_itf_cb
 .text.tud_audio_set_req_entity_cb
                0x10002afc        0x4 CMakeFiles/pico_6mic_soundcard.dir/pico-sdk/lib/tinyusb/src/class/audio/audio_device.c.o
                0x10002afc                tud_audio_set_req_entity_cb
 .text.tud_audio_get_req_ep_cb
                0x10002b00        0x4 CMakeFiles/pico_6mic_soundcard.dir/pico-sdk/lib/tinyusb/src/class/audio/audio_device.c.o
                0x10002b00                tud_audio_get_req_ep_cb
 .text.tud_audio_get_req_itf_cb
                0x10002b04        0x4 CMakeFiles/pico_6mic_soundcard.dir/pico-sdk/lib/tinyusb/src/class/audio/audio_device.c.o
                0x10002b04                tud_audio_get_req_itf_cb
 .text.tud_audio_get_req_entity_cb
                0x10002b08        0x4 CMakeFiles/pico_6mic_soundcard.dir/pico-sdk/lib/tinyusb/src/class/audio/audio_device.c.o
                0x10002b08                tud_audio_get_req_entity_cb
 .text.tud_audio_n_mounted
                0x10002b0c       0x10 CMakeFiles/pico_6mic_soundcard.dir/pico-sdk/lib/tinyusb/src/class/audio/audio_device.c.o
                0x10002b0c                tud_audio_n_mounted
 .text.tud_audio_n_write
                0x10002b1c       0x18 CMakeFiles/pico_6mic_soundcard.dir/pico-sdk/lib/tinyusb/src/class/audio/audio_device.c.o
                0x10002b1c                tud_audio_n_write
 .text.audiod_init
                0x10002b34       0x60 CMakeFiles/pico_6mic_soundcard.dir/pico-sdk/lib/tinyusb/src/class/audio/audio_device.c.o
                0x10002b34                audiod_init
 .text.audiod_deinit
                0x10002b94        0x4 CMakeFiles/pico_6mic_soundcard.dir/pico-sdk/lib/tinyusb/src/class/audio/audio_device.c.o
                0x10002b94                audiod_deinit
 .text.audiod_reset
                0x10002b98       0x20 CMakeFiles/pico_6mic_soundcard.dir/pico-sdk/lib/tinyusb/src/class/audio/audio_device.c.o
                0x10002b98                audiod_reset
 .text.audiod_open
                0x10002bb8       0x68 CMakeFiles/pico_6mic_soundcard.dir/pico-sdk/lib/tinyusb/src/class/audio/audio_device.c.o
                0x10002bb8                audiod_open
 .text.audiod_control_xfer_cb
                0x10002c20      0x51c CMakeFiles/pico_6mic_soundcard.dir/pico-sdk/lib/tinyusb/src/class/audio/audio_device.c.o
                0x10002c20                audiod_control_xfer_cb
 .text.audiod_xfer_cb
                0x1000313c       0x18 CMakeFiles/pico_6mic_soundcard.dir/pico-sdk/lib/tinyusb/src/class/audio/audio_device.c.o
                0x1000313c                audiod_xfer_cb
 .text.tusb_rhport_init
                0x10003154       0x64 CMakeFiles/pico_6mic_soundcard.dir/pico-sdk/lib/tinyusb/src/tusb.c.o
                0x10003154                tusb_rhport_init
 .text.tu_edpt_validate
                0x100031b8       0x60 CMakeFiles/pico_6mic_soundcard.dir/pico-sdk/lib/tinyusb/src/tusb.c.o
                0x100031b8                tu_edpt_validate
 .text.tu_edpt_bind_driver
                0x10003218       0x58 CMakeFiles/pico_6mic_soundcard.dir/pico-sdk/lib/tinyusb/src/tusb.c.o
                0x10003218                tu_edpt_bind_driver
 .text.tu_fifo_config
                0x10003270       0x60 CMakeFiles/pico_6mic_soundcard.dir/pico-sdk/lib/tinyusb/src/common/tusb_fifo.c.o
                0x10003270                tu_fifo_config
 .text.tu_fifo_count
                0x100032d0       0x20 CMakeFiles/pico_6mic_soundcard.dir/pico-sdk/lib/tinyusb/src/common/tusb_fifo.c.o
                0x100032d0                tu_fifo_count
 .text.tu_fifo_read
                0x100032f0       0x94 CMakeFiles/pico_6mic_soundcard.dir/pico-sdk/lib/tinyusb/src/common/tusb_fifo.c.o
                0x100032f0                tu_fifo_read
 .text.tu_fifo_read_n
                0x10003384       0xd8 CMakeFiles/pico_6mic_soundcard.dir/pico-sdk/lib/tinyusb/src/common/tusb_fifo.c.o
                0x10003384                tu_fifo_read_n
 .text.tu_fifo_write
                0x1000345c       0xa4 CMakeFiles/pico_6mic_soundcard.dir/pico-sdk/lib/tinyusb/src/common/tusb_fifo.c.o
                0x1000345c                tu_fifo_write
 .text.tu_fifo_write_n
                0x10003500      0x164 CMakeFiles/pico_6mic_soundcard.dir/pico-sdk/lib/tinyusb/src/common/tusb_fifo.c.o
                0x10003500                tu_fifo_write_n
 .text.tu_fifo_clear
                0x10003664       0x38 CMakeFiles/pico_6mic_soundcard.dir/pico-sdk/lib/tinyusb/src/common/tusb_fifo.c.o
                0x10003664                tu_fifo_clear
 .text.startup._retrieve_unique_id_on_boot
                0x1000369c       0x30 CMakeFiles/pico_6mic_soundcard.dir/pico-sdk/src/rp2_common/pico_unique_id/unique_id.c.o
 .text.memset   0x100036cc       0x9c /opt/arm/arm-gnu-toolchain-14.3.rel1-x86_64-arm-none-eabi/bin/../lib/gcc/arm-none-eabi/14.3.1/../../../../arm-none-eabi/lib/thumb/v8-m.main+fp/softfp/libg.a(libc_a-memset.o)
                0x100036cc                memset
 .text          0x10003768       0xec /opt/arm/arm-gnu-toolchain-14.3.rel1-x86_64-arm-none-eabi/bin/../lib/gcc/arm-none-eabi/14.3.1/../../../../arm-none-eabi/lib/thumb/v8-m.main+fp/softfp/libg.a(libc_a-memcpy.o)
                0x10003768                memcpy
 .text.strlen   0x10003854       0x5c /opt/arm/arm-gnu-toolchain-14.3.rel1-x86_64-arm-none-eabi/bin/../lib/gcc/arm-none-eabi/14.3.1/../../../../arm-none-eabi/lib/thumb/v8-m.main+fp/softfp/libg.a(libc_a-strlen-stub.o)
                0x10003854                strlen
 *(.fini)
 .fini          0x100038b0        0x4 /opt/arm/arm-gnu-toolchain-14.3.rel1-x86_64-arm-none-eabi/bin/../lib/gcc/arm-none-eabi/14.3.1/thumb/v8-m.main+fp/softfp/crti.o
                0x100038b0                _fini
 *fill*         0x100038b4        0x4 
 .fini.__stub   0x100038b8       0x40 linker stubs
 *crtbegin.o(.ctors)
 *crtbegin?.o(.ctors)
 *(EXCLUDE_FILE(*crtend.o *crtend?.o) .ctors)
 *(SORT_BY_NAME(.ctors.*))
 *(.ctors)
 *crtbegin.o(.dtors)
 *crtbegin?.o(.dtors)
 *(EXCLUDE_FILE(*crtend.o *crtend?.o) .dtors)
 *(SORT_BY_NAME(.dtors.*))
 *(.dtors)
                0x100038f8                        . = ALIGN (0x4)
                0x100038f8                        PROVIDE (__preinit_array_start = .)
 *(SORT_BY_NAME(.preinit_array.*))
 .preinit_array.00050
                0x100038f8        0x4 CMakeFiles/pico_6mic_soundcard.dir/pico-sdk/src/rp2_common/pico_runtime_init/runtime_init.c.o
                0x100038f8                __pre_init_runtime_init_bootrom_reset
 .preinit_array.00100
                0x100038fc        0x4 CMakeFiles/pico_6mic_soundcard.dir/pico-sdk/src/rp2_common/pico_runtime_init/runtime_init.c.o
                0x100038fc                __pre_init_runtime_init_early_resets
 .preinit_array.00101
                0x10003900        0x4 CMakeFiles/pico_6mic_soundcard.dir/pico-sdk/src/rp2_common/pico_runtime_init/runtime_init.c.o
                0x10003900                __pre_init_runtime_init_usb_power_down
 .preinit_array.00500
                0x10003904        0x4 CMakeFiles/pico_6mic_soundcard.dir/pico-sdk/src/rp2_common/pico_runtime_init/runtime_init.c.o
                0x10003904                __pre_init_runtime_init_clocks
 .preinit_array.00600
                0x10003908        0x4 CMakeFiles/pico_6mic_soundcard.dir/pico-sdk/src/rp2_common/pico_runtime_init/runtime_init.c.o
                0x10003908                __pre_init_runtime_init_post_clock_resets
 .preinit_array.01000
                0x1000390c        0x4 CMakeFiles/pico_6mic_soundcard.dir/pico-sdk/src/rp2_common/hardware_boot_lock/boot_lock.c.o
                0x1000390c                __pre_init_runtime_init_boot_locks_reset
 .preinit_array.01000
                0x10003910        0x4 CMakeFiles/pico_6mic_soundcard.dir/pico-sdk/src/rp2_common/pico_runtime_init/runtime_init.c.o
                0x10003910                __pre_init_runtime_init_spin_locks_reset
 .preinit_array.01010
                0x10003914        0x4 CMakeFiles/pico_6mic_soundcard.dir/pico-sdk/src/rp2_common/pico_bootrom/bootrom_lock.c.o
                0x10003914                __pre_init_runtime_init_bootrom_locking_enable
 .preinit_array.01100
                0x10003918        0x4 CMakeFiles/pico_6mic_soundcard.dir/pico-sdk/src/common/pico_sync/mutex.c.o
                0x10003918                __pre_init_runtime_init_mutex
 .preinit_array.10080
                0x1000391c        0x4 CMakeFiles/pico_6mic_soundcard.dir/pico-sdk/src/rp2_common/pico_runtime_init/runtime_init.c.o
                0x1000391c                __pre_init_runtime_init_install_ram_vector_table
 .preinit_array.11000
                0x10003920        0x4 CMakeFiles/pico_6mic_soundcard.dir/pico-sdk/src/common/pico_time/time.c.o
                0x10003920                __pre_init_runtime_init_default_alarm_pool
 .preinit_array.YYYYY
                0x10003924        0x4 CMakeFiles/pico_6mic_soundcard.dir/pico-sdk/src/rp2_common/pico_runtime/runtime.c.o
                0x10003924                __pre_init_first_per_core_initializer
 .preinit_array.ZZZZZ.00051
                0x10003928        0x4 CMakeFiles/pico_6mic_soundcard.dir/pico-sdk/src/rp2_common/pico_runtime_init/runtime_init.c.o
                0x10003928                __pre_init_runtime_init_per_core_bootrom_reset
 .preinit_array.ZZZZZ.00200
                0x1000392c        0x4 CMakeFiles/pico_6mic_soundcard.dir/pico-sdk/src/rp2_common/pico_runtime_init/runtime_init.c.o
                0x1000392c                __pre_init_runtime_init_per_core_enable_coprocessors
 .preinit_array.ZZZZZ.01000
                0x10003930        0x4 CMakeFiles/pico_6mic_soundcard.dir/pico-sdk/src/rp2_common/hardware_sync_spin_lock/sync_spin_lock.c.o
                0x10003930                __pre_init_spinlock_set_extexclall
 .preinit_array.ZZZZZ.01200
                0x10003934        0x4 CMakeFiles/pico_6mic_soundcard.dir/pico-sdk/src/rp2_common/hardware_irq/irq.c.o
                0x10003934                __pre_init_runtime_init_per_core_irq_priorities
 *(.preinit_array)
                0x10003938                        PROVIDE (__preinit_array_end = .)
                0x10003938                        . = ALIGN (0x4)
                0x10003938                        PROVIDE (__init_array_start = .)
 *(SORT_BY_NAME(.init_array.*))
 .init_array.01000
                0x10003938        0x4 CMakeFiles/pico_6mic_soundcard.dir/pico-sdk/src/rp2_common/pico_unique_id/unique_id.c.o
 *(.init_array)
 .init_array    0x1000393c        0x4 /opt/arm/arm-gnu-toolchain-14.3.rel1-x86_64-arm-none-eabi/bin/../lib/gcc/arm-none-eabi/14.3.1/thumb/v8-m.main+fp/softfp/crtbegin.o
                0x10003940                        PROVIDE (__init_array_end = .)
                0x10003940                        . = ALIGN (0x4)
                [!provide]                        PROVIDE (__fini_array_start = .)
 *(SORT_BY_NAME(.fini_array.*))
 *(.fini_array)
                [!provide]                        PROVIDE (__fini_array_end = .)
 *(.eh_frame*)
 .eh_frame      0x10003940        0x0 /opt/arm/arm-gnu-toolchain-14.3.rel1-x86_64-arm-none-eabi/bin/../lib/gcc/arm-none-eabi/14.3.1/thumb/v8-m.main+fp/softfp/crtbegin.o
                0x10003940                        . = ALIGN (0x4)

.glue_7         0x10003940        0x0
 .glue_7        0x10003940        0x0 linker stubs

.glue_7t        0x10003940        0x0
 .glue_7t       0x10003940        0x0 linker stubs

.vfp11_veneer   0x10003940        0x0
 .vfp11_veneer  0x10003940        0x0 linker stubs

.v4_bx          0x10003940        0x0
 .v4_bx         0x10003940        0x0 linker stubs

.iplt           0x10003940        0x0
 .iplt          0x10003940        0x0 /opt/arm/arm-gnu-toolchain-14.3.rel1-x86_64-arm-none-eabi/bin/../lib/gcc/arm-none-eabi/14.3.1/thumb/v8-m.main+fp/softfp/crtbegin.o

.boot2          0x10003940        0x0
                0x10003940                        __boot2_start__ = .
 *(.boot2)
                0x10003940                        __boot2_end__ = .
                0x00000001                        ASSERT (((__boot2_end__ - __boot2_start__) <= 0x100), ERROR: Pico second stage bootloader must be no more than 256 bytes in size)

.rodata         0x10003940      0x2a4
 *(EXCLUDE_FILE(*libm.a: *libc.a:*lib_a-mem*.o *libgcc.a:) .rodata*)
 .rodata.i2s_rx_program
                0x10003940        0x8 CMakeFiles/pico_6mic_soundcard.dir/main.c.o
 .rodata.i2s_rx_program_instructions
                0x10003948       0x18 CMakeFiles/pico_6mic_soundcard.dir/main.c.o
 .rodata.str1.4
                0x10003960      0x134 CMakeFiles/pico_6mic_soundcard.dir/usb_descriptors.c.o
                                 0x2b (size before relaxing)
 .rodata.string_desc
                0x10003a94       0x10 CMakeFiles/pico_6mic_soundcard.dir/usb_descriptors.c.o
 .rodata.__compound_literal.0
                0x10003aa4        0x2 CMakeFiles/pico_6mic_soundcard.dir/usb_descriptors.c.o
 *fill*         0x10003aa6        0x2 
 .rodata.desc_device
                0x10003aa8       0x12 CMakeFiles/pico_6mic_soundcard.dir/usb_descriptors.c.o
                0x10003aa8                desc_device
 *fill*         0x10003aba        0x2 
 .rodata        0x10003abc       0xa1 CMakeFiles/pico_6mic_soundcard.dir/usb_descriptors.c.o
 .rodata.panic.str1.4
                0x10003b5d       0x12 CMakeFiles/pico_6mic_soundcard.dir/pico-sdk/src/rp2_common/pico_platform_panic/panic.c.o
 .rodata.spin_lock_claim_unused.str1.4
                0x10003b5d       0x1b CMakeFiles/pico_6mic_soundcard.dir/pico-sdk/src/rp2_common/hardware_sync/sync.c.o
 .rodata.timer_hardware_alarm_claim.str1.4
                0x10003b5d       0x22 CMakeFiles/pico_6mic_soundcard.dir/pico-sdk/src/rp2_common/hardware_timer/timer.c.o
 .rodata.hard_assertion_failure.str1.4
                0x10003b5d        0xc CMakeFiles/pico_6mic_soundcard.dir/pico-sdk/src/rp2_common/pico_runtime/runtime.c.o
 .rodata.str1.4
                0x10003b5d       0x48 CMakeFiles/pico_6mic_soundcard.dir/pico-sdk/src/rp2_common/pico_standard_binary_info/standard_binary_info.c.o
 *fill*         0x10003b5d        0x3 
 .rodata.__bi_84
                0x10003b60        0xc CMakeFiles/pico_6mic_soundcard.dir/pico-sdk/src/rp2_common/pico_standard_binary_info/standard_binary_info.c.o
 .rodata.__bi_78
                0x10003b6c        0xc CMakeFiles/pico_6mic_soundcard.dir/pico-sdk/src/rp2_common/pico_standard_binary_info/standard_binary_info.c.o
 .rodata.__bi_54
                0x10003b78        0xc CMakeFiles/pico_6mic_soundcard.dir/pico-sdk/src/rp2_common/pico_standard_binary_info/standard_binary_info.c.o
 .rodata.__bi_48
                0x10003b84        0xc CMakeFiles/pico_6mic_soundcard.dir/pico-sdk/src/rp2_common/pico_standard_binary_info/standard_binary_info.c.o
 .rodata.__bi_42
                0x10003b90        0xc CMakeFiles/pico_6mic_soundcard.dir/pico-sdk/src/rp2_common/pico_standard_binary_info/standard_binary_info.c.o
 .rodata.__bi_34
                0x10003b9c        0xc CMakeFiles/pico_6mic_soundcard.dir/pico-sdk/src/rp2_common/pico_standard_binary_info/standard_binary_info.c.o
 .rodata.__bi_26
                0x10003ba8        0xc CMakeFiles/pico_6mic_soundcard.dir/pico-sdk/src/rp2_common/pico_standard_binary_info/standard_binary_info.c.o
 .rodata.crlf_str.0
                0x10003bb4        0x2 CMakeFiles/pico_6mic_soundcard.dir/pico-sdk/src/rp2_common/pico_stdio/stdio.c.o
 .rodata.str1.4
                0x10003bb6       0x14 CMakeFiles/pico_6mic_soundcard.dir/pico-sdk/lib/tinyusb/src/portable/raspberrypi/rp2040/dcd_rp2040.c.o
 .rodata.str1.4
                0x10003bb6       0x48 CMakeFiles/pico_6mic_soundcard.dir/pico-sdk/lib/tinyusb/src/portable/raspberrypi/rp2040/rp2040_usb.c.o
 *fill*         0x10003bb6        0x2 
 .rodata._usbd_driver
                0x10003bb8       0x20 CMakeFiles/pico_6mic_soundcard.dir/pico-sdk/lib/tinyusb/src/device/usbd.c.o
 .rodata.str1.4
                0x10003bd8        0x4 CMakeFiles/pico_6mic_soundcard.dir/pico-sdk/lib/tinyusb/hw/bsp/rp2040/family.c.o
 .rodata.__bi_153.0
                0x10003bd8        0xc CMakeFiles/pico_6mic_soundcard.dir/pico-sdk/lib/tinyusb/hw/bsp/rp2040/family.c.o
 *(.srodata*)
                0x10003be4                        . = ALIGN (0x4)
 *(SORT_BY_ALIGNMENT(SORT_BY_NAME(.flashdata*)))
                0x10003be4                        . = ALIGN (0x4)

.ARM.extab
 *(.ARM.extab* .gnu.linkonce.armextab.*)
                0x10003be4                        __exidx_start = .

.ARM.exidx      0x10003be4        0x8
 *(.ARM.exidx* .gnu.linkonce.armexidx.*)
 .ARM.exidx     0x10003be4        0x8 /opt/arm/arm-gnu-toolchain-14.3.rel1-x86_64-arm-none-eabi/bin/../lib/gcc/arm-none-eabi/14.3.1/../../../../arm-none-eabi/lib/thumb/v8-m.main+fp/softfp/libg.a(libc_a-memcpy.o)
                0x10003bec                        __exidx_end = .
                0x10003bec                        . = ALIGN (0x4)
                0x10003bec                        __binary_info_start = .

.binary_info    0x10003bec       0x20
 *(.binary_info.keep.*)
 .binary_info.keep.__bi_ptr84
                0x10003bec        0x4 CMakeFiles/pico_6mic_soundcard.dir/pico-sdk/src/rp2_common/pico_standard_binary_info/standard_binary_info.c.o
 .binary_info.keep.__bi_ptr78
                0x10003bf0        0x4 CMakeFiles/pico_6mic_soundcard.dir/pico-sdk/src/rp2_common/pico_standard_binary_info/standard_binary_info.c.o
 .binary_info.keep.__bi_ptr54
                0x10003bf4        0x4 CMakeFiles/pico_6mic_soundcard.dir/pico-sdk/src/rp2_common/pico_standard_binary_info/standard_binary_info.c.o
 .binary_info.keep.__bi_ptr48
                0x10003bf8        0x4 CMakeFiles/pico_6mic_soundcard.dir/pico-sdk/src/rp2_common/pico_standard_binary_info/standard_binary_info.c.o
 .binary_info.keep.__bi_ptr42
                0x10003bfc        0x4 CMakeFiles/pico_6mic_soundcard.dir/pico-sdk/src/rp2_common/pico_standard_binary_info/standard_binary_info.c.o
 .binary_info.keep.__bi_ptr34
                0x10003c00        0x4 CMakeFiles/pico_6mic_soundcard.dir/pico-sdk/src/rp2_common/pico_standard_binary_info/standard_binary_info.c.o
 .binary_info.keep.__bi_ptr26
                0x10003c04        0x4 CMakeFiles/pico_6mic_soundcard.dir/pico-sdk/src/rp2_common/pico_standard_binary_info/standard_binary_info.c.o
 .binary_info.keep.__bi_ptr153
                0x10003c08        0x4 CMakeFiles/pico_6mic_soundcard.dir/pico-sdk/lib/tinyusb/hw/bsp/rp2040/family.c.o
 *(.binary_info.*)
                0x10003c0c                        __binary_info_end = .
                0x10003c0c                        . = ALIGN (0x4)

.ram_vector_table
                0x20000000      0x110
 *(.ram_vector_table)
 .ram_vector_table
                0x20000000      0x110 CMakeFiles/pico_6mic_soundcard.dir/pico-sdk/src/rp2_common/pico_runtime_init/runtime_init.c.o
                0x20000000                ram_vector_table

.uninitialized_data
                0x20000110        0x0
                0x20000110                        . = ALIGN (0x4)
 *(.uninitialized_data*)

.data           0x20000110      0xd24 load address 0x10003c0c
                0x20000110                        __data_start__ = .
 *(vtable)
 *(.time_critical*)
 .time_critical.mutex_enter_block_until
                0x20000110       0x6c CMakeFiles/pico_6mic_soundcard.dir/pico-sdk/src/common/pico_sync/mutex.c.o
                0x20000110                mutex_enter_block_until
 .time_critical.mutex_try_enter_block_until
                0x2000017c       0x68 CMakeFiles/pico_6mic_soundcard.dir/pico-sdk/src/common/pico_sync/mutex.c.o
                0x2000017c                mutex_try_enter_block_until
 .time_critical.mutex_enter_timeout_ms
                0x200001e4       0x38 CMakeFiles/pico_6mic_soundcard.dir/pico-sdk/src/common/pico_sync/mutex.c.o
                0x200001e4                mutex_enter_timeout_ms
 .time_critical.mutex_exit
                0x2000021c       0x3c CMakeFiles/pico_6mic_soundcard.dir/pico-sdk/src/common/pico_sync/mutex.c.o
                0x2000021c                mutex_exit
 .time_critical.reset_non_control_endpoints
                0x20000258       0x64 CMakeFiles/pico_6mic_soundcard.dir/pico-sdk/lib/tinyusb/src/portable/raspberrypi/rp2040/dcd_rp2040.c.o
 .time_critical.hw_handle_buff_status
                0x200002bc       0x90 CMakeFiles/pico_6mic_soundcard.dir/pico-sdk/lib/tinyusb/src/portable/raspberrypi/rp2040/dcd_rp2040.c.o
 .time_critical.dcd_rp2040_irq
                0x2000034c      0x530 CMakeFiles/pico_6mic_soundcard.dir/pico-sdk/lib/tinyusb/src/portable/raspberrypi/rp2040/dcd_rp2040.c.o
 .time_critical.prepare_ep_buffer
                0x2000087c       0xbc CMakeFiles/pico_6mic_soundcard.dir/pico-sdk/lib/tinyusb/src/portable/raspberrypi/rp2040/rp2040_usb.c.o
 .time_critical.sync_ep_buffer
                0x20000938       0xb4 CMakeFiles/pico_6mic_soundcard.dir/pico-sdk/lib/tinyusb/src/portable/raspberrypi/rp2040/rp2040_usb.c.o
 .time_critical._hw_endpoint_xfer_sync
                0x200009ec       0x2c CMakeFiles/pico_6mic_soundcard.dir/pico-sdk/lib/tinyusb/src/portable/raspberrypi/rp2040/rp2040_usb.c.o
 .time_critical.e15_is_bulkin_ep
                0x20000a18       0x28 CMakeFiles/pico_6mic_soundcard.dir/pico-sdk/lib/tinyusb/src/portable/raspberrypi/rp2040/rp2040_usb.c.o
 .time_critical.e15_is_critical_frame_period
                0x20000a40       0x28 CMakeFiles/pico_6mic_soundcard.dir/pico-sdk/lib/tinyusb/src/portable/raspberrypi/rp2040/rp2040_usb.c.o
 .time_critical.hw_endpoint_reset_transfer
                0x20000a68        0xc CMakeFiles/pico_6mic_soundcard.dir/pico-sdk/lib/tinyusb/src/portable/raspberrypi/rp2040/rp2040_usb.c.o
                0x20000a68                hw_endpoint_reset_transfer
 .time_critical._hw_endpoint_buffer_control_update32
                0x20000a74       0x44 CMakeFiles/pico_6mic_soundcard.dir/pico-sdk/lib/tinyusb/src/portable/raspberrypi/rp2040/rp2040_usb.c.o
                0x20000a74                _hw_endpoint_buffer_control_update32
 .time_critical.hw_endpoint_start_next_buffer
                0x20000ab8       0x64 CMakeFiles/pico_6mic_soundcard.dir/pico-sdk/lib/tinyusb/src/portable/raspberrypi/rp2040/rp2040_usb.c.o
                0x20000ab8                hw_endpoint_start_next_buffer
 .time_critical.hw_endpoint_xfer_continue
                0x20000b1c       0x3c CMakeFiles/pico_6mic_soundcard.dir/pico-sdk/lib/tinyusb/src/portable/raspberrypi/rp2040/rp2040_usb.c.o
                0x20000b1c                hw_endpoint_xfer_continue
 .time_critical.tinyusb
                0x20000b58      0x218 CMakeFiles/pico_6mic_soundcard.dir/pico-sdk/lib/tinyusb/src/device/usbd.c.o
                0x20000b58                dcd_event_handler
 .time_critical.tinyusb
                0x20000d70        0x4 CMakeFiles/pico_6mic_soundcard.dir/pico-sdk/lib/tinyusb/src/class/audio/audio_device.c.o
                0x20000d70                audiod_sof_isr
 *fill*         0x20000d74        0x4 
 .time_critical.tinyusb.__stub
                0x20000d78       0x30 linker stubs
 *(.text*)
                0x20000da8                        . = ALIGN (0x4)
 *(.rodata*)
                0x20000da8                        . = ALIGN (0x4)
 *(.data*)
 .data.striped_spin_lock_num
                0x20000da8        0x1 CMakeFiles/pico_6mic_soundcard.dir/pico-sdk/src/rp2_common/hardware_sync/sync.c.o
 *fill*         0x20000da9        0x3 
 .data          0x20000dac       0x48 CMakeFiles/pico_6mic_soundcard.dir/pico-sdk/src/rp2_common/hardware_irq/irq_handler_chain.S.o
                0x20000dac                irq_handler_chain_slots
                0x20000ddc                irq_handler_chain_first_slot
                0x20000de6                irq_handler_chain_remove_tail
 .data.default_alarm_pool
                0x20000df4       0x18 CMakeFiles/pico_6mic_soundcard.dir/pico-sdk/src/common/pico_time/time.c.o
 .data._usbd_qdef
                0x20000e0c       0x1c CMakeFiles/pico_6mic_soundcard.dir/pico-sdk/lib/tinyusb/src/device/usbd.c.o
                0x20000e0c                _usbd_qdef
 .data._usbd_rhport
                0x20000e28        0x1 CMakeFiles/pico_6mic_soundcard.dir/pico-sdk/lib/tinyusb/src/device/usbd.c.o
 *(.sdata*)
                0x20000e2c                        . = ALIGN (0x4)
 *fill*         0x20000e29        0x3 
 *(.after_data.*)
                0x20000e2c                        . = ALIGN (0x4)
                0x20000e2c                        PROVIDE (__mutex_array_start = .)
 *(SORT_BY_NAME(.mutex_array.*))
 *(.mutex_array)
 .mutex_array   0x20000e2c        0x8 CMakeFiles/pico_6mic_soundcard.dir/pico-sdk/src/rp2_common/pico_stdio/stdio.c.o
                0x20000e34                        PROVIDE (__mutex_array_end = .)
 *(.jcr)
                0x20000e34                        . = ALIGN (0x4)

.tm_clone_table
                0x20000e34        0x0 load address 0x10004930
 .tm_clone_table
                0x20000e34        0x0 /opt/arm/arm-gnu-toolchain-14.3.rel1-x86_64-arm-none-eabi/bin/../lib/gcc/arm-none-eabi/14.3.1/thumb/v8-m.main+fp/softfp/crtbegin.o
 .tm_clone_table
                0x20000e34        0x0 /opt/arm/arm-gnu-toolchain-14.3.rel1-x86_64-arm-none-eabi/bin/../lib/gcc/arm-none-eabi/14.3.1/thumb/v8-m.main+fp/softfp/crtend.o

.igot.plt       0x20000e34        0x0 load address 0x10004930
 .igot.plt      0x20000e34        0x0 /opt/arm/arm-gnu-toolchain-14.3.rel1-x86_64-arm-none-eabi/bin/../lib/gcc/arm-none-eabi/14.3.1/thumb/v8-m.main+fp/softfp/crtbegin.o

.tdata          0x20000e34        0x0 load address 0x10004930
                0x20000e34                        . = ALIGN (0x4)
 *(.tdata .tdata.* .gnu.linkonce.td.*)
                0x20000e34                        __tdata_end = .
                0x20000e34                        PROVIDE (__data_end__ = .)
                0x10003c0c                        __etext = LOADADDR (.data)

.tbss           0x20000e34        0x0 load address 0x10004930
                0x20000e34                        . = ALIGN (0x4)
                0x20000e34                        __bss_start__ = .
                0x20000e34                        __tls_base = .
 *(.tbss .tbss.* .gnu.linkonce.tb.*)
 *(.tcommon)
                0x20000e34                        __tls_end = .

.bss            0x20000e38      0xdb4 load address 0x10004930
                0x20000e38                        . = ALIGN (0x4)
                0x20000e38                        __tbss_end = .
 *(SORT_BY_ALIGNMENT(SORT_BY_NAME(.bss*)))
 .bss.default_alarm_pool_entries
                0x20000e38      0x180 CMakeFiles/pico_6mic_soundcard.dir/pico-sdk/src/common/pico_time/time.c.o
 .bss._app_driver
                0x20000fb8        0x4 CMakeFiles/pico_6mic_soundcard.dir/pico-sdk/lib/tinyusb/src/device/usbd.c.o
 .bss._audiod_fct
                0x20000fbc       0x44 CMakeFiles/pico_6mic_soundcard.dir/pico-sdk/lib/tinyusb/src/class/audio/audio_device.c.o
 .bss._ctrl_epbuf
                0x20001000       0x40 CMakeFiles/pico_6mic_soundcard.dir/pico-sdk/lib/tinyusb/src/device/usbd_control.c.o
 .bss._ctrl_xfer
                0x20001040       0x14 CMakeFiles/pico_6mic_soundcard.dir/pico-sdk/lib/tinyusb/src/device/usbd_control.c.o
 .bss._desc_str
                0x20001054       0x40 CMakeFiles/pico_6mic_soundcard.dir/usb_descriptors.c.o
 .bss._sw_spin_locks
                0x20001094       0x20 CMakeFiles/pico_6mic_soundcard.dir/pico-sdk/src/rp2_common/hardware_sync_spin_lock/sync_spin_lock.c.o
                0x20001094                _sw_spin_locks
 .bss._tusb_rhport_role
                0x200010b4        0x2 CMakeFiles/pico_6mic_soundcard.dir/pico-sdk/lib/tinyusb/src/tusb.c.o
                0x200010b4                _tusb_rhport_role
 *fill*         0x200010b6        0x2 
 .bss._ubsd_mutexdef
                0x200010b8        0x8 CMakeFiles/pico_6mic_soundcard.dir/pico-sdk/lib/tinyusb/src/device/usbd.c.o
 .bss._usbd_dev
                0x200010c0       0x54 CMakeFiles/pico_6mic_soundcard.dir/pico-sdk/lib/tinyusb/src/device/usbd.c.o
 .bss._usbd_mutex
                0x20001114        0x4 CMakeFiles/pico_6mic_soundcard.dir/pico-sdk/lib/tinyusb/src/device/usbd.c.o
 .bss._usbd_q   0x20001118        0x4 CMakeFiles/pico_6mic_soundcard.dir/pico-sdk/lib/tinyusb/src/device/usbd.c.o
 .bss._usbd_qdef_buf
                0x2000111c       0xc0 CMakeFiles/pico_6mic_soundcard.dir/pico-sdk/lib/tinyusb/src/device/usbd.c.o
                0x2000111c                _usbd_qdef_buf
 .bss._used_instruction_space
                0x200011dc        0xc CMakeFiles/pico_6mic_soundcard.dir/pico-sdk/src/rp2_common/hardware_pio/pio.c.o
 .bss.alt_setting_1
                0x200011e8        0x1 CMakeFiles/pico_6mic_soundcard.dir/pico-sdk/lib/tinyusb/src/class/audio/audio_device.c.o
 *fill*         0x200011e9        0x3 
 .bss.cfg_desc_buf
                0x200011ec       0xa1 CMakeFiles/pico_6mic_soundcard.dir/usb_descriptors.c.o
 *fill*         0x2000128d        0x3 
 .bss.claimed   0x20001290        0x4 CMakeFiles/pico_6mic_soundcard.dir/pico-sdk/src/rp2_common/hardware_sync/sync.c.o
 .bss.claimed   0x20001294        0x2 CMakeFiles/pico_6mic_soundcard.dir/pico-sdk/src/rp2_common/hardware_timer/timer.c.o
 *fill*         0x20001296        0x2 
 .bss.configured_freq
                0x20001298       0x28 CMakeFiles/pico_6mic_soundcard.dir/pico-sdk/src/rp2_common/hardware_clocks/clocks.c.o
 .bss.ctrl_blackout.0
                0x200012c0        0x4 CMakeFiles/pico_6mic_soundcard.dir/pico-sdk/lib/tinyusb/src/class/audio/audio_device.c.o
 .bss.ctrl_buf_1
                0x200012c4       0x40 CMakeFiles/pico_6mic_soundcard.dir/pico-sdk/lib/tinyusb/src/class/audio/audio_device.c.o
 .bss.dma_buf   0x20001304      0x180 CMakeFiles/pico_6mic_soundcard.dir/main.c.o
 .bss.dma_buf_select
                0x20001484        0x4 CMakeFiles/pico_6mic_soundcard.dir/main.c.o
 .bss.drivers   0x20001488        0x4 CMakeFiles/pico_6mic_soundcard.dir/pico-sdk/src/rp2_common/pico_stdio/stdio.c.o
 .bss.e15_last_sof
                0x2000148c        0x4 CMakeFiles/pico_6mic_soundcard.dir/pico-sdk/lib/tinyusb/src/portable/raspberrypi/rp2040/rp2040_usb.c.o
                0x2000148c                e15_last_sof
 .bss.ep_in_ff_mutex_wr_1
                0x20001490        0x8 CMakeFiles/pico_6mic_soundcard.dir/pico-sdk/lib/tinyusb/src/class/audio/audio_device.c.o
 .bss.ep_in_sw_buf
                0x20001498      0x180 CMakeFiles/pico_6mic_soundcard.dir/pico-sdk/lib/tinyusb/src/class/audio/audio_device.c.o
 .bss.filter    0x20001618        0x4 CMakeFiles/pico_6mic_soundcard.dir/pico-sdk/src/rp2_common/pico_stdio/stdio.c.o
 .bss.hw_endpoints
                0x2000161c      0x400 CMakeFiles/pico_6mic_soundcard.dir/pico-sdk/lib/tinyusb/src/portable/raspberrypi/rp2040/dcd_rp2040.c.o
 .bss.lazy_vsnprintf
                0x20001a1c        0x4 CMakeFiles/pico_6mic_soundcard.dir/pico-sdk/src/rp2_common/pico_printf/printf.c.o
 .bss.lin_buf_in
                0x20001a20       0xc0 CMakeFiles/pico_6mic_soundcard.dir/pico-sdk/lib/tinyusb/src/class/audio/audio_device.c.o
 .bss.next_buffer_ptr
                0x20001ae0        0x4 CMakeFiles/pico_6mic_soundcard.dir/pico-sdk/lib/tinyusb/src/portable/raspberrypi/rp2040/dcd_rp2040.c.o
 .bss.object.0  0x20001ae4       0x18 /opt/arm/arm-gnu-toolchain-14.3.rel1-x86_64-arm-none-eabi/bin/../lib/gcc/arm-none-eabi/14.3.1/thumb/v8-m.main+fp/softfp/crtbegin.o
 .bss.pools     0x20001afc       0x20 CMakeFiles/pico_6mic_soundcard.dir/pico-sdk/src/common/pico_time/time.c.o
 .bss.retrieved_id
                0x20001b1c        0x8 CMakeFiles/pico_6mic_soundcard.dir/pico-sdk/src/rp2_common/pico_unique_id/unique_id.c.o
 .bss.sleep_notifier
                0x20001b24        0x4 CMakeFiles/pico_6mic_soundcard.dir/pico-sdk/src/common/pico_time/time.c.o
 .bss.usb_frame_buf
                0x20001b28       0xc0 CMakeFiles/pico_6mic_soundcard.dir/main.c.o
 .bss._app_driver_count
                0x20001be8        0x1 CMakeFiles/pico_6mic_soundcard.dir/pico-sdk/lib/tinyusb/src/device/usbd.c.o
 .bss._sof_enable
                0x20001be9        0x1 CMakeFiles/pico_6mic_soundcard.dir/pico-sdk/lib/tinyusb/src/portable/raspberrypi/rp2040/dcd_rp2040.c.o
 .bss._usbd_queued_setup
                0x20001bea        0x1 CMakeFiles/pico_6mic_soundcard.dir/pico-sdk/lib/tinyusb/src/device/usbd.c.o
 .bss.irq_handler_chain_free_slot_head
                0x20001beb        0x1 CMakeFiles/pico_6mic_soundcard.dir/pico-sdk/src/rp2_common/hardware_irq/irq.c.o
 *(COMMON)
                [!provide]                        PROVIDE (__global_pointer$ = (. + 0x800))
 *(.sbss*)
                0x20001bec                        . = ALIGN (0x4)
                0x20001bec                        __bss_end__ = .

.heap           0x20001bec      0x800 load address 0x10004930
                0x20001bec                        __end__ = .
                0x20001bec                        end = __end__
 *(.heap*)
 .heap          0x20001bec      0x800 CMakeFiles/pico_6mic_soundcard.dir/pico-sdk/src/rp2_common/pico_crt0/crt0.S.o
                0x20080000                        __HeapLimit = (ORIGIN (RAM) + LENGTH (RAM))

.scratch_x      0x20080000        0x0 load address 0x10004930
                0x20080000                        __scratch_x_start__ = .
 *(.scratch_x.*)
                0x20080000                        . = ALIGN (0x4)
                0x20080000                        __scratch_x_end__ = .
                0x10004930                        __scratch_x_source__ = LOADADDR (.scratch_x)

.scratch_y      0x20081000        0x0 load address 0x10004930
                0x20081000                        __scratch_y_start__ = .
 *(.scratch_y.*)
                0x20081000                        . = ALIGN (0x4)
                0x20081000                        __scratch_y_end__ = .
                0x10004930                        __scratch_y_source__ = LOADADDR (.scratch_y)

.stack1_dummy
 *(.stack1*)

.stack_dummy    0x20081000      0x800
 *(.stack*)
 .stack         0x20081000      0x800 CMakeFiles/pico_6mic_soundcard.dir/pico-sdk/src/rp2_common/pico_crt0/crt0.S.o

.flash_end      0x10004930       0x14
 *(.embedded_end_block*)
 .embedded_end_block
                0x10004930       0x14 CMakeFiles/pico_6mic_soundcard.dir/pico-sdk/src/rp2_common/pico_crt0/crt0.S.o
                0x10004944                        PROVIDE (__flash_binary_end = .)
                0x20080000                        __StackLimit = (ORIGIN (RAM) + LENGTH (RAM))
                0x20081000                        __StackOneTop = (ORIGIN (SCRATCH_X) + LENGTH (SCRATCH_X))
                0x20082000                        __StackTop = (ORIGIN (SCRATCH_Y) + LENGTH (SCRATCH_Y))
                0x20081000                        __StackOneBottom = (__StackOneTop - SIZEOF (.stack1_dummy))
                0x20081800                        __StackBottom = (__StackTop - SIZEOF (.stack_dummy))
                0x20082000                        PROVIDE (__stack = __StackTop)
                [!provide]                        PROVIDE (__heap_start = __end__)
                [!provide]                        PROVIDE (__heap_end = __HeapLimit)
                [!provide]                        PROVIDE (__tls_align = MAX (ALIGNOF (.tdata), ALIGNOF (.tbss)))
                [!provide]                        PROVIDE (__tls_size_align = (((__tls_size + __tls_align) - 0x1) & ~ ((__tls_align - 0x1))))
                [!provide]                        PROVIDE (__arm32_tls_tcb_offset = MAX (0x8, __tls_align))
                [!provide]                        PROVIDE (_end = __end__)
                [!provide]                        PROVIDE (__llvm_libc_heap_limit = __HeapLimit)
                0x00000001                        ASSERT ((__StackLimit >= __HeapLimit), region RAM overflowed)
                0x00000001                        ASSERT (((__binary_info_header_end - __logical_binary_start) <= 0x400), Binary info must be in first 1024 bytes of the binary)
                0x00000001                        ASSERT (((__embedded_block_end - __logical_binary_start) <= 0x1000), Embedded block must be in first 4096 bytes of the binary)
LOAD CMakeFiles/pico_6mic_soundcard.dir/main.c.o
LOAD CMakeFiles/pico_6mic_soundcard.dir/usb_descriptors.c.o
LOAD CMakeFiles/pico_6mic_soundcard.dir/pico-sdk/src/rp2_common/pico_stdlib/stdlib.c.o
LOAD CMakeFiles/pico_6mic_soundcard.dir/pico-sdk/src/rp2_common/hardware_gpio/gpio.c.o
LOAD CMakeFiles/pico_6mic_soundcard.dir/pico-sdk/src/rp2350/pico_platform/platform.c.o
LOAD CMakeFiles/pico_6mic_soundcard.dir/pico-sdk/src/rp2_common/pico_platform_common/common.c.o
LOAD CMakeFiles/pico_6mic_soundcard.dir/pico-sdk/src/rp2_common/pico_platform_panic/panic.c.o
LOAD CMakeFiles/pico_6mic_soundcard.dir/pico-sdk/src/common/hardware_claim/claim.c.o
LOAD CMakeFiles/pico_6mic_soundcard.dir/pico-sdk/src/rp2_common/hardware_sync/sync.c.o
LOAD CMakeFiles/pico_6mic_soundcard.dir/pico-sdk/src/rp2_common/hardware_sync_spin_lock/sync_spin_lock.c.o
LOAD CMakeFiles/pico_6mic_soundcard.dir/pico-sdk/src/rp2_common/hardware_irq/irq.c.o
LOAD CMakeFiles/pico_6mic_soundcard.dir/pico-sdk/src/rp2_common/hardware_irq/irq_handler_chain.S.o
LOAD CMakeFiles/pico_6mic_soundcard.dir/pico-sdk/src/common/pico_sync/sem.c.o
LOAD CMakeFiles/pico_6mic_soundcard.dir/pico-sdk/src/common/pico_sync/lock_core.c.o
LOAD CMakeFiles/pico_6mic_soundcard.dir/pico-sdk/src/common/pico_sync/mutex.c.o
LOAD CMakeFiles/pico_6mic_soundcard.dir/pico-sdk/src/common/pico_sync/critical_section.c.o
LOAD CMakeFiles/pico_6mic_soundcard.dir/pico-sdk/src/common/pico_time/time.c.o
LOAD CMakeFiles/pico_6mic_soundcard.dir/pico-sdk/src/common/pico_time/timeout_helper.c.o
LOAD CMakeFiles/pico_6mic_soundcard.dir/pico-sdk/src/rp2_common/hardware_timer/timer.c.o
LOAD CMakeFiles/pico_6mic_soundcard.dir/pico-sdk/src/common/pico_util/datetime.c.o
LOAD CMakeFiles/pico_6mic_soundcard.dir/pico-sdk/src/common/pico_util/pheap.c.o
LOAD CMakeFiles/pico_6mic_soundcard.dir/pico-sdk/src/common/pico_util/queue.c.o
LOAD CMakeFiles/pico_6mic_soundcard.dir/pico-sdk/src/rp2_common/hardware_uart/uart.c.o
LOAD CMakeFiles/pico_6mic_soundcard.dir/pico-sdk/src/rp2_common/hardware_clocks/clocks.c.o
LOAD CMakeFiles/pico_6mic_soundcard.dir/pico-sdk/src/rp2_common/hardware_pll/pll.c.o
LOAD CMakeFiles/pico_6mic_soundcard.dir/pico-sdk/src/rp2_common/hardware_vreg/vreg.c.o
LOAD CMakeFiles/pico_6mic_soundcard.dir/pico-sdk/src/rp2_common/hardware_watchdog/watchdog.c.o
LOAD CMakeFiles/pico_6mic_soundcard.dir/pico-sdk/src/rp2_common/hardware_ticks/ticks.c.o
LOAD CMakeFiles/pico_6mic_soundcard.dir/pico-sdk/src/rp2_common/pico_bootrom/bootrom.c.o
LOAD CMakeFiles/pico_6mic_soundcard.dir/pico-sdk/src/rp2_common/pico_bootrom/bootrom_lock.c.o
LOAD CMakeFiles/pico_6mic_soundcard.dir/pico-sdk/src/rp2_common/hardware_boot_lock/boot_lock.c.o
LOAD CMakeFiles/pico_6mic_soundcard.dir/pico-sdk/src/rp2_common/pico_flash/flash.c.o
LOAD CMakeFiles/pico_6mic_soundcard.dir/pico-sdk/src/rp2_common/hardware_xosc/xosc.c.o
LOAD CMakeFiles/pico_6mic_soundcard.dir/pico-sdk/src/rp2_common/hardware_divider/divider.c.o
LOAD CMakeFiles/pico_6mic_soundcard.dir/pico-sdk/src/rp2_common/pico_runtime/runtime.c.o
LOAD CMakeFiles/pico_6mic_soundcard.dir/pico-sdk/src/rp2_common/pico_runtime_init/runtime_init.c.o
LOAD CMakeFiles/pico_6mic_soundcard.dir/pico-sdk/src/rp2_common/pico_runtime_init/runtime_init_clocks.c.o
LOAD CMakeFiles/pico_6mic_soundcard.dir/pico-sdk/src/rp2_common/pico_runtime_init/runtime_init_stack_guard.c.o
LOAD CMakeFiles/pico_6mic_soundcard.dir/pico-sdk/src/rp2_common/pico_bit_ops/bit_ops_aeabi.S.o
LOAD CMakeFiles/pico_6mic_soundcard.dir/pico-sdk/src/rp2_common/pico_divider/divider_compiler.c.o
LOAD CMakeFiles/pico_6mic_soundcard.dir/pico-sdk/src/rp2_common/pico_double/double_math.c.o
LOAD CMakeFiles/pico_6mic_soundcard.dir/pico-sdk/src/rp2_common/pico_double/double_aeabi_dcp.S.o
LOAD CMakeFiles/pico_6mic_soundcard.dir/pico-sdk/src/rp2_common/pico_double/double_fma_dcp.S.o
LOAD CMakeFiles/pico_6mic_soundcard.dir/pico-sdk/src/rp2_common/pico_double/double_sci_m33.S.o
LOAD CMakeFiles/pico_6mic_soundcard.dir/pico-sdk/src/rp2_common/pico_double/double_conv_m33.S.o
LOAD CMakeFiles/pico_6mic_soundcard.dir/pico-sdk/src/rp2_common/pico_float/float_math.c.o
LOAD CMakeFiles/pico_6mic_soundcard.dir/pico-sdk/src/rp2_common/pico_float/float_conv32_vfp.S.o
LOAD CMakeFiles/pico_6mic_soundcard.dir/pico-sdk/src/rp2_common/pico_float/float_common_m33.S.o
LOAD CMakeFiles/pico_6mic_soundcard.dir/pico-sdk/src/rp2_common/pico_float/float_sci_m33_vfp.S.o
LOAD CMakeFiles/pico_6mic_soundcard.dir/pico-sdk/src/rp2_common/pico_malloc/malloc.c.o
LOAD CMakeFiles/pico_6mic_soundcard.dir/pico-sdk/src/rp2_common/pico_atomic/atomic.c.o
LOAD CMakeFiles/pico_6mic_soundcard.dir/pico-sdk/src/rp2_common/pico_cxx_options/new_delete.cpp.o
LOAD CMakeFiles/pico_6mic_soundcard.dir/pico-sdk/src/rp2_common/pico_standard_binary_info/standard_binary_info.c.o
LOAD CMakeFiles/pico_6mic_soundcard.dir/pico-sdk/src/rp2_common/pico_printf/printf.c.o
LOAD CMakeFiles/pico_6mic_soundcard.dir/pico-sdk/src/rp2_common/pico_crt0/crt0.S.o
LOAD CMakeFiles/pico_6mic_soundcard.dir/pico-sdk/src/rp2_common/pico_clib_interface/newlib_interface.c.o
LOAD CMakeFiles/pico_6mic_soundcard.dir/pico-sdk/src/rp2_common/pico_stdio/stdio.c.o
LOAD CMakeFiles/pico_6mic_soundcard.dir/pico-sdk/src/rp2_common/hardware_pio/pio.c.o
LOAD CMakeFiles/pico_6mic_soundcard.dir/pico-sdk/src/rp2_common/hardware_dma/dma.c.o
LOAD CMakeFiles/pico_6mic_soundcard.dir/pico-sdk/lib/tinyusb/src/portable/raspberrypi/rp2040/dcd_rp2040.c.o
LOAD CMakeFiles/pico_6mic_soundcard.dir/pico-sdk/lib/tinyusb/src/portable/raspberrypi/rp2040/rp2040_usb.c.o
LOAD CMakeFiles/pico_6mic_soundcard.dir/pico-sdk/lib/tinyusb/src/device/usbd.c.o
LOAD CMakeFiles/pico_6mic_soundcard.dir/pico-sdk/lib/tinyusb/src/device/usbd_control.c.o
LOAD CMakeFiles/pico_6mic_soundcard.dir/pico-sdk/lib/tinyusb/src/class/audio/audio_device.c.o
LOAD CMakeFiles/pico_6mic_soundcard.dir/pico-sdk/lib/tinyusb/src/class/cdc/cdc_device.c.o
LOAD CMakeFiles/pico_6mic_soundcard.dir/pico-sdk/lib/tinyusb/src/class/dfu/dfu_device.c.o
LOAD CMakeFiles/pico_6mic_soundcard.dir/pico-sdk/lib/tinyusb/src/class/dfu/dfu_rt_device.c.o
LOAD CMakeFiles/pico_6mic_soundcard.dir/pico-sdk/lib/tinyusb/src/class/hid/hid_device.c.o
LOAD CMakeFiles/pico_6mic_soundcard.dir/pico-sdk/lib/tinyusb/src/class/midi/midi_device.c.o
LOAD CMakeFiles/pico_6mic_soundcard.dir/pico-sdk/lib/tinyusb/src/class/msc/msc_device.c.o
LOAD CMakeFiles/pico_6mic_soundcard.dir/pico-sdk/lib/tinyusb/src/class/net/ecm_rndis_device.c.o
LOAD CMakeFiles/pico_6mic_soundcard.dir/pico-sdk/lib/tinyusb/src/class/net/ncm_device.c.o
LOAD CMakeFiles/pico_6mic_soundcard.dir/pico-sdk/lib/tinyusb/src/class/usbtmc/usbtmc_device.c.o
LOAD CMakeFiles/pico_6mic_soundcard.dir/pico-sdk/lib/tinyusb/src/class/vendor/vendor_device.c.o
LOAD CMakeFiles/pico_6mic_soundcard.dir/pico-sdk/lib/tinyusb/src/class/video/video_device.c.o
LOAD CMakeFiles/pico_6mic_soundcard.dir/pico-sdk/lib/tinyusb/src/tusb.c.o
LOAD CMakeFiles/pico_6mic_soundcard.dir/pico-sdk/lib/tinyusb/src/common/tusb_fifo.c.o
LOAD CMakeFiles/pico_6mic_soundcard.dir/pico-sdk/src/rp2_common/pico_fix/rp2040_usb_device_enumeration/rp2040_usb_device_enumeration.c.o
LOAD CMakeFiles/pico_6mic_soundcard.dir/pico-sdk/lib/tinyusb/hw/bsp/rp2040/family.c.o
LOAD CMakeFiles/pico_6mic_soundcard.dir/pico-sdk/src/rp2_common/pico_unique_id/unique_id.c.o
LOAD CMakeFiles/pico_6mic_soundcard.dir/pico-sdk/src/rp2_common/hardware_flash/flash.c.o
LOAD CMakeFiles/pico_6mic_soundcard.dir/pico-sdk/src/rp2_common/hardware_xip_cache/xip_cache.c.o
LOAD pico-sdk/src/rp2350/boot_stage2/CMakeFiles/bs2_default_library.dir/bs2_default_padded_checksummed.S.o
LOAD /opt/arm/arm-gnu-toolchain-14.3.rel1-x86_64-arm-none-eabi/bin/../lib/gcc/arm-none-eabi/14.3.1/../../../../arm-none-eabi/lib/thumb/v8-m.main+fp/softfp/libstdc++.a
LOAD /opt/arm/arm-gnu-toolchain-14.3.rel1-x86_64-arm-none-eabi/bin/../lib/gcc/arm-none-eabi/14.3.1/../../../../arm-none-eabi/lib/thumb/v8-m.main+fp/softfp/libm.a
START GROUP
LOAD /opt/arm/arm-gnu-toolchain-14.3.rel1-x86_64-arm-none-eabi/bin/../lib/gcc/arm-none-eabi/14.3.1/thumb/v8-m.main+fp/softfp/libgcc.a
LOAD /opt/arm/arm-gnu-toolchain-14.3.rel1-x86_64-arm-none-eabi/bin/../lib/gcc/arm-none-eabi/14.3.1/../../../../arm-none-eabi/lib/thumb/v8-m.main+fp/softfp/libg.a
LOAD /opt/arm/arm-gnu-toolchain-14.3.rel1-x86_64-arm-none-eabi/bin/../lib/gcc/arm-none-eabi/14.3.1/../../../../arm-none-eabi/lib/thumb/v8-m.main+fp/softfp/libc.a
END GROUP
START GROUP
LOAD /opt/arm/arm-gnu-toolchain-14.3.rel1-x86_64-arm-none-eabi/bin/../lib/gcc/arm-none-eabi/14.3.1/thumb/v8-m.main+fp/softfp/libgcc.a
LOAD /opt/arm/arm-gnu-toolchain-14.3.rel1-x86_64-arm-none-eabi/bin/../lib/gcc/arm-none-eabi/14.3.1/../../../../arm-none-eabi/lib/thumb/v8-m.main+fp/softfp/libc.a
LOAD /opt/arm/arm-gnu-toolchain-14.3.rel1-x86_64-arm-none-eabi/bin/../lib/gcc/arm-none-eabi/14.3.1/../../../../arm-none-eabi/lib/thumb/v8-m.main+fp/softfp/libnosys.a
END GROUP
LOAD /opt/arm/arm-gnu-toolchain-14.3.rel1-x86_64-arm-none-eabi/bin/../lib/gcc/arm-none-eabi/14.3.1/thumb/v8-m.main+fp/softfp/crtend.o
LOAD /opt/arm/arm-gnu-toolchain-14.3.rel1-x86_64-arm-none-eabi/bin/../lib/gcc/arm-none-eabi/14.3.1/thumb/v8-m.main+fp/softfp/crtn.o
OUTPUT(pico_6mic_soundcard.elf elf32-littlearm)
LOAD linker stubs

.rel.dyn        0x10004944        0x0
 .rel.iplt      0x10004944        0x0 /opt/arm/arm-gnu-toolchain-14.3.rel1-x86_64-arm-none-eabi/bin/../lib/gcc/arm-none-eabi/14.3.1/thumb/v8-m.main+fp/softfp/crtbegin.o

.ARM.attributes
                0x00000000       0x34
 .ARM.attributes
                0x00000000       0x26 /opt/arm/arm-gnu-toolchain-14.3.rel1-x86_64-arm-none-eabi/bin/../lib/gcc/arm-none-eabi/14.3.1/thumb/v8-m.main+fp/softfp/crti.o
 .ARM.attributes
                0x00000026       0x36 /opt/arm/arm-gnu-toolchain-14.3.rel1-x86_64-arm-none-eabi/bin/../lib/gcc/arm-none-eabi/14.3.1/thumb/v8-m.main+fp/softfp/crtbegin.o
 .ARM.attributes
                0x0000005c       0x38 CMakeFiles/pico_6mic_soundcard.dir/main.c.o
 .ARM.attributes
                0x00000094       0x38 CMakeFiles/pico_6mic_soundcard.dir/usb_descriptors.c.o
 .ARM.attributes
                0x000000cc       0x38 CMakeFiles/pico_6mic_soundcard.dir/pico-sdk/src/rp2_common/hardware_gpio/gpio.c.o
 .ARM.attributes
                0x00000104       0x38 CMakeFiles/pico_6mic_soundcard.dir/pico-sdk/src/rp2_common/pico_platform_panic/panic.c.o
 .ARM.attributes
                0x0000013c       0x38 CMakeFiles/pico_6mic_soundcard.dir/pico-sdk/src/common/hardware_claim/claim.c.o
 .ARM.attributes
                0x00000174       0x38 CMakeFiles/pico_6mic_soundcard.dir/pico-sdk/src/rp2_common/hardware_sync/sync.c.o
 .ARM.attributes
                0x000001ac       0x38 CMakeFiles/pico_6mic_soundcard.dir/pico-sdk/src/rp2_common/hardware_sync_spin_lock/sync_spin_lock.c.o
 .ARM.attributes
                0x000001e4       0x38 CMakeFiles/pico_6mic_soundcard.dir/pico-sdk/src/rp2_common/hardware_irq/irq.c.o
 .ARM.attributes
                0x0000021c       0x28 CMakeFiles/pico_6mic_soundcard.dir/pico-sdk/src/rp2_common/hardware_irq/irq_handler_chain.S.o
 .ARM.attributes
                0x00000244       0x38 CMakeFiles/pico_6mic_soundcard.dir/pico-sdk/src/common/pico_sync/lock_core.c.o
 .ARM.attributes
                0x0000027c       0x38 CMakeFiles/pico_6mic_soundcard.dir/pico-sdk/src/common/pico_sync/mutex.c.o
 .ARM.attributes
                0x000002b4       0x38 CMakeFiles/pico_6mic_soundcard.dir/pico-sdk/src/common/pico_sync/critical_section.c.o
 .ARM.attributes
                0x000002ec       0x38 CMakeFiles/pico_6mic_soundcard.dir/pico-sdk/src/common/pico_time/time.c.o
 .ARM.attributes
                0x00000324       0x38 CMakeFiles/pico_6mic_soundcard.dir/pico-sdk/src/rp2_common/hardware_timer/timer.c.o
 .ARM.attributes
                0x0000035c       0x38 CMakeFiles/pico_6mic_soundcard.dir/pico-sdk/src/rp2_common/hardware_clocks/clocks.c.o
 .ARM.attributes
                0x00000394       0x38 CMakeFiles/pico_6mic_soundcard.dir/pico-sdk/src/rp2_common/hardware_pll/pll.c.o
 .ARM.attributes
                0x000003cc       0x38 CMakeFiles/pico_6mic_soundcard.dir/pico-sdk/src/rp2_common/hardware_ticks/ticks.c.o
 .ARM.attributes
                0x00000404       0x38 CMakeFiles/pico_6mic_soundcard.dir/pico-sdk/src/rp2_common/pico_bootrom/bootrom.c.o
 .ARM.attributes
                0x0000043c       0x38 CMakeFiles/pico_6mic_soundcard.dir/pico-sdk/src/rp2_common/pico_bootrom/bootrom_lock.c.o
 .ARM.attributes
                0x00000474       0x38 CMakeFiles/pico_6mic_soundcard.dir/pico-sdk/src/rp2_common/hardware_boot_lock/boot_lock.c.o
 .ARM.attributes
                0x000004ac       0x38 CMakeFiles/pico_6mic_soundcard.dir/pico-sdk/src/rp2_common/hardware_xosc/xosc.c.o
 .ARM.attributes
                0x000004e4       0x38 CMakeFiles/pico_6mic_soundcard.dir/pico-sdk/src/rp2_common/pico_runtime/runtime.c.o
 .ARM.attributes
                0x0000051c       0x38 CMakeFiles/pico_6mic_soundcard.dir/pico-sdk/src/rp2_common/pico_runtime_init/runtime_init.c.o
 .ARM.attributes
                0x00000554       0x38 CMakeFiles/pico_6mic_soundcard.dir/pico-sdk/src/rp2_common/pico_runtime_init/runtime_init_clocks.c.o
 .ARM.attributes
                0x0000058c       0x38 CMakeFiles/pico_6mic_soundcard.dir/pico-sdk/src/rp2_common/pico_standard_binary_info/standard_binary_info.c.o
 .ARM.attributes
                0x000005c4       0x38 CMakeFiles/pico_6mic_soundcard.dir/pico-sdk/src/rp2_common/pico_printf/printf.c.o
 .ARM.attributes
                0x000005fc       0x28 CMakeFiles/pico_6mic_soundcard.dir/pico-sdk/src/rp2_common/pico_crt0/crt0.S.o
 .ARM.attributes
                0x00000624       0x38 CMakeFiles/pico_6mic_soundcard.dir/pico-sdk/src/rp2_common/pico_clib_interface/newlib_interface.c.o
 .ARM.attributes
                0x0000065c       0x38 CMakeFiles/pico_6mic_soundcard.dir/pico-sdk/src/rp2_common/pico_stdio/stdio.c.o
 .ARM.attributes
                0x00000694       0x38 CMakeFiles/pico_6mic_soundcard.dir/pico-sdk/src/rp2_common/hardware_pio/pio.c.o
 .ARM.attributes
                0x000006cc       0x38 CMakeFiles/pico_6mic_soundcard.dir/pico-sdk/lib/tinyusb/src/portable/raspberrypi/rp2040/dcd_rp2040.c.o
 .ARM.attributes
                0x00000704       0x38 CMakeFiles/pico_6mic_soundcard.dir/pico-sdk/lib/tinyusb/src/portable/raspberrypi/rp2040/rp2040_usb.c.o
 .ARM.attributes
                0x0000073c       0x38 CMakeFiles/pico_6mic_soundcard.dir/pico-sdk/lib/tinyusb/src/device/usbd.c.o
 .ARM.attributes
                0x00000774       0x38 CMakeFiles/pico_6mic_soundcard.dir/pico-sdk/lib/tinyusb/src/device/usbd_control.c.o
 .ARM.attributes
                0x000007ac       0x38 CMakeFiles/pico_6mic_soundcard.dir/pico-sdk/lib/tinyusb/src/class/audio/audio_device.c.o
 .ARM.attributes
                0x000007e4       0x38 CMakeFiles/pico_6mic_soundcard.dir/pico-sdk/lib/tinyusb/src/tusb.c.o
 .ARM.attributes
                0x0000081c       0x38 CMakeFiles/pico_6mic_soundcard.dir/pico-sdk/lib/tinyusb/src/common/tusb_fifo.c.o
 .ARM.attributes
                0x00000854       0x38 CMakeFiles/pico_6mic_soundcard.dir/pico-sdk/lib/tinyusb/hw/bsp/rp2040/family.c.o
 .ARM.attributes
                0x0000088c       0x38 CMakeFiles/pico_6mic_soundcard.dir/pico-sdk/src/rp2_common/pico_unique_id/unique_id.c.o
 .ARM.attributes
                0x000008c4       0x36 /opt/arm/arm-gnu-toolchain-14.3.rel1-x86_64-arm-none-eabi/bin/../lib/gcc/arm-none-eabi/14.3.1/../../../../arm-none-eabi/lib/thumb/v8-m.main+fp/softfp/libg.a(libc_a-memset.o)
 .ARM.attributes
                0x000008fa       0x24 /opt/arm/arm-gnu-toolchain-14.3.rel1-x86_64-arm-none-eabi/bin/../lib/gcc/arm-none-eabi/14.3.1/../../../../arm-none-eabi/lib/thumb/v8-m.main+fp/softfp/libg.a(libc_a-memcpy.o)
 .ARM.attributes
                0x0000091e       0x36 /opt/arm/arm-gnu-toolchain-14.3.rel1-x86_64-arm-none-eabi/bin/../lib/gcc/arm-none-eabi/14.3.1/../../../../arm-none-eabi/lib/thumb/v8-m.main+fp/softfp/libg.a(libc_a-strlen-stub.o)
 .ARM.attributes
                0x00000954       0x36 /opt/arm/arm-gnu-toolchain-14.3.rel1-x86_64-arm-none-eabi/bin/../lib/gcc/arm-none-eabi/14.3.1/thumb/v8-m.main+fp/softfp/crtend.o

.comment        0x00000000       0x46
 .comment       0x00000000       0x46 CMakeFiles/pico_6mic_soundcard.dir/main.c.o
                                 0x47 (size before relaxing)
 .comment       0x00000046       0x47 CMakeFiles/pico_6mic_soundcard.dir/usb_descriptors.c.o
 .comment       0x00000046       0x47 CMakeFiles/pico_6mic_soundcard.dir/pico-sdk/src/rp2_common/hardware_gpio/gpio.c.o
 .comment       0x00000046       0x47 CMakeFiles/pico_6mic_soundcard.dir/pico-sdk/src/rp2_common/pico_platform_panic/panic.c.o
 .comment       0x00000046       0x47 CMakeFiles/pico_6mic_soundcard.dir/pico-sdk/src/common/hardware_claim/claim.c.o
 .comment       0x00000046       0x47 CMakeFiles/pico_6mic_soundcard.dir/pico-sdk/src/rp2_common/hardware_sync/sync.c.o
 .comment       0x00000046       0x47 CMakeFiles/pico_6mic_soundcard.dir/pico-sdk/src/rp2_common/hardware_sync_spin_lock/sync_spin_lock.c.o
 .comment       0x00000046       0x47 CMakeFiles/pico_6mic_soundcard.dir/pico-sdk/src/rp2_common/hardware_irq/irq.c.o
 .comment       0x00000046       0x47 CMakeFiles/pico_6mic_soundcard.dir/pico-sdk/src/common/pico_sync/lock_core.c.o
 .comment       0x00000046       0x47 CMakeFiles/pico_6mic_soundcard.dir/pico-sdk/src/common/pico_sync/mutex.c.o
 .comment       0x00000046       0x47 CMakeFiles/pico_6mic_soundcard.dir/pico-sdk/src/common/pico_sync/critical_section.c.o
 .comment       0x00000046       0x47 CMakeFiles/pico_6mic_soundcard.dir/pico-sdk/src/common/pico_time/time.c.o
 .comment       0x00000046       0x47 CMakeFiles/pico_6mic_soundcard.dir/pico-sdk/src/rp2_common/hardware_timer/timer.c.o
 .comment       0x00000046       0x47 CMakeFiles/pico_6mic_soundcard.dir/pico-sdk/src/rp2_common/hardware_clocks/clocks.c.o
 .comment       0x00000046       0x47 CMakeFiles/pico_6mic_soundcard.dir/pico-sdk/src/rp2_common/hardware_pll/pll.c.o
 .comment       0x00000046       0x47 CMakeFiles/pico_6mic_soundcard.dir/pico-sdk/src/rp2_common/hardware_ticks/ticks.c.o
 .comment       0x00000046       0x47 CMakeFiles/pico_6mic_soundcard.dir/pico-sdk/src/rp2_common/pico_bootrom/bootrom.c.o
 .comment       0x00000046       0x47 CMakeFiles/pico_6mic_soundcard.dir/pico-sdk/src/rp2_common/pico_bootrom/bootrom_lock.c.o
 .comment       0x00000046       0x47 CMakeFiles/pico_6mic_soundcard.dir/pico-sdk/src/rp2_common/hardware_boot_lock/boot_lock.c.o
 .comment       0x00000046       0x47 CMakeFiles/pico_6mic_soundcard.dir/pico-sdk/src/rp2_common/hardware_xosc/xosc.c.o
 .comment       0x00000046       0x47 CMakeFiles/pico_6mic_soundcard.dir/pico-sdk/src/rp2_common/pico_runtime/runtime.c.o
 .comment       0x00000046       0x47 CMakeFiles/pico_6mic_soundcard.dir/pico-sdk/src/rp2_common/pico_runtime_init/runtime_init.c.o
 .comment       0x00000046       0x47 CMakeFiles/pico_6mic_soundcard.dir/pico-sdk/src/rp2_common/pico_runtime_init/runtime_init_clocks.c.o
 .comment       0x00000046       0x47 CMakeFiles/pico_6mic_soundcard.dir/pico-sdk/src/rp2_common/pico_standard_binary_info/standard_binary_info.c.o
 .comment       0x00000046       0x47 CMakeFiles/pico_6mic_soundcard.dir/pico-sdk/src/rp2_common/pico_printf/printf.c.o
 .comment       0x00000046       0x47 CMakeFiles/pico_6mic_soundcard.dir/pico-sdk/src/rp2_common/pico_clib_interface/newlib_interface.c.o
 .comment       0x00000046       0x47 CMakeFiles/pico_6mic_soundcard.dir/pico-sdk/src/rp2_common/pico_stdio/stdio.c.o
 .comment       0x00000046       0x47 CMakeFiles/pico_6mic_soundcard.dir/pico-sdk/src/rp2_common/hardware_pio/pio.c.o
 .comment       0x00000046       0x47 CMakeFiles/pico_6mic_soundcard.dir/pico-sdk/lib/tinyusb/src/portable/raspberrypi/rp2040/dcd_rp2040.c.o
 .comment       0x00000046       0x47 CMakeFiles/pico_6mic_soundcard.dir/pico-sdk/lib/tinyusb/src/portable/raspberrypi/rp2040/rp2040_usb.c.o
 .comment       0x00000046       0x47 CMakeFiles/pico_6mic_soundcard.dir/pico-sdk/lib/tinyusb/src/device/usbd.c.o
 .comment       0x00000046       0x47 CMakeFiles/pico_6mic_soundcard.dir/pico-sdk/lib/tinyusb/src/device/usbd_control.c.o
 .comment       0x00000046       0x47 CMakeFiles/pico_6mic_soundcard.dir/pico-sdk/lib/tinyusb/src/class/audio/audio_device.c.o
 .comment       0x00000046       0x47 CMakeFiles/pico_6mic_soundcard.dir/pico-sdk/lib/tinyusb/src/tusb.c.o
 .comment       0x00000046       0x47 CMakeFiles/pico_6mic_soundcard.dir/pico-sdk/lib/tinyusb/src/common/tusb_fifo.c.o
 .comment       0x00000046       0x47 CMakeFiles/pico_6mic_soundcard.dir/pico-sdk/lib/tinyusb/hw/bsp/rp2040/family.c.o
 .comment       0x00000046       0x47 CMakeFiles/pico_6mic_soundcard.dir/pico-sdk/src/rp2_common/pico_unique_id/unique_id.c.o

.debug_info     0x00000000    0x35d99
 .debug_info    0x00000000     0x2540 CMakeFiles/pico_6mic_soundcard.dir/main.c.o
 .debug_info    0x00002540      0x6ac CMakeFiles/pico_6mic_soundcard.dir/usb_descriptors.c.o
 .debug_info    0x00002bec     0x2416 CMakeFiles/pico_6mic_soundcard.dir/pico-sdk/src/rp2_common/hardware_gpio/gpio.c.o
 .debug_info    0x00005002      0x1be CMakeFiles/pico_6mic_soundcard.dir/pico-sdk/src/rp2_common/pico_platform_panic/panic.c.o
 .debug_info    0x000051c0      0xb78 CMakeFiles/pico_6mic_soundcard.dir/pico-sdk/src/common/hardware_claim/claim.c.o
 .debug_info    0x00005d38      0x46f CMakeFiles/pico_6mic_soundcard.dir/pico-sdk/src/rp2_common/hardware_sync/sync.c.o
 .debug_info    0x000061a7     0x145e CMakeFiles/pico_6mic_soundcard.dir/pico-sdk/src/rp2_common/hardware_sync_spin_lock/sync_spin_lock.c.o
 .debug_info    0x00007605     0x262d CMakeFiles/pico_6mic_soundcard.dir/pico-sdk/src/rp2_common/hardware_irq/irq.c.o
 .debug_info    0x00009c32      0x187 CMakeFiles/pico_6mic_soundcard.dir/pico-sdk/src/common/pico_sync/lock_core.c.o
 .debug_info    0x00009db9     0x1e7c CMakeFiles/pico_6mic_soundcard.dir/pico-sdk/src/common/pico_sync/mutex.c.o
 .debug_info    0x0000bc35      0x389 CMakeFiles/pico_6mic_soundcard.dir/pico-sdk/src/common/pico_sync/critical_section.c.o
 .debug_info    0x0000bfbe     0x549a CMakeFiles/pico_6mic_soundcard.dir/pico-sdk/src/common/pico_time/time.c.o
 .debug_info    0x00011458     0x30c6 CMakeFiles/pico_6mic_soundcard.dir/pico-sdk/src/rp2_common/hardware_timer/timer.c.o
 .debug_info    0x0001451e     0x28c2 CMakeFiles/pico_6mic_soundcard.dir/pico-sdk/src/rp2_common/hardware_clocks/clocks.c.o
 .debug_info    0x00016de0      0x507 CMakeFiles/pico_6mic_soundcard.dir/pico-sdk/src/rp2_common/hardware_pll/pll.c.o
 .debug_info    0x000172e7      0x26c CMakeFiles/pico_6mic_soundcard.dir/pico-sdk/src/rp2_common/hardware_ticks/ticks.c.o
 .debug_info    0x00017553     0x10ab CMakeFiles/pico_6mic_soundcard.dir/pico-sdk/src/rp2_common/pico_bootrom/bootrom.c.o
 .debug_info    0x000185fe      0x1c4 CMakeFiles/pico_6mic_soundcard.dir/pico-sdk/src/rp2_common/pico_bootrom/bootrom_lock.c.o
 .debug_info    0x000187c2      0x316 CMakeFiles/pico_6mic_soundcard.dir/pico-sdk/src/rp2_common/hardware_boot_lock/boot_lock.c.o
 .debug_info    0x00018ad8      0x1b1 CMakeFiles/pico_6mic_soundcard.dir/pico-sdk/src/rp2_common/hardware_xosc/xosc.c.o
 .debug_info    0x00018c89      0x21a CMakeFiles/pico_6mic_soundcard.dir/pico-sdk/src/rp2_common/pico_runtime/runtime.c.o
 .debug_info    0x00018ea3     0x1c34 CMakeFiles/pico_6mic_soundcard.dir/pico-sdk/src/rp2_common/pico_runtime_init/runtime_init.c.o
 .debug_info    0x0001aad7      0x7c9 CMakeFiles/pico_6mic_soundcard.dir/pico-sdk/src/rp2_common/pico_runtime_init/runtime_init_clocks.c.o
 .debug_info    0x0001b2a0      0x2b8 CMakeFiles/pico_6mic_soundcard.dir/pico-sdk/src/rp2_common/pico_standard_binary_info/standard_binary_info.c.o
 .debug_info    0x0001b558     0x23a7 CMakeFiles/pico_6mic_soundcard.dir/pico-sdk/src/rp2_common/pico_printf/printf.c.o
 .debug_info    0x0001d8ff       0x23 CMakeFiles/pico_6mic_soundcard.dir/pico-sdk/src/rp2_common/pico_crt0/crt0.S.o
 .debug_info    0x0001d922      0xc25 CMakeFiles/pico_6mic_soundcard.dir/pico-sdk/src/rp2_common/pico_clib_interface/newlib_interface.c.o
 .debug_info    0x0001e547     0x1c6c CMakeFiles/pico_6mic_soundcard.dir/pico-sdk/src/rp2_common/pico_stdio/stdio.c.o
 .debug_info    0x000201b3     0x35ed CMakeFiles/pico_6mic_soundcard.dir/pico-sdk/src/rp2_common/hardware_pio/pio.c.o
 .debug_info    0x000237a0     0x2d28 CMakeFiles/pico_6mic_soundcard.dir/pico-sdk/lib/tinyusb/src/portable/raspberrypi/rp2040/dcd_rp2040.c.o
 .debug_info    0x000264c8     0x126b CMakeFiles/pico_6mic_soundcard.dir/pico-sdk/lib/tinyusb/src/portable/raspberrypi/rp2040/rp2040_usb.c.o
 .debug_info    0x00027733     0x4b99 CMakeFiles/pico_6mic_soundcard.dir/pico-sdk/lib/tinyusb/src/device/usbd.c.o
 .debug_info    0x0002c2cc      0xc13 CMakeFiles/pico_6mic_soundcard.dir/pico-sdk/lib/tinyusb/src/device/usbd_control.c.o
 .debug_info    0x0002cedf     0x35a2 CMakeFiles/pico_6mic_soundcard.dir/pico-sdk/lib/tinyusb/src/class/audio/audio_device.c.o
 .debug_info    0x00030481     0x2081 CMakeFiles/pico_6mic_soundcard.dir/pico-sdk/lib/tinyusb/src/tusb.c.o
 .debug_info    0x00032502     0x288a CMakeFiles/pico_6mic_soundcard.dir/pico-sdk/lib/tinyusb/src/common/tusb_fifo.c.o
 .debug_info    0x00034d8c      0xd56 CMakeFiles/pico_6mic_soundcard.dir/pico-sdk/lib/tinyusb/hw/bsp/rp2040/family.c.o
 .debug_info    0x00035ae2      0x2b7 CMakeFiles/pico_6mic_soundcard.dir/pico-sdk/src/rp2_common/pico_unique_id/unique_id.c.o

.debug_abbrev   0x00000000     0x879f
 .debug_abbrev  0x00000000      0x4ff CMakeFiles/pico_6mic_soundcard.dir/main.c.o
 .debug_abbrev  0x000004ff      0x1d1 CMakeFiles/pico_6mic_soundcard.dir/usb_descriptors.c.o
 .debug_abbrev  0x000006d0      0x558 CMakeFiles/pico_6mic_soundcard.dir/pico-sdk/src/rp2_common/hardware_gpio/gpio.c.o
 .debug_abbrev  0x00000c28      0x12b CMakeFiles/pico_6mic_soundcard.dir/pico-sdk/src/rp2_common/pico_platform_panic/panic.c.o
 .debug_abbrev  0x00000d53      0x35e CMakeFiles/pico_6mic_soundcard.dir/pico-sdk/src/common/hardware_claim/claim.c.o
 .debug_abbrev  0x000010b1      0x22f CMakeFiles/pico_6mic_soundcard.dir/pico-sdk/src/rp2_common/hardware_sync/sync.c.o
 .debug_abbrev  0x000012e0      0x26e CMakeFiles/pico_6mic_soundcard.dir/pico-sdk/src/rp2_common/hardware_sync_spin_lock/sync_spin_lock.c.o
 .debug_abbrev  0x0000154e      0x63b CMakeFiles/pico_6mic_soundcard.dir/pico-sdk/src/rp2_common/hardware_irq/irq.c.o
 .debug_abbrev  0x00001b89      0x11e CMakeFiles/pico_6mic_soundcard.dir/pico-sdk/src/common/pico_sync/lock_core.c.o
 .debug_abbrev  0x00001ca7      0x49b CMakeFiles/pico_6mic_soundcard.dir/pico-sdk/src/common/pico_sync/mutex.c.o
 .debug_abbrev  0x00002142      0x23a CMakeFiles/pico_6mic_soundcard.dir/pico-sdk/src/common/pico_sync/critical_section.c.o
 .debug_abbrev  0x0000237c      0x644 CMakeFiles/pico_6mic_soundcard.dir/pico-sdk/src/common/pico_time/time.c.o
 .debug_abbrev  0x000029c0      0x4f9 CMakeFiles/pico_6mic_soundcard.dir/pico-sdk/src/rp2_common/hardware_timer/timer.c.o
 .debug_abbrev  0x00002eb9      0x517 CMakeFiles/pico_6mic_soundcard.dir/pico-sdk/src/rp2_common/hardware_clocks/clocks.c.o
 .debug_abbrev  0x000033d0      0x1a8 CMakeFiles/pico_6mic_soundcard.dir/pico-sdk/src/rp2_common/hardware_pll/pll.c.o
 .debug_abbrev  0x00003578      0x146 CMakeFiles/pico_6mic_soundcard.dir/pico-sdk/src/rp2_common/hardware_ticks/ticks.c.o
 .debug_abbrev  0x000036be      0x458 CMakeFiles/pico_6mic_soundcard.dir/pico-sdk/src/rp2_common/pico_bootrom/bootrom.c.o
 .debug_abbrev  0x00003b16       0xfb CMakeFiles/pico_6mic_soundcard.dir/pico-sdk/src/rp2_common/pico_bootrom/bootrom_lock.c.o
 .debug_abbrev  0x00003c11      0x1de CMakeFiles/pico_6mic_soundcard.dir/pico-sdk/src/rp2_common/hardware_boot_lock/boot_lock.c.o
 .debug_abbrev  0x00003def      0x109 CMakeFiles/pico_6mic_soundcard.dir/pico-sdk/src/rp2_common/hardware_xosc/xosc.c.o
 .debug_abbrev  0x00003ef8      0x182 CMakeFiles/pico_6mic_soundcard.dir/pico-sdk/src/rp2_common/pico_runtime/runtime.c.o
 .debug_abbrev  0x0000407a      0x310 CMakeFiles/pico_6mic_soundcard.dir/pico-sdk/src/rp2_common/pico_runtime_init/runtime_init.c.o
 .debug_abbrev  0x0000438a      0x2b8 CMakeFiles/pico_6mic_soundcard.dir/pico-sdk/src/rp2_common/pico_runtime_init/runtime_init_clocks.c.o
 .debug_abbrev  0x00004642       0xb8 CMakeFiles/pico_6mic_soundcard.dir/pico-sdk/src/rp2_common/pico_standard_binary_info/standard_binary_info.c.o
 .debug_abbrev  0x000046fa      0x505 CMakeFiles/pico_6mic_soundcard.dir/pico-sdk/src/rp2_common/pico_printf/printf.c.o
 .debug_abbrev  0x00004bff       0x12 CMakeFiles/pico_6mic_soundcard.dir/pico-sdk/src/rp2_common/pico_crt0/crt0.S.o
 .debug_abbrev  0x00004c11      0x375 CMakeFiles/pico_6mic_soundcard.dir/pico-sdk/src/rp2_common/pico_clib_interface/newlib_interface.c.o
 .debug_abbrev  0x00004f86      0x5fd CMakeFiles/pico_6mic_soundcard.dir/pico-sdk/src/rp2_common/pico_stdio/stdio.c.o
 .debug_abbrev  0x00005583      0x59f CMakeFiles/pico_6mic_soundcard.dir/pico-sdk/src/rp2_common/hardware_pio/pio.c.o
 .debug_abbrev  0x00005b22      0x610 CMakeFiles/pico_6mic_soundcard.dir/pico-sdk/lib/tinyusb/src/portable/raspberrypi/rp2040/dcd_rp2040.c.o
 .debug_abbrev  0x00006132      0x48e CMakeFiles/pico_6mic_soundcard.dir/pico-sdk/lib/tinyusb/src/portable/raspberrypi/rp2040/rp2040_usb.c.o
 .debug_abbrev  0x000065c0      0x84e CMakeFiles/pico_6mic_soundcard.dir/pico-sdk/lib/tinyusb/src/device/usbd.c.o
 .debug_abbrev  0x00006e0e      0x3ed CMakeFiles/pico_6mic_soundcard.dir/pico-sdk/lib/tinyusb/src/device/usbd_control.c.o
 .debug_abbrev  0x000071fb      0x5ed CMakeFiles/pico_6mic_soundcard.dir/pico-sdk/lib/tinyusb/src/class/audio/audio_device.c.o
 .debug_abbrev  0x000077e8      0x575 CMakeFiles/pico_6mic_soundcard.dir/pico-sdk/lib/tinyusb/src/tusb.c.o