Archive member included to satisfy reference by file (symbol)

/opt/arm/arm-gnu-toolchain-14.3.rel1-x86_64-arm-none-eabi/bin/../lib/gcc/arm-none-eabi/14.3.1/../../../../arm-none-eabi/lib/thumb/v8-m.main+fp/softfp/libm.a(libm_a-wf_sqrt.o)
                              CMakeFiles/pico_6mic_soundcard.dir/pico-sdk/src/rp2_common/pico_float/float_math.c.o (sqrtf)
/opt/arm/arm-gnu-toolchain-14.3.rel1-x86_64-arm-none-eabi/bin/../lib/gcc/arm-none-eabi/14.3.1/../../../../arm-none-eabi/lib/thumb/v8-m.main+fp/softfp/libm.a(libm_a-ef_sqrt.o)
                              /opt/arm/arm-gnu-toolchain-14.3.rel1-x86_64-arm-none-eabi/bin/../lib/gcc/arm-none-eabi/14.3.1/../../../../arm-none-eabi/lib/thumb/v8-m.main+fp/softfp/libm.a(libm_a-wf_sqrt.o) (__ieee754_sqrtf)
/opt/arm/arm-gnu-toolchain-14.3.rel1-x86_64-arm-none-eabi/bin/../lib/gcc/arm-none-eabi/14.3.1/thumb/v8-m.main+fp/softfp/libgcc.a(_arm_addsubdf3.o)
                              CMakeFiles/pico_6mic_soundcard.dir/pico-sdk/src/rp2_common/pico_float/float_math.c.o (__aeabi_f2d)
/opt/arm/arm-gnu-toolchain-14.3.rel1-x86_64-arm-none-eabi/bin/../lib/gcc/arm-none-eabi/14.3.1/thumb/v8-m.main+fp/softfp/libgcc.a(_aeabi_ldivmod.o)
                              CMakeFiles/pico_6mic_soundcard.dir/pico-sdk/src/common/pico_time/time.c.o (__aeabi_ldivmod)
/opt/arm/arm-gnu-toolchain-14.3.rel1-x86_64-arm-none-eabi/bin/../lib/gcc/arm-none-eabi/14.3.1/thumb/v8-m.main+fp/softfp/libgcc.a(_aeabi_uldivmod.o)
                              CMakeFiles/pico_6mic_soundcard.dir/pico-sdk/src/rp2_common/hardware_clocks/clocks.c.o (__aeabi_uldivmod)
/opt/arm/arm-gnu-toolchain-14.3.rel1-x86_64-arm-none-eabi/bin/../lib/gcc/arm-none-eabi/14.3.1/thumb/v8-m.main+fp/softfp/libgcc.a(_udivmoddi4.o)
                              /opt/arm/arm-gnu-toolchain-14.3.rel1-x86_64-arm-none-eabi/bin/../lib/gcc/arm-none-eabi/14.3.1/thumb/v8-m.main+fp/softfp/libgcc.a(_aeabi_ldivmod.o) (__udivmoddi4)
/opt/arm/arm-gnu-toolchain-14.3.rel1-x86_64-arm-none-eabi/bin/../lib/gcc/arm-none-eabi/14.3.1/thumb/v8-m.main+fp/softfp/libgcc.a(_dvmd_tls.o)
                              /opt/arm/arm-gnu-toolchain-14.3.rel1-x86_64-arm-none-eabi/bin/../lib/gcc/arm-none-eabi/14.3.1/thumb/v8-m.main+fp/softfp/libgcc.a(_aeabi_ldivmod.o) (__aeabi_ldiv0)
/opt/arm/arm-gnu-toolchain-14.3.rel1-x86_64-arm-none-eabi/bin/../lib/gcc/arm-none-eabi/14.3.1/../../../../arm-none-eabi/lib/thumb/v8-m.main+fp/softfp/libg.a(libc_a-calloc.o)
                              CMakeFiles/pico_6mic_soundcard.dir/pico-sdk/src/rp2_common/pico_malloc/malloc.c.o (calloc)
/opt/arm/arm-gnu-toolchain-14.3.rel1-x86_64-arm-none-eabi/bin/../lib/gcc/arm-none-eabi/14.3.1/../../../../arm-none-eabi/lib/thumb/v8-m.main+fp/softfp/libg.a(libc_a-callocr.o)
                              /opt/arm/arm-gnu-toolchain-14.3.rel1-x86_64-arm-none-eabi/bin/../lib/gcc/arm-none-eabi/14.3.1/../../../../arm-none-eabi/lib/thumb/v8-m.main+fp/softfp/libg.a(libc_a-calloc.o) (_calloc_r)
/opt/arm/arm-gnu-toolchain-14.3.rel1-x86_64-arm-none-eabi/bin/../lib/gcc/arm-none-eabi/14.3.1/../../../../arm-none-eabi/lib/thumb/v8-m.main+fp/softfp/libg.a(libc_a-malloc.o)
                              CMakeFiles/pico_6mic_soundcard.dir/pico-sdk/src/rp2_common/pico_malloc/malloc.c.o (malloc)
/opt/arm/arm-gnu-toolchain-14.3.rel1-x86_64-arm-none-eabi/bin/../lib/gcc/arm-none-eabi/14.3.1/../../../../arm-none-eabi/lib/thumb/v8-m.main+fp/softfp/libg.a(libc_a-mallocr.o)
                              /opt/arm/arm-gnu-toolchain-14.3.rel1-x86_64-arm-none-eabi/bin/../lib/gcc/arm-none-eabi/14.3.1/../../../../arm-none-eabi/lib/thumb/v8-m.main+fp/softfp/libg.a(libc_a-callocr.o) (_malloc_r)
/opt/arm/arm-gnu-toolchain-14.3.rel1-x86_64-arm-none-eabi/bin/../lib/gcc/arm-none-eabi/14.3.1/../../../../arm-none-eabi/lib/thumb/v8-m.main+fp/softfp/libg.a(libc_a-mlock.o)
                              /opt/arm/arm-gnu-toolchain-14.3.rel1-x86_64-arm-none-eabi/bin/../lib/gcc/arm-none-eabi/14.3.1/../../../../arm-none-eabi/lib/thumb/v8-m.main+fp/softfp/libg.a(libc_a-mallocr.o) (__malloc_lock)
/opt/arm/arm-gnu-toolchain-14.3.rel1-x86_64-arm-none-eabi/bin/../lib/gcc/arm-none-eabi/14.3.1/../../../../arm-none-eabi/lib/thumb/v8-m.main+fp/softfp/libg.a(libc_a-realloc.o)
                              CMakeFiles/pico_6mic_soundcard.dir/pico-sdk/src/rp2_common/pico_malloc/malloc.c.o (realloc)
/opt/arm/arm-gnu-toolchain-14.3.rel1-x86_64-arm-none-eabi/bin/../lib/gcc/arm-none-eabi/14.3.1/../../../../arm-none-eabi/lib/thumb/v8-m.main+fp/softfp/libg.a(libc_a-reallocr.o)
                              /opt/arm/arm-gnu-toolchain-14.3.rel1-x86_64-arm-none-eabi/bin/../lib/gcc/arm-none-eabi/14.3.1/../../../../arm-none-eabi/lib/thumb/v8-m.main+fp/softfp/libg.a(libc_a-realloc.o) (_realloc_r)
/opt/arm/arm-gnu-toolchain-14.3.rel1-x86_64-arm-none-eabi/bin/../lib/gcc/arm-none-eabi/14.3.1/../../../../arm-none-eabi/lib/thumb/v8-m.main+fp/softfp/libg.a(libc_a-memcmp.o)
[...]
Memory Configuration

Name             Origin             Length             Attributes
FLASH            0x10000000         0x00400000         xr
RAM              0x20000000         0x00080000         xrw
SCRATCH_X        0x20080000         0x00001000         xrw
SCRATCH_Y        0x20081000         0x00001000         xrw
*default*        0x00000000         0xffffffff

Linker script and memory map

LOAD /opt/arm/arm-gnu-toolchain-14.3.rel1-x86_64-arm-none-eabi/bin/../lib/gcc/arm-none-eabi/14.3.1/thumb/v8-m.main+fp/softfp/crti.o
LOAD /opt/arm/arm-gnu-toolchain-14.3.rel1-x86_64-arm-none-eabi/bin/../lib/gcc/arm-none-eabi/14.3.1/thumb/v8-m.main+fp/softfp/crtbegin.o
LOAD /opt/arm/arm-gnu-toolchain-14.3.rel1-x86_64-arm-none-eabi/bin/../lib/gcc/arm-none-eabi/14.3.1/../../../../arm-none-eabi/lib/thumb/v8-m.main+fp/softfp/crt0.o

.flash_begin    0x10000000        0x0
                0x10000000                        __flash_binary_start = .

.text           0x10000000     0x34e8
                0x10000000                        __logical_binary_start = .
 *(.vectors)
 .vectors       0x10000000      0x124 CMakeFiles/pico_6mic_soundcard.dir/pico-sdk/src/rp2_common/pico_crt0/crt0.S.o
                0x10000000                __vectors
                0x10000000                __VECTOR_TABLE
                0x10000110                isr_securefault
                0x10000110                isr_irq30
                0x10000110                __unhandled_user_irq
                0x10000110                isr_irq49
                0x10000110                isr_irq13
                0x10000110                isr_irq43
                0x10000110                isr_irq45
                0x10000110                isr_irq27
                0x10000110                isr_irq32
                0x10000110                isr_irq31
                0x10000110                isr_irq5
                0x10000110                isr_irq11
                0x10000110                isr_irq23
                0x10000110                isr_usagefault
                0x10000110                isr_irq48
                0x10000110                isr_irq35
                0x10000110                isr_irq18
                0x10000110                isr_irq50
                0x10000110                isr_irq40
                0x10000110                isr_irq28
                0x10000110                isr_irq19
                0x10000110                isr_irq36
                0x10000110                isr_irq41
                0x10000110                isr_irq0
                0x10000110                isr_irq6
                0x10000110                isr_memmanage
                0x10000110                isr_irq37
                0x10000110                isr_irq42
                0x10000110                isr_irq22
                0x10000110                isr_irq17
                0x10000110                isr_irq38
                0x10000110                isr_irq14
                0x10000110                __vectors_end
                0x10000110                __default_isrs_start
                0x10000110                isr_irq2
                0x10000110                isr_irq10
                0x10000110                isr_irq8
                0x10000110                isr_debugmonitor
                0x10000110                isr_irq24
                0x10000110                isr_irq46
                0x10000110                isr_irq1
                0x10000110                isr_irq47
                0x10000110                isr_irq51
                0x10000110                isr_irq7
                0x10000110                isr_irq21
                0x10000110                isr_irq39
                0x10000110                isr_irq20
                0x10000110                isr_irq15
                0x10000110                isr_irq25
                0x10000110                isr_irq34
                0x10000110                isr_irq4
                0x10000110                isr_busfault
                0x10000110                isr_irq16
                0x10000110                isr_irq44
                0x10000110                isr_irq29
                0x10000110                isr_irq26
                0x10000110                isr_irq33
                0x10000110                isr_irq3
                0x10000110                isr_irq12
                0x10000110                isr_irq9
                0x10000116                unhandled_user_irq_num_in_r0
                0x10000118                isr_invalid
                0x1000011a                isr_nmi
                0x1000011c                isr_hardfault
                0x1000011e                isr_svcall
                0x10000120                isr_pendsv
                0x10000122                isr_systick
                0x10000124                __default_isrs_end
 *(.binary_info_header)
 .binary_info_header
                0x10000124       0x14 CMakeFiles/pico_6mic_soundcard.dir/pico-sdk/src/rp2_common/pico_crt0/crt0.S.o
                0x10000138                        __binary_info_header_end = .
 *(.embedded_block)
 .embedded_block
                0x10000138       0x14 CMakeFiles/pico_6mic_soundcard.dir/pico-sdk/src/rp2_common/pico_crt0/crt0.S.o
                0x1000014c                        __embedded_block_end = .
 *(.reset)
 .reset         0x1000014c       0x98 CMakeFiles/pico_6mic_soundcard.dir/pico-sdk/src/rp2_common/pico_crt0/crt0.S.o
                0x1000014c                _entry_point
 *(.init)
 .init          0x100001e4        0x4 /opt/arm/arm-gnu-toolchain-14.3.rel1-x86_64-arm-none-eabi/bin/../lib/gcc/arm-none-eabi/14.3.1/thumb/v8-m.main+fp/softfp/crti.o
                0x100001e4                _init
 *libgcc.a:cmse_nonsecure_call.o()
 *(EXCLUDE_FILE(*libm.a: *libc.a:*lib_a-mem*.o *libgcc.a:) .text*)
 .text.register_tm_clones
                0x100001e8       0x28 /opt/arm/arm-gnu-toolchain-14.3.rel1-x86_64-arm-none-eabi/bin/../lib/gcc/arm-none-eabi/14.3.1/thumb/v8-m.main+fp/softfp/crtbegin.o
 .text.frame_dummy
                0x10000210       0x24 /opt/arm/arm-gnu-toolchain-14.3.rel1-x86_64-arm-none-eabi/bin/../lib/gcc/arm-none-eabi/14.3.1/thumb/v8-m.main+fp/softfp/crtbegin.o
 .text.startup.main
                0x10000234       0x90 CMakeFiles/pico_6mic_soundcard.dir/main.c.o
                0x10000234                main
 .text.tud_mount_cb
                0x100002c4        0x4 CMakeFiles/pico_6mic_soundcard.dir/main.c.o
                0x100002c4                tud_mount_cb
 .text.tud_umount_cb
                0x100002c8        0x4 CMakeFiles/pico_6mic_soundcard.dir/main.c.o
                0x100002c8                tud_umount_cb
 .text.tud_suspend_cb
                0x100002cc        0x4 CMakeFiles/pico_6mic_soundcard.dir/main.c.o
                0x100002cc                tud_suspend_cb
 .text.tud_resume_cb
                0x100002d0        0x4 CMakeFiles/pico_6mic_soundcard.dir/main.c.o
                0x100002d0                tud_resume_cb
 .text.tud_audio_tx_done_pre_load_cb
                0x100002d4       0x2c CMakeFiles/pico_6mic_soundcard.dir/main.c.o
                0x100002d4                tud_audio_tx_done_pre_load_cb
 .text.tud_descriptor_device_cb
                0x10000300        0x8 CMakeFiles/pico_6mic_soundcard.dir/usb_descriptors.c.o
                0x10000300                tud_descriptor_device_cb
 .text.tud_descriptor_configuration_cb
                0x10000308       0x20 CMakeFiles/pico_6mic_soundcard.dir/usb_descriptors.c.o
                0x10000308                tud_descriptor_configuration_cb
 .text.tud_descriptor_string_cb
                0x10000328       0x68 CMakeFiles/pico_6mic_soundcard.dir/usb_descriptors.c.o
                0x10000328                tud_descriptor_string_cb
 .text.gpio_init
                0x10000390       0x48 CMakeFiles/pico_6mic_soundcard.dir/pico-sdk/src/rp2_common/hardware_gpio/gpio.c.o
                0x10000390                gpio_init
 .text.panic    0x100003d8       0x30 CMakeFiles/pico_6mic_soundcard.dir/pico-sdk/src/rp2_common/pico_platform_panic/panic.c.o
                0x100003d8                panic
 .text.hw_claim_or_assert
                0x10000408       0x58 CMakeFiles/pico_6mic_soundcard.dir/pico-sdk/src/common/hardware_claim/claim.c.o
                0x10000408                hw_claim_or_assert
 .text.hw_claim_unused_from_range
                0x10000460       0x80 CMakeFiles/pico_6mic_soundcard.dir/pico-sdk/src/common/hardware_claim/claim.c.o
                0x10000460                hw_claim_unused_from_range
 .text.next_striped_spin_lock_num
                0x100004e0       0x18 CMakeFiles/pico_6mic_soundcard.dir/pico-sdk/src/rp2_common/hardware_sync/sync.c.o
                0x100004e0                next_striped_spin_lock_num
 .text.spin_lock_claim_unused
                0x100004f8       0x20 CMakeFiles/pico_6mic_soundcard.dir/pico-sdk/src/rp2_common/hardware_sync/sync.c.o
                0x100004f8                spin_lock_claim_unused
 .text.spinlock_set_extexclall
                0x10000518       0x10 CMakeFiles/pico_6mic_soundcard.dir/pico-sdk/src/rp2_common/hardware_sync_spin_lock/sync_spin_lock.c.o
 .text.spin_locks_reset
                0x10000528       0x18 CMakeFiles/pico_6mic_soundcard.dir/pico-sdk/src/rp2_common/hardware_sync_spin_lock/sync_spin_lock.c.o
                0x10000528                spin_locks_reset
 .text.runtime_init_per_core_irq_priorities
                0x10000540       0x40 CMakeFiles/pico_6mic_soundcard.dir/pico-sdk/src/rp2_common/hardware_irq/irq.c.o
                0x10000540                runtime_init_per_core_irq_priorities
 .text.irq_set_enabled
                0x10000580       0x2c CMakeFiles/pico_6mic_soundcard.dir/pico-sdk/src/rp2_common/hardware_irq/irq.c.o
                0x10000580                irq_set_enabled
 .text.irq_set_exclusive_handler
                0x100005ac       0x60 CMakeFiles/pico_6mic_soundcard.dir/pico-sdk/src/rp2_common/hardware_irq/irq.c.o
                0x100005ac                irq_set_exclusive_handler
 .text.irq_add_shared_handler
                0x1000060c      0x1e8 CMakeFiles/pico_6mic_soundcard.dir/pico-sdk/src/rp2_common/hardware_irq/irq.c.o
                0x1000060c                irq_add_shared_handler
 .text.irq_add_tail_to_free_list
                0x100007f4       0xbc CMakeFiles/pico_6mic_soundcard.dir/pico-sdk/src/rp2_common/hardware_irq/irq.c.o
                0x100007f4                irq_add_tail_to_free_list
 .text.lock_init
                0x100008b0        0xc CMakeFiles/pico_6mic_soundcard.dir/pico-sdk/src/common/pico_sync/lock_core.c.o
                0x100008b0                lock_init
 .text.runtime_init_mutex
                0x100008bc       0x4c CMakeFiles/pico_6mic_soundcard.dir/pico-sdk/src/common/pico_sync/mutex.c.o
                0x100008bc                runtime_init_mutex
 .text.mutex_init
                0x10000908       0x1c CMakeFiles/pico_6mic_soundcard.dir/pico-sdk/src/common/pico_sync/mutex.c.o
                0x10000908                mutex_init
 .text.critical_section_init
                0x10000924       0x1c CMakeFiles/pico_6mic_soundcard.dir/pico-sdk/src/common/pico_sync/critical_section.c.o
                0x10000924                critical_section_init
 .text.sleep_until_callback
                0x10000940       0x3c CMakeFiles/pico_6mic_soundcard.dir/pico-sdk/src/common/pico_time/time.c.o
 *fill*         0x1000097c        0x4 
 .text.alarm_pool_irq_handler
                0x10000980      0x2fc CMakeFiles/pico_6mic_soundcard.dir/pico-sdk/src/common/pico_time/time.c.o
 .text.runtime_init_default_alarm_pool
                0x10000c7c      0x100 CMakeFiles/pico_6mic_soundcard.dir/pico-sdk/src/common/pico_time/time.c.o
                0x10000c7c                runtime_init_default_alarm_pool
 .text.alarm_pool_add_alarm_at_force_in_context
                0x10000d7c       0xc8 CMakeFiles/pico_6mic_soundcard.dir/pico-sdk/src/common/pico_time/time.c.o
                0x10000d7c                alarm_pool_add_alarm_at_force_in_context
 .text.alarm_pool_cancel_alarm
                0x10000e44       0x80 CMakeFiles/pico_6mic_soundcard.dir/pico-sdk/src/common/pico_time/time.c.o
                0x10000e44                alarm_pool_cancel_alarm
 .text.best_effort_wfe_or_timeout
                0x10000ec4       0xd4 CMakeFiles/pico_6mic_soundcard.dir/pico-sdk/src/common/pico_time/time.c.o
                0x10000ec4                best_effort_wfe_or_timeout
 .text.timer_hardware_alarm_claim
                0x10000f98       0x24 CMakeFiles/pico_6mic_soundcard.dir/pico-sdk/src/rp2_common/hardware_timer/timer.c.o
                0x10000f98                timer_hardware_alarm_claim
 .text.timer_time_us_64
                0x10000fbc       0x10 CMakeFiles/pico_6mic_soundcard.dir/pico-sdk/src/rp2_common/hardware_timer/timer.c.o
                0x10000fbc                timer_time_us_64
 .text.time_us_64
                0x10000fcc       0x14 CMakeFiles/pico_6mic_soundcard.dir/pico-sdk/src/rp2_common/hardware_timer/timer.c.o
                0x10000fcc                time_us_64
 .text.clock_configure_undivided
                0x10000fe0       0xd0 CMakeFiles/pico_6mic_soundcard.dir/pico-sdk/src/rp2_common/hardware_clocks/clocks.c.o
                0x10000fe0                clock_configure_undivided
 .text.clock_get_hz
                0x100010b0        0xc CMakeFiles/pico_6mic_soundcard.dir/pico-sdk/src/rp2_common/hardware_clocks/clocks.c.o
                0x100010b0                clock_get_hz
 .text.pll_init
                0x100010bc       0x8c CMakeFiles/pico_6mic_soundcard.dir/pico-sdk/src/rp2_common/hardware_pll/pll.c.o
                0x100010bc                pll_init
 .text.tick_start
                0x10001148       0x18 CMakeFiles/pico_6mic_soundcard.dir/pico-sdk/src/rp2_common/hardware_ticks/ticks.c.o
                0x10001148                tick_start
 .text.rom_func_lookup
                0x10001160       0x18 CMakeFiles/pico_6mic_soundcard.dir/pico-sdk/src/rp2_common/pico_bootrom/bootrom.c.o
                0x10001160                rom_func_lookup
 .text.runtime_init_bootrom_locking_enable
                0x10001178       0x14 CMakeFiles/pico_6mic_soundcard.dir/pico-sdk/src/rp2_common/pico_bootrom/bootrom_lock.c.o
                0x10001178                runtime_init_bootrom_locking_enable
 .text.runtime_init_boot_locks_reset
                0x1000118c       0x1c CMakeFiles/pico_6mic_soundcard.dir/pico-sdk/src/rp2_common/hardware_boot_lock/boot_lock.c.o
                0x1000118c                runtime_init_boot_locks_reset
 .text.xosc_init
                0x100011a8       0x30 CMakeFiles/pico_6mic_soundcard.dir/pico-sdk/src/rp2_common/hardware_xosc/xosc.c.o
                0x100011a8                xosc_init
 .text.first_per_core_initializer
                0x100011d8        0x4 CMakeFiles/pico_6mic_soundcard.dir/pico-sdk/src/rp2_common/pico_runtime/runtime.c.o
 .text.hard_assertion_failure
                0x100011dc        0xc CMakeFiles/pico_6mic_soundcard.dir/pico-sdk/src/rp2_common/pico_runtime/runtime.c.o
                0x100011dc                hard_assertion_failure
 .text.runtime_run_initializers
                0x100011e8       0x20 CMakeFiles/pico_6mic_soundcard.dir/pico-sdk/src/rp2_common/pico_runtime/runtime.c.o
                0x100011e8                runtime_run_initializers
 .text.runtime_init_early_resets
                0x10001208       0x34 CMakeFiles/pico_6mic_soundcard.dir/pico-sdk/src/rp2_common/pico_runtime_init/runtime_init.c.o
                0x10001208                runtime_init_early_resets
 .text.runtime_init_usb_power_down
                0x1000123c       0x1c CMakeFiles/pico_6mic_soundcard.dir/pico-sdk/src/rp2_common/pico_runtime_init/runtime_init.c.o
                0x1000123c                runtime_init_usb_power_down
 .text.runtime_init_per_core_enable_coprocessors
                0x10001258       0x1c CMakeFiles/pico_6mic_soundcard.dir/pico-sdk/src/rp2_common/pico_runtime_init/runtime_init.c.o
                0x10001258                runtime_init_per_core_enable_coprocessors
 .text.runtime_init_post_clock_resets
                0x10001274       0x20 CMakeFiles/pico_6mic_soundcard.dir/pico-sdk/src/rp2_common/pico_runtime_init/runtime_init.c.o
                0x10001274                runtime_init_post_clock_resets
 .text.runtime_init_bootrom_reset
                0x10001294       0x14 CMakeFiles/pico_6mic_soundcard.dir/pico-sdk/src/rp2_common/pico_runtime_init/runtime_init.c.o
                0x10001294                runtime_init_bootrom_reset
 .text.runtime_init_per_core_bootrom_reset
                0x100012a8       0x14 CMakeFiles/pico_6mic_soundcard.dir/pico-sdk/src/rp2_common/pico_runtime_init/runtime_init.c.o
                0x100012a8                runtime_init_per_core_bootrom_reset
 .text.runtime_init_spin_locks_reset
                0x100012bc        0x4 CMakeFiles/pico_6mic_soundcard.dir/pico-sdk/src/rp2_common/pico_runtime_init/runtime_init.c.o
                0x100012bc                runtime_init_spin_locks_reset
 .text.runtime_init_install_ram_vector_table
                0x100012c0       0x68 CMakeFiles/pico_6mic_soundcard.dir/pico-sdk/src/rp2_common/pico_runtime_init/runtime_init.c.o
                0x100012c0                runtime_init_install_ram_vector_table
 .text.runtime_init_clocks
                0x10001328       0xdc CMakeFiles/pico_6mic_soundcard.dir/pico-sdk/src/rp2_common/pico_runtime_init/runtime_init_clocks.c.o
                0x10001328                runtime_init_clocks
 .text._out_char
                0x10001404        0x8 CMakeFiles/pico_6mic_soundcard.dir/pico-sdk/src/rp2_common/pico_printf/printf.c.o
 .text.weak_raw_vprintf
                0x1000140c       0x30 CMakeFiles/pico_6mic_soundcard.dir/pico-sdk/src/rp2_common/pico_printf/printf.c.o
                0x1000140c                weak_raw_vprintf
 .text._exit    0x1000143c        0x4 CMakeFiles/pico_6mic_soundcard.dir/pico-sdk/src/rp2_common/pico_clib_interface/newlib_interface.c.o
                0x1000143c                _exit
 .text.exit     0x10001440        0x8 CMakeFiles/pico_6mic_soundcard.dir/pico-sdk/src/rp2_common/pico_clib_interface/newlib_interface.c.o
                0x10001440                exit
 .text.runtime_init
                0x10001448       0x24 CMakeFiles/pico_6mic_soundcard.dir/pico-sdk/src/rp2_common/pico_clib_interface/newlib_interface.c.o
                0x10001448                runtime_init
 .text.stdio_out_chars_no_crlf
                0x1000146c        0x8 CMakeFiles/pico_6mic_soundcard.dir/pico-sdk/src/rp2_common/pico_stdio/stdio.c.o
 .text.stdio_out_chars_crlf
                0x10001474       0xb0 CMakeFiles/pico_6mic_soundcard.dir/pico-sdk/src/rp2_common/pico_stdio/stdio.c.o
 .text.stdio_put_string
                0x10001524       0xec CMakeFiles/pico_6mic_soundcard.dir/pico-sdk/src/rp2_common/pico_stdio/stdio.c.o
                0x10001524                stdio_put_string
 .text.stdio_init_all
                0x10001610        0x4 CMakeFiles/pico_6mic_soundcard.dir/pico-sdk/src/rp2_common/pico_stdio/stdio.c.o
                0x10001610                stdio_init_all
 .text.__wrap_putchar
                0x10001614       0x84 CMakeFiles/pico_6mic_soundcard.dir/pico-sdk/src/rp2_common/pico_stdio/stdio.c.o
                0x10001614                stdio_putchar
                0x10001614                __wrap_putchar
 .text.__wrap_puts
                0x10001698       0x3c CMakeFiles/pico_6mic_soundcard.dir/pico-sdk/src/rp2_common/pico_stdio/stdio.c.o
                0x10001698                __wrap_puts
                0x10001698                stdio_puts
 .text.dcd_init
                0x100016d4       0x8c CMakeFiles/pico_6mic_soundcard.dir/pico-sdk/lib/tinyusb/src/portable/raspberrypi/rp2040/dcd_rp2040.c.o
                0x100016d4                dcd_init
 .text.dcd_int_enable
                0x10001760        0x8 CMakeFiles/pico_6mic_soundcard.dir/pico-sdk/lib/tinyusb/src/portable/raspberrypi/rp2040/dcd_rp2040.c.o
                0x10001760                dcd_int_enable
 .text.dcd_set_address
                0x10001768       0x10 CMakeFiles/pico_6mic_soundcard.dir/pico-sdk/lib/tinyusb/src/portable/raspberrypi/rp2040/dcd_rp2040.c.o
                0x10001768                dcd_set_address
 .text.dcd_sof_enable
                0x10001778       0x1c CMakeFiles/pico_6mic_soundcard.dir/pico-sdk/lib/tinyusb/src/portable/raspberrypi/rp2040/dcd_rp2040.c.o
                0x10001778                dcd_sof_enable
 .text.dcd_edpt0_status_complete
                0x10001794       0x1c CMakeFiles/pico_6mic_soundcard.dir/pico-sdk/lib/tinyusb/src/portable/raspberrypi/rp2040/dcd_rp2040.c.o
                0x10001794                dcd_edpt0_status_complete
 .text.dcd_edpt_iso_activate
                0x100017b0       0x54 CMakeFiles/pico_6mic_soundcard.dir/pico-sdk/lib/tinyusb/src/portable/raspberrypi/rp2040/dcd_rp2040.c.o
                0x100017b0                dcd_edpt_iso_activate
 .text.dcd_edpt_close_all
                0x10001804        0x4 CMakeFiles/pico_6mic_soundcard.dir/pico-sdk/lib/tinyusb/src/portable/raspberrypi/rp2040/dcd_rp2040.c.o
                0x10001804                dcd_edpt_close_all
 .text.dcd_edpt_xfer
                0x10001808       0x28 CMakeFiles/pico_6mic_soundcard.dir/pico-sdk/lib/tinyusb/src/portable/raspberrypi/rp2040/dcd_rp2040.c.o
                0x10001808                dcd_edpt_xfer
 .text.dcd_edpt_stall
                0x10001830       0x30 CMakeFiles/pico_6mic_soundcard.dir/pico-sdk/lib/tinyusb/src/portable/raspberrypi/rp2040/dcd_rp2040.c.o
                0x10001830                dcd_edpt_stall
 .text.dcd_edpt_clear_stall
                0x10001860       0x24 CMakeFiles/pico_6mic_soundcard.dir/pico-sdk/lib/tinyusb/src/portable/raspberrypi/rp2040/dcd_rp2040.c.o
                0x10001860                dcd_edpt_clear_stall
 .text.rp2040_usb_init
                0x10001884       0x40 CMakeFiles/pico_6mic_soundcard.dir/pico-sdk/lib/tinyusb/src/portable/raspberrypi/rp2040/rp2040_usb.c.o
                0x10001884                rp2040_usb_init
 .text.hw_endpoint_xfer_start
                0x100018c4       0x40 CMakeFiles/pico_6mic_soundcard.dir/pico-sdk/lib/tinyusb/src/portable/raspberrypi/rp2040/rp2040_usb.c.o
                0x100018c4                hw_endpoint_xfer_start
 .text.tud_vendor_control_xfer_cb
                0x10001904        0x4 CMakeFiles/pico_6mic_soundcard.dir/pico-sdk/lib/tinyusb/src/device/usbd.c.o
                0x10001904                tud_vendor_control_xfer_cb
 .text.configuration_reset
                0x10001908       0x8c CMakeFiles/pico_6mic_soundcard.dir/pico-sdk/lib/tinyusb/src/device/usbd.c.o
 .text.tud_event_hook_cb
                0x10001994        0x4 CMakeFiles/pico_6mic_soundcard.dir/pico-sdk/lib/tinyusb/src/device/usbd.c.o
                0x10001994                tud_event_hook_cb
 .text.tud_sof_cb
                0x10001998        0x4 CMakeFiles/pico_6mic_soundcard.dir/pico-sdk/lib/tinyusb/src/device/usbd.c.o
                0x10001998                tud_sof_cb
 .text.tud_descriptor_bos_cb
                0x1000199c        0x4 CMakeFiles/pico_6mic_soundcard.dir/pico-sdk/lib/tinyusb/src/device/usbd.c.o
                0x1000199c                tud_descriptor_bos_cb
 .text.tud_descriptor_device_qualifier_cb
                0x100019a0        0x4 CMakeFiles/pico_6mic_soundcard.dir/pico-sdk/lib/tinyusb/src/device/usbd.c.o
                0x100019a0                tud_descriptor_device_qualifier_cb
 .text.tud_descriptor_other_speed_configuration_cb
                0x100019a4        0x4 CMakeFiles/pico_6mic_soundcard.dir/pico-sdk/lib/tinyusb/src/device/usbd.c.o
                0x100019a4                tud_descriptor_other_speed_configuration_cb
 .text.tud_speed_get
                0x100019a8        0xc CMakeFiles/pico_6mic_soundcard.dir/pico-sdk/lib/tinyusb/src/device/usbd.c.o
                0x100019a8                tud_speed_get
 .text.tud_rhport_init
                0x100019b4       0xf4 CMakeFiles/pico_6mic_soundcard.dir/pico-sdk/lib/tinyusb/src/device/usbd.c.o
                0x100019b4                tud_rhport_init
 .text.tud_task_ext
                0x10001aa8      0x758 CMakeFiles/pico_6mic_soundcard.dir/pico-sdk/lib/tinyusb/src/device/usbd.c.o
                0x10001aa8                tud_task_ext
 .text.usbd_edpt_xfer
                0x10002200       0x70 CMakeFiles/pico_6mic_soundcard.dir/pico-sdk/lib/tinyusb/src/device/usbd.c.o
                0x10002200                usbd_edpt_xfer
 .text.usbd_edpt_clear_stall
                0x10002270       0x3c CMakeFiles/pico_6mic_soundcard.dir/pico-sdk/lib/tinyusb/src/device/usbd.c.o
                0x10002270                usbd_edpt_clear_stall
 .text.usbd_edpt_iso_activate
                0x100022ac       0x7c CMakeFiles/pico_6mic_soundcard.dir/pico-sdk/lib/tinyusb/src/device/usbd.c.o
                0x100022ac                usbd_edpt_iso_activate
 .text.tud_control_status
                0x10002328       0x34 CMakeFiles/pico_6mic_soundcard.dir/pico-sdk/lib/tinyusb/src/device/usbd_control.c.o
                0x10002328                tud_control_status
 .text.tud_control_xfer
                0x1000235c       0xb0 CMakeFiles/pico_6mic_soundcard.dir/pico-sdk/lib/tinyusb/src/device/usbd_control.c.o
                0x1000235c                tud_control_xfer
 .text.usbd_control_reset
                0x1000240c       0x14 CMakeFiles/pico_6mic_soundcard.dir/pico-sdk/lib/tinyusb/src/device/usbd_control.c.o
                0x1000240c                usbd_control_reset
 .text.usbd_control_set_complete_callback
                0x10002420        0xc CMakeFiles/pico_6mic_soundcard.dir/pico-sdk/lib/tinyusb/src/device/usbd_control.c.o
                0x10002420                usbd_control_set_complete_callback
 .text.usbd_control_set_request
                0x1000242c       0x1c CMakeFiles/pico_6mic_soundcard.dir/pico-sdk/lib/tinyusb/src/device/usbd_control.c.o
                0x1000242c                usbd_control_set_request
 .text.usbd_control_xfer_cb
                0x10002448      0x100 CMakeFiles/pico_6mic_soundcard.dir/pico-sdk/lib/tinyusb/src/device/usbd_control.c.o
                0x10002448                usbd_control_xfer_cb
 .text.tud_audio_tx_done_post_load_cb
                0x10002548        0x4 CMakeFiles/pico_6mic_soundcard.dir/pico-sdk/lib/tinyusb/src/class/audio/audio_device.c.o
                0x10002548                tud_audio_tx_done_post_load_cb
 .text.audiod_tx_done_cb.constprop.0
                0x1000254c      0x148 CMakeFiles/pico_6mic_soundcard.dir/pico-sdk/lib/tinyusb/src/class/audio/audio_device.c.o
 .text.tud_audio_set_itf_cb
                0x10002694        0x4 CMakeFiles/pico_6mic_soundcard.dir/pico-sdk/lib/tinyusb/src/class/audio/audio_device.c.o
                0x10002694                tud_audio_set_itf_cb
 .text.tud_audio_set_itf_close_EP_cb
                0x10002698        0x4 CMakeFiles/pico_6mic_soundcard.dir/pico-sdk/lib/tinyusb/src/class/audio/audio_device.c.o
                0x10002698                tud_audio_set_itf_close_EP_cb
 .text.tud_audio_set_req_ep_cb
                0x1000269c        0x4 CMakeFiles/pico_6mic_soundcard.dir/pico-sdk/lib/tinyusb/src/class/audio/audio_device.c.o
                0x1000269c                tud_audio_set_req_ep_cb
 .text.tud_audio_set_req_itf_cb
                0x100026a0        0x4 CMakeFiles/pico_6mic_soundcard.dir/pico-sdk/lib/tinyusb/src/class/audio/audio_device.c.o
                0x100026a0                tud_audio_set_req_itf_cb
 .text.tud_audio_set_req_entity_cb
                0x100026a4        0x4 CMakeFiles/pico_6mic_soundcard.dir/pico-sdk/lib/tinyusb/src/class/audio/audio_device.c.o
                0x100026a4                tud_audio_set_req_entity_cb
 .text.tud_audio_get_req_ep_cb
                0x100026a8        0x4 CMakeFiles/pico_6mic_soundcard.dir/pico-sdk/lib/tinyusb/src/class/audio/audio_device.c.o
                0x100026a8                tud_audio_get_req_ep_cb
 .text.tud_audio_get_req_itf_cb
                0x100026ac        0x4 CMakeFiles/pico_6mic_soundcard.dir/pico-sdk/lib/tinyusb/src/class/audio/audio_device.c.o
                0x100026ac                tud_audio_get_req_itf_cb
 .text.tud_audio_get_req_entity_cb
                0x100026b0        0x4 CMakeFiles/pico_6mic_soundcard.dir/pico-sdk/lib/tinyusb/src/class/audio/audio_device.c.o
                0x100026b0                tud_audio_get_req_entity_cb
 .text.tud_audio_n_mounted
                0x100026b4       0x10 CMakeFiles/pico_6mic_soundcard.dir/pico-sdk/lib/tinyusb/src/class/audio/audio_device.c.o
                0x100026b4                tud_audio_n_mounted
 .text.tud_audio_n_write
                0x100026c4       0x18 CMakeFiles/pico_6mic_soundcard.dir/pico-sdk/lib/tinyusb/src/class/audio/audio_device.c.o
                0x100026c4                tud_audio_n_write
 .text.audiod_init
                0x100026dc       0x60 CMakeFiles/pico_6mic_soundcard.dir/pico-sdk/lib/tinyusb/src/class/audio/audio_device.c.o
                0x100026dc                audiod_init
 .text.audiod_deinit
                0x1000273c        0x4 CMakeFiles/pico_6mic_soundcard.dir/pico-sdk/lib/tinyusb/src/class/audio/audio_device.c.o
                0x1000273c                audiod_deinit
 .text.audiod_reset
                0x10002740       0x20 CMakeFiles/pico_6mic_soundcard.dir/pico-sdk/lib/tinyusb/src/class/audio/audio_device.c.o
                0x10002740                audiod_reset
 .text.audiod_open
                0x10002760       0x68 CMakeFiles/pico_6mic_soundcard.dir/pico-sdk/lib/tinyusb/src/class/audio/audio_device.c.o
                0x10002760                audiod_open
 .text.audiod_control_xfer_cb
                0x100027c8      0x51c CMakeFiles/pico_6mic_soundcard.dir/pico-sdk/lib/tinyusb/src/class/audio/audio_device.c.o
                0x100027c8                audiod_control_xfer_cb
 .text.audiod_xfer_cb
                0x10002ce4       0x18 CMakeFiles/pico_6mic_soundcard.dir/pico-sdk/lib/tinyusb/src/class/audio/audio_device.c.o
                0x10002ce4                audiod_xfer_cb
 .text.tusb_rhport_init
                0x10002cfc       0x64 CMakeFiles/pico_6mic_soundcard.dir/pico-sdk/lib/tinyusb/src/tusb.c.o
                0x10002cfc                tusb_rhport_init
 .text.tu_edpt_validate
                0x10002d60       0x60 CMakeFiles/pico_6mic_soundcard.dir/pico-sdk/lib/tinyusb/src/tusb.c.o
                0x10002d60                tu_edpt_validate
 .text.tu_edpt_bind_driver
                0x10002dc0       0x58 CMakeFiles/pico_6mic_soundcard.dir/pico-sdk/lib/tinyusb/src/tusb.c.o
                0x10002dc0                tu_edpt_bind_driver
 .text.tu_fifo_config
                0x10002e18       0x60 CMakeFiles/pico_6mic_soundcard.dir/pico-sdk/lib/tinyusb/src/common/tusb_fifo.c.o
                0x10002e18                tu_fifo_config
 .text.tu_fifo_count
                0x10002e78       0x20 CMakeFiles/pico_6mic_soundcard.dir/pico-sdk/lib/tinyusb/src/common/tusb_fifo.c.o
                0x10002e78                tu_fifo_count
 .text.tu_fifo_read
                0x10002e98       0x94 CMakeFiles/pico_6mic_soundcard.dir/pico-sdk/lib/tinyusb/src/common/tusb_fifo.c.o
                0x10002e98                tu_fifo_read
 .text.tu_fifo_read_n
                0x10002f2c       0xd8 CMakeFiles/pico_6mic_soundcard.dir/pico-sdk/lib/tinyusb/src/common/tusb_fifo.c.o
                0x10002f2c                tu_fifo_read_n
 .text.tu_fifo_write
                0x10003004       0xa4 CMakeFiles/pico_6mic_soundcard.dir/pico-sdk/lib/tinyusb/src/common/tusb_fifo.c.o
                0x10003004                tu_fifo_write
 .text.tu_fifo_write_n
                0x100030a8      0x164 CMakeFiles/pico_6mic_soundcard.dir/pico-sdk/lib/tinyusb/src/common/tusb_fifo.c.o
                0x100030a8                tu_fifo_write_n
 .text.tu_fifo_clear
                0x1000320c       0x38 CMakeFiles/pico_6mic_soundcard.dir/pico-sdk/lib/tinyusb/src/common/tusb_fifo.c.o
                0x1000320c                tu_fifo_clear
 .text.startup._retrieve_unique_id_on_boot
                0x10003244       0x30 CMakeFiles/pico_6mic_soundcard.dir/pico-sdk/src/rp2_common/pico_unique_id/unique_id.c.o
 .text.memset   0x10003274       0x9c /opt/arm/arm-gnu-toolchain-14.3.rel1-x86_64-arm-none-eabi/bin/../lib/gcc/arm-none-eabi/14.3.1/../../../../arm-none-eabi/lib/thumb/v8-m.main+fp/softfp/libg.a(libc_a-memset.o)
                0x10003274                memset
 .text          0x10003310       0xec /opt/arm/arm-gnu-toolchain-14.3.rel1-x86_64-arm-none-eabi/bin/../lib/gcc/arm-none-eabi/14.3.1/../../../../arm-none-eabi/lib/thumb/v8-m.main+fp/softfp/libg.a(libc_a-memcpy.o)
                0x10003310                memcpy
 .text.strlen   0x100033fc       0x5c /opt/arm/arm-gnu-toolchain-14.3.rel1-x86_64-arm-none-eabi/bin/../lib/gcc/arm-none-eabi/14.3.1/../../../../arm-none-eabi/lib/thumb/v8-m.main+fp/softfp/libg.a(libc_a-strlen-stub.o)
                0x100033fc                strlen
 *(.fini)
 .fini          0x10003458        0x4 /opt/arm/arm-gnu-toolchain-14.3.rel1-x86_64-arm-none-eabi/bin/../lib/gcc/arm-none-eabi/14.3.1/thumb/v8-m.main+fp/softfp/crti.o
                0x10003458                _fini
 *fill*         0x1000345c        0x4 
 .fini.__stub   0x10003460       0x40 linker stubs
 *crtbegin.o(.ctors)
 *crtbegin?.o(.ctors)
 *(EXCLUDE_FILE(*crtend.o *crtend?.o) .ctors)
 *(SORT_BY_NAME(.ctors.*))
 *(.ctors)
 *crtbegin.o(.dtors)
 *crtbegin?.o(.dtors)
 *(EXCLUDE_FILE(*crtend.o *crtend?.o) .dtors)
 *(SORT_BY_NAME(.dtors.*))
 *(.dtors)
                0x100034a0                        . = ALIGN (0x4)
                0x100034a0                        PROVIDE (__preinit_array_start = .)
 *(SORT_BY_NAME(.preinit_array.*))
 .preinit_array.00050
                0x100034a0        0x4 CMakeFiles/pico_6mic_soundcard.dir/pico-sdk/src/rp2_common/pico_runtime_init/runtime_init.c.o
                0x100034a0                __pre_init_runtime_init_bootrom_reset
 .preinit_array.00100
                0x100034a4        0x4 CMakeFiles/pico_6mic_soundcard.dir/pico-sdk/src/rp2_common/pico_runtime_init/runtime_init.c.o
                0x100034a4                __pre_init_runtime_init_early_resets
 .preinit_array.00101
                0x100034a8        0x4 CMakeFiles/pico_6mic_soundcard.dir/pico-sdk/src/rp2_common/pico_runtime_init/runtime_init.c.o
                0x100034a8                __pre_init_runtime_init_usb_power_down
 .preinit_array.00500
                0x100034ac        0x4 CMakeFiles/pico_6mic_soundcard.dir/pico-sdk/src/rp2_common/pico_runtime_init/runtime_init.c.o
                0x100034ac                __pre_init_runtime_init_clocks
 .preinit_array.00600
                0x100034b0        0x4 CMakeFiles/pico_6mic_soundcard.dir/pico-sdk/src/rp2_common/pico_runtime_init/runtime_init.c.o
                0x100034b0                __pre_init_runtime_init_post_clock_resets
 .preinit_array.01000
                0x100034b4        0x4 CMakeFiles/pico_6mic_soundcard.dir/pico-sdk/src/rp2_common/hardware_boot_lock/boot_lock.c.o
                0x100034b4                __pre_init_runtime_init_boot_locks_reset
 .preinit_array.01000
                0x100034b8        0x4 CMakeFiles/pico_6mic_soundcard.dir/pico-sdk/src/rp2_common/pico_runtime_init/runtime_init.c.o
                0x100034b8                __pre_init_runtime_init_spin_locks_reset
 .preinit_array.01010
                0x100034bc        0x4 CMakeFiles/pico_6mic_soundcard.dir/pico-sdk/src/rp2_common/pico_bootrom/bootrom_lock.c.o
                0x100034bc                __pre_init_runtime_init_bootrom_locking_enable
 .preinit_array.01100
                0x100034c0        0x4 CMakeFiles/pico_6mic_soundcard.dir/pico-sdk/src/common/pico_sync/mutex.c.o
                0x100034c0                __pre_init_runtime_init_mutex
 .preinit_array.10080
                0x100034c4        0x4 CMakeFiles/pico_6mic_soundcard.dir/pico-sdk/src/rp2_common/pico_runtime_init/runtime_init.c.o
                0x100034c4                __pre_init_runtime_init_install_ram_vector_table
 .preinit_array.11000
                0x100034c8        0x4 CMakeFiles/pico_6mic_soundcard.dir/pico-sdk/src/common/pico_time/time.c.o
                0x100034c8                __pre_init_runtime_init_default_alarm_pool
 .preinit_array.YYYYY
                0x100034cc        0x4 CMakeFiles/pico_6mic_soundcard.dir/pico-sdk/src/rp2_common/pico_runtime/runtime.c.o
                0x100034cc                __pre_init_first_per_core_initializer
 .preinit_array.ZZZZZ.00051
                0x100034d0        0x4 CMakeFiles/pico_6mic_soundcard.dir/pico-sdk/src/rp2_common/pico_runtime_init/runtime_init.c.o
                0x100034d0                __pre_init_runtime_init_per_core_bootrom_reset
 .preinit_array.ZZZZZ.00200
                0x100034d4        0x4 CMakeFiles/pico_6mic_soundcard.dir/pico-sdk/src/rp2_common/pico_runtime_init/runtime_init.c.o
                0x100034d4                __pre_init_runtime_init_per_core_enable_coprocessors
 .preinit_array.ZZZZZ.01000
                0x100034d8        0x4 CMakeFiles/pico_6mic_soundcard.dir/pico-sdk/src/rp2_common/hardware_sync_spin_lock/sync_spin_lock.c.o
                0x100034d8                __pre_init_spinlock_set_extexclall
 .preinit_array.ZZZZZ.01200
                0x100034dc        0x4 CMakeFiles/pico_6mic_soundcard.dir/pico-sdk/src/rp2_common/hardware_irq/irq.c.o
                0x100034dc                __pre_init_runtime_init_per_core_irq_priorities
 *(.preinit_array)
                0x100034e0                        PROVIDE (__preinit_array_end = .)
                0x100034e0                        . = ALIGN (0x4)
                0x100034e0                        PROVIDE (__init_array_start = .)
 *(SORT_BY_NAME(.init_array.*))
 .init_array.01000
                0x100034e0        0x4 CMakeFiles/pico_6mic_soundcard.dir/pico-sdk/src/rp2_common/pico_unique_id/unique_id.c.o
 *(.init_array)
 .init_array    0x100034e4        0x4 /opt/arm/arm-gnu-toolchain-14.3.rel1-x86_64-arm-none-eabi/bin/../lib/gcc/arm-none-eabi/14.3.1/thumb/v8-m.main+fp/softfp/crtbegin.o
                0x100034e8                        PROVIDE (__init_array_end = .)
                0x100034e8                        . = ALIGN (0x4)
                [!provide]                        PROVIDE (__fini_array_start = .)
 *(SORT_BY_NAME(.fini_array.*))
 *(.fini_array)
                [!provide]                        PROVIDE (__fini_array_end = .)
 *(.eh_frame*)
 .eh_frame      0x100034e8        0x0 /opt/arm/arm-gnu-toolchain-14.3.rel1-x86_64-arm-none-eabi/bin/../lib/gcc/arm-none-eabi/14.3.1/thumb/v8-m.main+fp/softfp/crtbegin.o
                0x100034e8                        . = ALIGN (0x4)

.glue_7         0x100034e8        0x0
 .glue_7        0x100034e8        0x0 linker stubs

.glue_7t        0x100034e8        0x0
 .glue_7t       0x100034e8        0x0 linker stubs

.vfp11_veneer   0x100034e8        0x0
 .vfp11_veneer  0x100034e8        0x0 linker stubs

.v4_bx          0x100034e8        0x0
 .v4_bx         0x100034e8        0x0 linker stubs

.iplt           0x100034e8        0x0
 .iplt          0x100034e8        0x0 /opt/arm/arm-gnu-toolchain-14.3.rel1-x86_64-arm-none-eabi/bin/../lib/gcc/arm-none-eabi/14.3.1/thumb/v8-m.main+fp/softfp/crtbegin.o

.boot2          0x100034e8        0x0
                0x100034e8                        __boot2_start__ = .
 *(.boot2)
                0x100034e8                        __boot2_end__ = .
                0x00000001                        ASSERT (((__boot2_end__ - __boot2_start__) <= 0x100), ERROR: Pico second stage bootloader must be no more than 256 bytes in size)

.rodata         0x100034e8      0x27c
 *(EXCLUDE_FILE(*libm.a: *libc.a:*lib_a-mem*.o *libgcc.a:) .rodata*)
 .rodata.str1.4
                0x100034e8      0x134 CMakeFiles/pico_6mic_soundcard.dir/usb_descriptors.c.o
                                 0x2b (size before relaxing)
 .rodata.string_desc
                0x1000361c       0x10 CMakeFiles/pico_6mic_soundcard.dir/usb_descriptors.c.o
 .rodata.__compound_literal.0
                0x1000362c        0x2 CMakeFiles/pico_6mic_soundcard.dir/usb_descriptors.c.o
 *fill*         0x1000362e        0x2 
 .rodata.desc_device
                0x10003630       0x12 CMakeFiles/pico_6mic_soundcard.dir/usb_descriptors.c.o
                0x10003630                desc_device
 *fill*         0x10003642        0x2 
 .rodata        0x10003644       0x99 CMakeFiles/pico_6mic_soundcard.dir/usb_descriptors.c.o
 .rodata.panic.str1.4
                0x100036dd       0x12 CMakeFiles/pico_6mic_soundcard.dir/pico-sdk/src/rp2_common/pico_platform_panic/panic.c.o
 .rodata.spin_lock_claim_unused.str1.4
                0x100036dd       0x1b CMakeFiles/pico_6mic_soundcard.dir/pico-sdk/src/rp2_common/hardware_sync/sync.c.o
 .rodata.timer_hardware_alarm_claim.str1.4
                0x100036dd       0x22 CMakeFiles/pico_6mic_soundcard.dir/pico-sdk/src/rp2_common/hardware_timer/timer.c.o
 .rodata.hard_assertion_failure.str1.4
                0x100036dd        0xc CMakeFiles/pico_6mic_soundcard.dir/pico-sdk/src/rp2_common/pico_runtime/runtime.c.o
 .rodata.str1.4
                0x100036dd       0x48 CMakeFiles/pico_6mic_soundcard.dir/pico-sdk/src/rp2_common/pico_standard_binary_info/standard_binary_info.c.o
 *fill*         0x100036dd        0x3 
 .rodata.__bi_84
                0x100036e0        0xc CMakeFiles/pico_6mic_soundcard.dir/pico-sdk/src/rp2_common/pico_standard_binary_info/standard_binary_info.c.o
 .rodata.__bi_78
                0x100036ec        0xc CMakeFiles/pico_6mic_soundcard.dir/pico-sdk/src/rp2_common/pico_standard_binary_info/standard_binary_info.c.o
 .rodata.__bi_54
                0x100036f8        0xc CMakeFiles/pico_6mic_soundcard.dir/pico-sdk/src/rp2_common/pico_standard_binary_info/standard_binary_info.c.o
 .rodata.__bi_48
                0x10003704        0xc CMakeFiles/pico_6mic_soundcard.dir/pico-sdk/src/rp2_common/pico_standard_binary_info/standard_binary_info.c.o
 .rodata.__bi_42
                0x10003710        0xc CMakeFiles/pico_6mic_soundcard.dir/pico-sdk/src/rp2_common/pico_standard_binary_info/standard_binary_info.c.o
 .rodata.__bi_34
                0x1000371c        0xc CMakeFiles/pico_6mic_soundcard.dir/pico-sdk/src/rp2_common/pico_standard_binary_info/standard_binary_info.c.o
 .rodata.__bi_26
                0x10003728        0xc CMakeFiles/pico_6mic_soundcard.dir/pico-sdk/src/rp2_common/pico_standard_binary_info/standard_binary_info.c.o
 .rodata.crlf_str.0
                0x10003734        0x2 CMakeFiles/pico_6mic_soundcard.dir/pico-sdk/src/rp2_common/pico_stdio/stdio.c.o
 .rodata.str1.4
                0x10003736       0x14 CMakeFiles/pico_6mic_soundcard.dir/pico-sdk/lib/tinyusb/src/portable/raspberrypi/rp2040/dcd_rp2040.c.o
 .rodata.str1.4
                0x10003736       0x48 CMakeFiles/pico_6mic_soundcard.dir/pico-sdk/lib/tinyusb/src/portable/raspberrypi/rp2040/rp2040_usb.c.o
 *fill*         0x10003736        0x2 
 .rodata._usbd_driver
                0x10003738       0x20 CMakeFiles/pico_6mic_soundcard.dir/pico-sdk/lib/tinyusb/src/device/usbd.c.o
 .rodata.str1.4
                0x10003758        0x4 CMakeFiles/pico_6mic_soundcard.dir/pico-sdk/lib/tinyusb/hw/bsp/rp2040/family.c.o
 .rodata.__bi_153.0
                0x10003758        0xc CMakeFiles/pico_6mic_soundcard.dir/pico-sdk/lib/tinyusb/hw/bsp/rp2040/family.c.o
 *(.srodata*)
                0x10003764                        . = ALIGN (0x4)
 *(SORT_BY_ALIGNMENT(SORT_BY_NAME(.flashdata*)))
                0x10003764                        . = ALIGN (0x4)

.ARM.extab
 *(.ARM.extab* .gnu.linkonce.armextab.*)
                0x10003764                        __exidx_start = .

.ARM.exidx      0x10003764        0x8
 *(.ARM.exidx* .gnu.linkonce.armexidx.*)
 .ARM.exidx     0x10003764        0x8 /opt/arm/arm-gnu-toolchain-14.3.rel1-x86_64-arm-none-eabi/bin/../lib/gcc/arm-none-eabi/14.3.1/../../../../arm-none-eabi/lib/thumb/v8-m.main+fp/softfp/libg.a(libc_a-memcpy.o)
                0x1000376c                        __exidx_end = .
                0x1000376c                        . = ALIGN (0x4)
                0x1000376c                        __binary_info_start = .

.binary_info    0x1000376c       0x20
 *(.binary_info.keep.*)
 .binary_info.keep.__bi_ptr84
                0x1000376c        0x4 CMakeFiles/pico_6mic_soundcard.dir/pico-sdk/src/rp2_common/pico_standard_binary_info/standard_binary_info.c.o
 .binary_info.keep.__bi_ptr78
                0x10003770        0x4 CMakeFiles/pico_6mic_soundcard.dir/pico-sdk/src/rp2_common/pico_standard_binary_info/standard_binary_info.c.o
 .binary_info.keep.__bi_ptr54
                0x10003774        0x4 CMakeFiles/pico_6mic_soundcard.dir/pico-sdk/src/rp2_common/pico_standard_binary_info/standard_binary_info.c.o
 .binary_info.keep.__bi_ptr48
                0x10003778        0x4 CMakeFiles/pico_6mic_soundcard.dir/pico-sdk/src/rp2_common/pico_standard_binary_info/standard_binary_info.c.o
 .binary_info.keep.__bi_ptr42
                0x1000377c        0x4 CMakeFiles/pico_6mic_soundcard.dir/pico-sdk/src/rp2_common/pico_standard_binary_info/standard_binary_info.c.o
 .binary_info.keep.__bi_ptr34
                0x10003780        0x4 CMakeFiles/pico_6mic_soundcard.dir/pico-sdk/src/rp2_common/pico_standard_binary_info/standard_binary_info.c.o
 .binary_info.keep.__bi_ptr26
                0x10003784        0x4 CMakeFiles/pico_6mic_soundcard.dir/pico-sdk/src/rp2_common/pico_standard_binary_info/standard_binary_info.c.o
 .binary_info.keep.__bi_ptr153
                0x10003788        0x4 CMakeFiles/pico_6mic_soundcard.dir/pico-sdk/lib/tinyusb/hw/bsp/rp2040/family.c.o
 *(.binary_info.*)
                0x1000378c                        __binary_info_end = .
                0x1000378c                        . = ALIGN (0x4)

.ram_vector_table
                0x20000000      0x110
 *(.ram_vector_table)
 .ram_vector_table
                0x20000000      0x110 CMakeFiles/pico_6mic_soundcard.dir/pico-sdk/src/rp2_common/pico_runtime_init/runtime_init.c.o
                0x20000000                ram_vector_table

.uninitialized_data
                0x20000110        0x0
                0x20000110                        . = ALIGN (0x4)
 *(.uninitialized_data*)

.data           0x20000110      0xd24 load address 0x1000378c
                0x20000110                        __data_start__ = .
 *(vtable)
 *(.time_critical*)
 .time_critical.mutex_enter_block_until
                0x20000110       0x6c CMakeFiles/pico_6mic_soundcard.dir/pico-sdk/src/common/pico_sync/mutex.c.o
                0x20000110                mutex_enter_block_until
 .time_critical.mutex_try_enter_block_until
                0x2000017c       0x68 CMakeFiles/pico_6mic_soundcard.dir/pico-sdk/src/common/pico_sync/mutex.c.o
                0x2000017c                mutex_try_enter_block_until
 .time_critical.mutex_enter_timeout_ms
                0x200001e4       0x38 CMakeFiles/pico_6mic_soundcard.dir/pico-sdk/src/common/pico_sync/mutex.c.o
                0x200001e4                mutex_enter_timeout_ms
 .time_critical.mutex_exit
                0x2000021c       0x3c CMakeFiles/pico_6mic_soundcard.dir/pico-sdk/src/common/pico_sync/mutex.c.o
                0x2000021c                mutex_exit
 .time_critical.reset_non_control_endpoints
                0x20000258       0x64 CMakeFiles/pico_6mic_soundcard.dir/pico-sdk/lib/tinyusb/src/portable/raspberrypi/rp2040/dcd_rp2040.c.o
 .time_critical.hw_handle_buff_status
                0x200002bc       0x90 CMakeFiles/pico_6mic_soundcard.dir/pico-sdk/lib/tinyusb/src/portable/raspberrypi/rp2040/dcd_rp2040.c.o
 .time_critical.dcd_rp2040_irq
                0x2000034c      0x530 CMakeFiles/pico_6mic_soundcard.dir/pico-sdk/lib/tinyusb/src/portable/raspberrypi/rp2040/dcd_rp2040.c.o
 .time_critical.prepare_ep_buffer
                0x2000087c       0xbc CMakeFiles/pico_6mic_soundcard.dir/pico-sdk/lib/tinyusb/src/portable/raspberrypi/rp2040/rp2040_usb.c.o
 .time_critical.sync_ep_buffer
                0x20000938       0xb4 CMakeFiles/pico_6mic_soundcard.dir/pico-sdk/lib/tinyusb/src/portable/raspberrypi/rp2040/rp2040_usb.c.o
 .time_critical._hw_endpoint_xfer_sync
                0x200009ec       0x2c CMakeFiles/pico_6mic_soundcard.dir/pico-sdk/lib/tinyusb/src/portable/raspberrypi/rp2040/rp2040_usb.c.o
 .time_critical.e15_is_bulkin_ep
                0x20000a18       0x28 CMakeFiles/pico_6mic_soundcard.dir/pico-sdk/lib/tinyusb/src/portable/raspberrypi/rp2040/rp2040_usb.c.o
 .time_critical.e15_is_critical_frame_period
                0x20000a40       0x28 CMakeFiles/pico_6mic_soundcard.dir/pico-sdk/lib/tinyusb/src/portable/raspberrypi/rp2040/rp2040_usb.c.o
 .time_critical.hw_endpoint_reset_transfer
                0x20000a68        0xc CMakeFiles/pico_6mic_soundcard.dir/pico-sdk/lib/tinyusb/src/portable/raspberrypi/rp2040/rp2040_usb.c.o
                0x20000a68                hw_endpoint_reset_transfer
 .time_critical._hw_endpoint_buffer_control_update32
                0x20000a74       0x44 CMakeFiles/pico_6mic_soundcard.dir/pico-sdk/lib/tinyusb/src/portable/raspberrypi/rp2040/rp2040_usb.c.o
                0x20000a74                _hw_endpoint_buffer_control_update32
 .time_critical.hw_endpoint_start_next_buffer
                0x20000ab8       0x64 CMakeFiles/pico_6mic_soundcard.dir/pico-sdk/lib/tinyusb/src/portable/raspberrypi/rp2040/rp2040_usb.c.o
                0x20000ab8                hw_endpoint_start_next_buffer
 .time_critical.hw_endpoint_xfer_continue
                0x20000b1c       0x3c CMakeFiles/pico_6mic_soundcard.dir/pico-sdk/lib/tinyusb/src/portable/raspberrypi/rp2040/rp2040_usb.c.o
                0x20000b1c                hw_endpoint_xfer_continue
 .time_critical.tinyusb
                0x20000b58      0x218 CMakeFiles/pico_6mic_soundcard.dir/pico-sdk/lib/tinyusb/src/device/usbd.c.o
                0x20000b58                dcd_event_handler
 .time_critical.tinyusb
                0x20000d70        0x4 CMakeFiles/pico_6mic_soundcard.dir/pico-sdk/lib/tinyusb/src/class/audio/audio_device.c.o
                0x20000d70                audiod_sof_isr
 *fill*         0x20000d74        0x4 
 .time_critical.tinyusb.__stub
                0x20000d78       0x30 linker stubs
 *(.text*)
                0x20000da8                        . = ALIGN (0x4)
 *(.rodata*)
                0x20000da8                        . = ALIGN (0x4)
 *(.data*)
 .data.striped_spin_lock_num
                0x20000da8        0x1 CMakeFiles/pico_6mic_soundcard.dir/pico-sdk/src/rp2_common/hardware_sync/sync.c.o
 *fill*         0x20000da9        0x3 
 .data          0x20000dac       0x48 CMakeFiles/pico_6mic_soundcard.dir/pico-sdk/src/rp2_common/hardware_irq/irq_handler_chain.S.o
                0x20000dac                irq_handler_chain_slots
                0x20000ddc                irq_handler_chain_first_slot
                0x20000de6                irq_handler_chain_remove_tail
 .data.default_alarm_pool
                0x20000df4       0x18 CMakeFiles/pico_6mic_soundcard.dir/pico-sdk/src/common/pico_time/time.c.o
 .data._usbd_qdef
                0x20000e0c       0x1c CMakeFiles/pico_6mic_soundcard.dir/pico-sdk/lib/tinyusb/src/device/usbd.c.o
                0x20000e0c                _usbd_qdef
 .data._usbd_rhport
                0x20000e28        0x1 CMakeFiles/pico_6mic_soundcard.dir/pico-sdk/lib/tinyusb/src/device/usbd.c.o
 *(.sdata*)
                0x20000e2c                        . = ALIGN (0x4)
 *fill*         0x20000e29        0x3 
 *(.after_data.*)
                0x20000e2c                        . = ALIGN (0x4)
                0x20000e2c                        PROVIDE (__mutex_array_start = .)
 *(SORT_BY_NAME(.mutex_array.*))
 *(.mutex_array)
 .mutex_array   0x20000e2c        0x8 CMakeFiles/pico_6mic_soundcard.dir/pico-sdk/src/rp2_common/pico_stdio/stdio.c.o
                0x20000e34                        PROVIDE (__mutex_array_end = .)
 *(.jcr)
                0x20000e34                        . = ALIGN (0x4)

.tm_clone_table
                0x20000e34        0x0 load address 0x100044b0
 .tm_clone_table
                0x20000e34        0x0 /opt/arm/arm-gnu-toolchain-14.3.rel1-x86_64-arm-none-eabi/bin/../lib/gcc/arm-none-eabi/14.3.1/thumb/v8-m.main+fp/softfp/crtbegin.o
 .tm_clone_table
                0x20000e34        0x0 /opt/arm/arm-gnu-toolchain-14.3.rel1-x86_64-arm-none-eabi/bin/../lib/gcc/arm-none-eabi/14.3.1/thumb/v8-m.main+fp/softfp/crtend.o

.igot.plt       0x20000e34        0x0 load address 0x100044b0
 .igot.plt      0x20000e34        0x0 /opt/arm/arm-gnu-toolchain-14.3.rel1-x86_64-arm-none-eabi/bin/../lib/gcc/arm-none-eabi/14.3.1/thumb/v8-m.main+fp/softfp/crtbegin.o

.tdata          0x20000e34        0x0 load address 0x100044b0
                0x20000e34                        . = ALIGN (0x4)
 *(.tdata .tdata.* .gnu.linkonce.td.*)
                0x20000e34                        __tdata_end = .
                0x20000e34                        PROVIDE (__data_end__ = .)
                0x1000378c                        __etext = LOADADDR (.data)

.tbss           0x20000e34        0x0 load address 0x100044b0
                0x20000e34                        . = ALIGN (0x4)
                0x20000e34                        __bss_start__ = .
                0x20000e34                        __tls_base = .
 *(.tbss .tbss.* .gnu.linkonce.tb.*)
 *(.tcommon)
                0x20000e34                        __tls_end = .

.bss            0x20000e38      0xc1c load address 0x100044b0
                0x20000e38                        . = ALIGN (0x4)
                0x20000e38                        __tbss_end = .
 *(SORT_BY_ALIGNMENT(SORT_BY_NAME(.bss*)))
 .bss.default_alarm_pool_entries
                0x20000e38      0x180 CMakeFiles/pico_6mic_soundcard.dir/pico-sdk/src/common/pico_time/time.c.o
 .bss._app_driver
                0x20000fb8        0x4 CMakeFiles/pico_6mic_soundcard.dir/pico-sdk/lib/tinyusb/src/device/usbd.c.o
 .bss._audiod_fct
                0x20000fbc       0x44 CMakeFiles/pico_6mic_soundcard.dir/pico-sdk/lib/tinyusb/src/class/audio/audio_device.c.o
 .bss._ctrl_epbuf
                0x20001000       0x40 CMakeFiles/pico_6mic_soundcard.dir/pico-sdk/lib/tinyusb/src/device/usbd_control.c.o
 .bss._ctrl_xfer
                0x20001040       0x14 CMakeFiles/pico_6mic_soundcard.dir/pico-sdk/lib/tinyusb/src/device/usbd_control.c.o
 .bss._desc_str
                0x20001054       0x40 CMakeFiles/pico_6mic_soundcard.dir/usb_descriptors.c.o
 .bss._sw_spin_locks
                0x20001094       0x20 CMakeFiles/pico_6mic_soundcard.dir/pico-sdk/src/rp2_common/hardware_sync_spin_lock/sync_spin_lock.c.o
                0x20001094                _sw_spin_locks
 .bss._tusb_rhport_role
                0x200010b4        0x2 CMakeFiles/pico_6mic_soundcard.dir/pico-sdk/lib/tinyusb/src/tusb.c.o
                0x200010b4                _tusb_rhport_role
 *fill*         0x200010b6        0x2 
 .bss._ubsd_mutexdef
                0x200010b8        0x8 CMakeFiles/pico_6mic_soundcard.dir/pico-sdk/lib/tinyusb/src/device/usbd.c.o
 .bss._usbd_dev
                0x200010c0       0x54 CMakeFiles/pico_6mic_soundcard.dir/pico-sdk/lib/tinyusb/src/device/usbd.c.o
 .bss._usbd_mutex
                0x20001114        0x4 CMakeFiles/pico_6mic_soundcard.dir/pico-sdk/lib/tinyusb/src/device/usbd.c.o
 .bss._usbd_q   0x20001118        0x4 CMakeFiles/pico_6mic_soundcard.dir/pico-sdk/lib/tinyusb/src/device/usbd.c.o
 .bss._usbd_qdef_buf
                0x2000111c       0xc0 CMakeFiles/pico_6mic_soundcard.dir/pico-sdk/lib/tinyusb/src/device/usbd.c.o
                0x2000111c                _usbd_qdef_buf
 .bss.alt_setting_1
                0x200011dc        0x1 CMakeFiles/pico_6mic_soundcard.dir/pico-sdk/lib/tinyusb/src/class/audio/audio_device.c.o
 *fill*         0x200011dd        0x3 
 .bss.cfg_desc_buf
                0x200011e0       0x99 CMakeFiles/pico_6mic_soundcard.dir/usb_descriptors.c.o
 *fill*         0x20001279        0x3 
 .bss.claimed   0x2000127c        0x4 CMakeFiles/pico_6mic_soundcard.dir/pico-sdk/src/rp2_common/hardware_sync/sync.c.o
 .bss.claimed   0x20001280        0x2 CMakeFiles/pico_6mic_soundcard.dir/pico-sdk/src/rp2_common/hardware_timer/timer.c.o
 *fill*         0x20001282        0x2 
 .bss.configured_freq
                0x20001284       0x28 CMakeFiles/pico_6mic_soundcard.dir/pico-sdk/src/rp2_common/hardware_clocks/clocks.c.o
 .bss.ctrl_blackout.0
                0x200012ac        0x4 CMakeFiles/pico_6mic_soundcard.dir/pico-sdk/lib/tinyusb/src/class/audio/audio_device.c.o
 .bss.ctrl_buf_1
                0x200012b0       0x40 CMakeFiles/pico_6mic_soundcard.dir/pico-sdk/lib/tinyusb/src/class/audio/audio_device.c.o
 .bss.drivers   0x200012f0        0x4 CMakeFiles/pico_6mic_soundcard.dir/pico-sdk/src/rp2_common/pico_stdio/stdio.c.o
 .bss.e15_last_sof
                0x200012f4        0x4 CMakeFiles/pico_6mic_soundcard.dir/pico-sdk/lib/tinyusb/src/portable/raspberrypi/rp2040/rp2040_usb.c.o
                0x200012f4                e15_last_sof
 .bss.ep_in_ff_mutex_wr_1
                0x200012f8        0x8 CMakeFiles/pico_6mic_soundcard.dir/pico-sdk/lib/tinyusb/src/class/audio/audio_device.c.o
 .bss.ep_in_sw_buf
                0x20001300      0x180 CMakeFiles/pico_6mic_soundcard.dir/pico-sdk/lib/tinyusb/src/class/audio/audio_device.c.o
 .bss.filter    0x20001480        0x4 CMakeFiles/pico_6mic_soundcard.dir/pico-sdk/src/rp2_common/pico_stdio/stdio.c.o
 .bss.hw_endpoints
                0x20001484      0x400 CMakeFiles/pico_6mic_soundcard.dir/pico-sdk/lib/tinyusb/src/portable/raspberrypi/rp2040/dcd_rp2040.c.o
 .bss.lazy_vsnprintf
                0x20001884        0x4 CMakeFiles/pico_6mic_soundcard.dir/pico-sdk/src/rp2_common/pico_printf/printf.c.o
 .bss.lin_buf_in
                0x20001888       0xc0 CMakeFiles/pico_6mic_soundcard.dir/pico-sdk/lib/tinyusb/src/class/audio/audio_device.c.o
 .bss.next_buffer_ptr
                0x20001948        0x4 CMakeFiles/pico_6mic_soundcard.dir/pico-sdk/lib/tinyusb/src/portable/raspberrypi/rp2040/dcd_rp2040.c.o
 .bss.object.0  0x2000194c       0x18 /opt/arm/arm-gnu-toolchain-14.3.rel1-x86_64-arm-none-eabi/bin/../lib/gcc/arm-none-eabi/14.3.1/thumb/v8-m.main+fp/softfp/crtbegin.o
 .bss.pools     0x20001964       0x20 CMakeFiles/pico_6mic_soundcard.dir/pico-sdk/src/common/pico_time/time.c.o
 .bss.retrieved_id
                0x20001984        0x8 CMakeFiles/pico_6mic_soundcard.dir/pico-sdk/src/rp2_common/pico_unique_id/unique_id.c.o
 .bss.sleep_notifier
                0x2000198c        0x4 CMakeFiles/pico_6mic_soundcard.dir/pico-sdk/src/common/pico_time/time.c.o
 .bss.usb_frame_buf
                0x20001990       0xc0 CMakeFiles/pico_6mic_soundcard.dir/main.c.o
 .bss._app_driver_count
                0x20001a50        0x1 CMakeFiles/pico_6mic_soundcard.dir/pico-sdk/lib/tinyusb/src/device/usbd.c.o
 .bss._sof_enable
                0x20001a51        0x1 CMakeFiles/pico_6mic_soundcard.dir/pico-sdk/lib/tinyusb/src/portable/raspberrypi/rp2040/dcd_rp2040.c.o
 .bss._usbd_queued_setup
                0x20001a52        0x1 CMakeFiles/pico_6mic_soundcard.dir/pico-sdk/lib/tinyusb/src/device/usbd.c.o
 .bss.irq_handler_chain_free_slot_head
                0x20001a53        0x1 CMakeFiles/pico_6mic_soundcard.dir/pico-sdk/src/rp2_common/hardware_irq/irq.c.o
 *(COMMON)
                [!provide]                        PROVIDE (__global_pointer$ = (. + 0x800))
 *(.sbss*)
                0x20001a54                        . = ALIGN (0x4)
                0x20001a54                        __bss_end__ = .

.heap           0x20001a54      0x800 load address 0x100044b0
                0x20001a54                        __end__ = .
                0x20001a54                        end = __end__
 *(.heap*)
 .heap          0x20001a54      0x800 CMakeFiles/pico_6mic_soundcard.dir/pico-sdk/src/rp2_common/pico_crt0/crt0.S.o
                0x20080000                        __HeapLimit = (ORIGIN (RAM) + LENGTH (RAM))

.scratch_x      0x20080000        0x0 load address 0x100044b0
                0x20080000                        __scratch_x_start__ = .
 *(.scratch_x.*)
                0x20080000                        . = ALIGN (0x4)
                0x20080000                        __scratch_x_end__ = .
                0x100044b0                        __scratch_x_source__ = LOADADDR (.scratch_x)

.scratch_y      0x20081000        0x0 load address 0x100044b0
                0x20081000                        __scratch_y_start__ = .
 *(.scratch_y.*)
                0x20081000                        . = ALIGN (0x4)
                0x20081000                        __scratch_y_end__ = .
                0x100044b0                        __scratch_y_source__ = LOADADDR (.scratch_y)

.stack1_dummy
 *(.stack1*)

.stack_dummy    0x20081000      0x800
 *(.stack*)
 .stack         0x20081000      0x800 CMakeFiles/pico_6mic_soundcard.dir/pico-sdk/src/rp2_common/pico_crt0/crt0.S.o

.flash_end      0x100044b0       0x14
 *(.embedded_end_block*)
 .embedded_end_block
                0x100044b0       0x14 CMakeFiles/pico_6mic_soundcard.dir/pico-sdk/src/rp2_common/pico_crt0/crt0.S.o
                0x100044c4                        PROVIDE (__flash_binary_end = .)
                0x20080000                        __StackLimit = (ORIGIN (RAM) + LENGTH (RAM))
                0x20081000                        __StackOneTop = (ORIGIN (SCRATCH_X) + LENGTH (SCRATCH_X))
                0x20082000                        __StackTop = (ORIGIN (SCRATCH_Y) + LENGTH (SCRATCH_Y))
                0x20081000                        __StackOneBottom = (__StackOneTop - SIZEOF (.stack1_dummy))
                0x20081800                        __StackBottom = (__StackTop - SIZEOF (.stack_dummy))
                0x20082000                        PROVIDE (__stack = __StackTop)
                [!provide]                        PROVIDE (__heap_start = __end__)
                [!provide]                        PROVIDE (__heap_end = __HeapLimit)
                [!provide]                        PROVIDE (__tls_align = MAX (ALIGNOF (.tdata), ALIGNOF (.tbss)))
                [!provide]                        PROVIDE (__tls_size_align = (((__tls_size + __tls_align) - 0x1) & ~ ((__tls_align - 0x1))))
                [!provide]                        PROVIDE (__arm32_tls_tcb_offset = MAX (0x8, __tls_align))
                [!provide]                        PROVIDE (_end = __end__)
                [!provide]                        PROVIDE (__llvm_libc_heap_limit = __HeapLimit)
                0x00000001                        ASSERT ((__StackLimit >= __HeapLimit), region RAM overflowed)
                0x00000001                        ASSERT (((__binary_info_header_end - __logical_binary_start) <= 0x400), Binary info must be in first 1024 bytes of the binary)
                0x00000001                        ASSERT (((__embedded_block_end - __logical_binary_start) <= 0x1000), Embedded block must be in first 4096 bytes of the binary)
LOAD CMakeFiles/pico_6mic_soundcard.dir/main.c.o
LOAD CMakeFiles/pico_6mic_soundcard.dir/usb_descriptors.c.o
LOAD CMakeFiles/pico_6mic_soundcard.dir/pico-sdk/src/rp2_common/pico_stdlib/stdlib.c.o
LOAD CMakeFiles/pico_6mic_soundcard.dir/pico-sdk/src/rp2_common/hardware_gpio/gpio.c.o
LOAD CMakeFiles/pico_6mic_soundcard.dir/pico-sdk/src/rp2350/pico_platform/platform.c.o
LOAD CMakeFiles/pico_6mic_soundcard.dir/pico-sdk/src/rp2_common/pico_platform_common/common.c.o
LOAD CMakeFiles/pico_6mic_soundcard.dir/pico-sdk/src/rp2_common/pico_platform_panic/panic.c.o
LOAD CMakeFiles/pico_6mic_soundcard.dir/pico-sdk/src/common/hardware_claim/claim.c.o
LOAD CMakeFiles/pico_6mic_soundcard.dir/pico-sdk/src/rp2_common/hardware_sync/sync.c.o
LOAD CMakeFiles/pico_6mic_soundcard.dir/pico-sdk/src/rp2_common/hardware_sync_spin_lock/sync_spin_lock.c.o
LOAD CMakeFiles/pico_6mic_soundcard.dir/pico-sdk/src/rp2_common/hardware_irq/irq.c.o
LOAD CMakeFiles/pico_6mic_soundcard.dir/pico-sdk/src/rp2_common/hardware_irq/irq_handler_chain.S.o
LOAD CMakeFiles/pico_6mic_soundcard.dir/pico-sdk/src/common/pico_sync/sem.c.o
LOAD CMakeFiles/pico_6mic_soundcard.dir/pico-sdk/src/common/pico_sync/lock_core.c.o
LOAD CMakeFiles/pico_6mic_soundcard.dir/pico-sdk/src/common/pico_sync/mutex.c.o
LOAD CMakeFiles/pico_6mic_soundcard.dir/pico-sdk/src/common/pico_sync/critical_section.c.o
LOAD CMakeFiles/pico_6mic_soundcard.dir/pico-sdk/src/common/pico_time/time.c.o
LOAD CMakeFiles/pico_6mic_soundcard.dir/pico-sdk/src/common/pico_time/timeout_helper.c.o
LOAD CMakeFiles/pico_6mic_soundcard.dir/pico-sdk/src/rp2_common/hardware_timer/timer.c.o
LOAD CMakeFiles/pico_6mic_soundcard.dir/pico-sdk/src/common/pico_util/datetime.c.o
LOAD CMakeFiles/pico_6mic_soundcard.dir/pico-sdk/src/common/pico_util/pheap.c.o
LOAD CMakeFiles/pico_6mic_soundcard.dir/pico-sdk/src/common/pico_util/queue.c.o
LOAD CMakeFiles/pico_6mic_soundcard.dir/pico-sdk/src/rp2_common/hardware_uart/uart.c.o
LOAD CMakeFiles/pico_6mic_soundcard.dir/pico-sdk/src/rp2_common/hardware_clocks/clocks.c.o
LOAD CMakeFiles/pico_6mic_soundcard.dir/pico-sdk/src/rp2_common/hardware_pll/pll.c.o
LOAD CMakeFiles/pico_6mic_soundcard.dir/pico-sdk/src/rp2_common/hardware_vreg/vreg.c.o
LOAD CMakeFiles/pico_6mic_soundcard.dir/pico-sdk/src/rp2_common/hardware_watchdog/watchdog.c.o
LOAD CMakeFiles/pico_6mic_soundcard.dir/pico-sdk/src/rp2_common/hardware_ticks/ticks.c.o
LOAD CMakeFiles/pico_6mic_soundcard.dir/pico-sdk/src/rp2_common/pico_bootrom/bootrom.c.o
LOAD CMakeFiles/pico_6mic_soundcard.dir/pico-sdk/src/rp2_common/pico_bootrom/bootrom_lock.c.o
LOAD CMakeFiles/pico_6mic_soundcard.dir/pico-sdk/src/rp2_common/hardware_boot_lock/boot_lock.c.o
LOAD CMakeFiles/pico_6mic_soundcard.dir/pico-sdk/src/rp2_common/pico_flash/flash.c.o
LOAD CMakeFiles/pico_6mic_soundcard.dir/pico-sdk/src/rp2_common/hardware_xosc/xosc.c.o
LOAD CMakeFiles/pico_6mic_soundcard.dir/pico-sdk/src/rp2_common/hardware_divider/divider.c.o
LOAD CMakeFiles/pico_6mic_soundcard.dir/pico-sdk/src/rp2_common/pico_runtime/runtime.c.o
LOAD CMakeFiles/pico_6mic_soundcard.dir/pico-sdk/src/rp2_common/pico_runtime_init/runtime_init.c.o
LOAD CMakeFiles/pico_6mic_soundcard.dir/pico-sdk/src/rp2_common/pico_runtime_init/runtime_init_clocks.c.o
LOAD CMakeFiles/pico_6mic_soundcard.dir/pico-sdk/src/rp2_common/pico_runtime_init/runtime_init_stack_guard.c.o
LOAD CMakeFiles/pico_6mic_soundcard.dir/pico-sdk/src/rp2_common/pico_bit_ops/bit_ops_aeabi.S.o
LOAD CMakeFiles/pico_6mic_soundcard.dir/pico-sdk/src/rp2_common/pico_divider/divider_compiler.c.o
LOAD CMakeFiles/pico_6mic_soundcard.dir/pico-sdk/src/rp2_common/pico_double/double_math.c.o
LOAD CMakeFiles/pico_6mic_soundcard.dir/pico-sdk/src/rp2_common/pico_double/double_aeabi_dcp.S.o
LOAD CMakeFiles/pico_6mic_soundcard.dir/pico-sdk/src/rp2_common/pico_double/double_fma_dcp.S.o
LOAD CMakeFiles/pico_6mic_soundcard.dir/pico-sdk/src/rp2_common/pico_double/double_sci_m33.S.o
LOAD CMakeFiles/pico_6mic_soundcard.dir/pico-sdk/src/rp2_common/pico_double/double_conv_m33.S.o
LOAD CMakeFiles/pico_6mic_soundcard.dir/pico-sdk/src/rp2_common/pico_float/float_math.c.o
LOAD CMakeFiles/pico_6mic_soundcard.dir/pico-sdk/src/rp2_common/pico_float/float_conv32_vfp.S.o
LOAD CMakeFiles/pico_6mic_soundcard.dir/pico-sdk/src/rp2_common/pico_float/float_common_m33.S.o
LOAD CMakeFiles/pico_6mic_soundcard.dir/pico-sdk/src/rp2_common/pico_float/float_sci_m33_vfp.S.o
LOAD CMakeFiles/pico_6mic_soundcard.dir/pico-sdk/src/rp2_common/pico_malloc/malloc.c.o
LOAD CMakeFiles/pico_6mic_soundcard.dir/pico-sdk/src/rp2_common/pico_atomic/atomic.c.o
LOAD CMakeFiles/pico_6mic_soundcard.dir/pico-sdk/src/rp2_common/pico_cxx_options/new_delete.cpp.o
LOAD CMakeFiles/pico_6mic_soundcard.dir/pico-sdk/src/rp2_common/pico_standard_binary_info/standard_binary_info.c.o
LOAD CMakeFiles/pico_6mic_soundcard.dir/pico-sdk/src/rp2_common/pico_printf/printf.c.o
LOAD CMakeFiles/pico_6mic_soundcard.dir/pico-sdk/src/rp2_common/pico_crt0/crt0.S.o
LOAD CMakeFiles/pico_6mic_soundcard.dir/pico-sdk/src/rp2_common/pico_clib_interface/newlib_interface.c.o
LOAD CMakeFiles/pico_6mic_soundcard.dir/pico-sdk/src/rp2_common/pico_stdio/stdio.c.o
LOAD CMakeFiles/pico_6mic_soundcard.dir/pico-sdk/src/rp2_common/hardware_pio/pio.c.o
LOAD CMakeFiles/pico_6mic_soundcard.dir/pico-sdk/src/rp2_common/hardware_dma/dma.c.o
LOAD CMakeFiles/pico_6mic_soundcard.dir/pico-sdk/lib/tinyusb/src/portable/raspberrypi/rp2040/dcd_rp2040.c.o
LOAD CMakeFiles/pico_6mic_soundcard.dir/pico-sdk/lib/tinyusb/src/portable/raspberrypi/rp2040/rp2040_usb.c.o
LOAD CMakeFiles/pico_6mic_soundcard.dir/pico-sdk/lib/tinyusb/src/device/usbd.c.o
LOAD CMakeFiles/pico_6mic_soundcard.dir/pico-sdk/lib/tinyusb/src/device/usbd_control.c.o
LOAD CMakeFiles/pico_6mic_soundcard.dir/pico-sdk/lib/tinyusb/src/class/audio/audio_device.c.o
LOAD CMakeFiles/pico_6mic_soundcard.dir/pico-sdk/lib/tinyusb/src/class/cdc/cdc_device.c.o
LOAD CMakeFiles/pico_6mic_soundcard.dir/pico-sdk/lib/tinyusb/src/class/dfu/dfu_device.c.o
LOAD CMakeFiles/pico_6mic_soundcard.dir/pico-sdk/lib/tinyusb/src/class/dfu/dfu_rt_device.c.o
LOAD CMakeFiles/pico_6mic_soundcard.dir/pico-sdk/lib/tinyusb/src/class/hid/hid_device.c.o
LOAD CMakeFiles/pico_6mic_soundcard.dir/pico-sdk/lib/tinyusb/src/class/midi/midi_device.c.o
LOAD CMakeFiles/pico_6mic_soundcard.dir/pico-sdk/lib/tinyusb/src/class/msc/msc_device.c.o
LOAD CMakeFiles/pico_6mic_soundcard.dir/pico-sdk/lib/tinyusb/src/class/net/ecm_rndis_device.c.o
LOAD CMakeFiles/pico_6mic_soundcard.dir/pico-sdk/lib/tinyusb/src/class/net/ncm_device.c.o
LOAD CMakeFiles/pico_6mic_soundcard.dir/pico-sdk/lib/tinyusb/src/class/usbtmc/usbtmc_device.c.o
LOAD CMakeFiles/pico_6mic_soundcard.dir/pico-sdk/lib/tinyusb/src/class/vendor/vendor_device.c.o
LOAD CMakeFiles/pico_6mic_soundcard.dir/pico-sdk/lib/tinyusb/src/class/video/video_device.c.o
LOAD CMakeFiles/pico_6mic_soundcard.dir/pico-sdk/lib/tinyusb/src/tusb.c.o
LOAD CMakeFiles/pico_6mic_soundcard.dir/pico-sdk/lib/tinyusb/src/common/tusb_fifo.c.o
LOAD CMakeFiles/pico_6mic_soundcard.dir/pico-sdk/src/rp2_common/pico_fix/rp2040_usb_device_enumeration/rp2040_usb_device_enumeration.c.o
LOAD CMakeFiles/pico_6mic_soundcard.dir/pico-sdk/lib/tinyusb/hw/bsp/rp2040/family.c.o
LOAD CMakeFiles/pico_6mic_soundcard.dir/pico-sdk/src/rp2_common/pico_unique_id/unique_id.c.o
LOAD CMakeFiles/pico_6mic_soundcard.dir/pico-sdk/src/rp2_common/hardware_flash/flash.c.o
LOAD CMakeFiles/pico_6mic_soundcard.dir/pico-sdk/src/rp2_common/hardware_xip_cache/xip_cache.c.o
LOAD pico-sdk/src/rp2350/boot_stage2/CMakeFiles/bs2_default_library.dir/bs2_default_padded_checksummed.S.o
LOAD /opt/arm/arm-gnu-toolchain-14.3.rel1-x86_64-arm-none-eabi/bin/../lib/gcc/arm-none-eabi/14.3.1/../../../../arm-none-eabi/lib/thumb/v8-m.main+fp/softfp/libstdc++.a
LOAD /opt/arm/arm-gnu-toolchain-14.3.rel1-x86_64-arm-none-eabi/bin/../lib/gcc/arm-none-eabi/14.3.1/../../../../arm-none-eabi/lib/thumb/v8-m.main+fp/softfp/libm.a
START GROUP
LOAD /opt/arm/arm-gnu-toolchain-14.3.rel1-x86_64-arm-none-eabi/bin/../lib/gcc/arm-none-eabi/14.3.1/thumb/v8-m.main+fp/softfp/libgcc.a
LOAD /opt/arm/arm-gnu-toolchain-14.3.rel1-x86_64-arm-none-eabi/bin/../lib/gcc/arm-none-eabi/14.3.1/../../../../arm-none-eabi/lib/thumb/v8-m.main+fp/softfp/libg.a
LOAD /opt/arm/arm-gnu-toolchain-14.3.rel1-x86_64-arm-none-eabi/bin/../lib/gcc/arm-none-eabi/14.3.1/../../../../arm-none-eabi/lib/thumb/v8-m.main+fp/softfp/libc.a
END GROUP
START GROUP
LOAD /opt/arm/arm-gnu-toolchain-14.3.rel1-x86_64-arm-none-eabi/bin/../lib/gcc/arm-none-eabi/14.3.1/thumb/v8-m.main+fp/softfp/libgcc.a
LOAD /opt/arm/arm-gnu-toolchain-14.3.rel1-x86_64-arm-none-eabi/bin/../lib/gcc/arm-none-eabi/14.3.1/../../../../arm-none-eabi/lib/thumb/v8-m.main+fp/softfp/libc.a
LOAD /opt/arm/arm-gnu-toolchain-14.3.rel1-x86_64-arm-none-eabi/bin/../lib/gcc/arm-none-eabi/14.3.1/../../../../arm-none-eabi/lib/thumb/v8-m.main+fp/softfp/libnosys.a
END GROUP
LOAD /opt/arm/arm-gnu-toolchain-14.3.rel1-x86_64-arm-none-eabi/bin/../lib/gcc/arm-none-eabi/14.3.1/thumb/v8-m.main+fp/softfp/crtend.o
LOAD /opt/arm/arm-gnu-toolchain-14.3.rel1-x86_64-arm-none-eabi/bin/../lib/gcc/arm-none-eabi/14.3.1/thumb/v8-m.main+fp/softfp/crtn.o
OUTPUT(pico_6mic_soundcard.elf elf32-littlearm)
LOAD linker stubs

.rel.dyn        0x100044c4        0x0
 .rel.iplt      0x100044c4        0x0 /opt/arm/arm-gnu-toolchain-14.3.rel1-x86_64-arm-none-eabi/bin/../lib/gcc/arm-none-eabi/14.3.1/thumb/v8-m.main+fp/softfp/crtbegin.o

.ARM.attributes
                0x00000000       0x34
 .ARM.attributes
                0x00000000       0x26 /opt/arm/arm-gnu-toolchain-14.3.rel1-x86_64-arm-none-eabi/bin/../lib/gcc/arm-none-eabi/14.3.1/thumb/v8-m.main+fp/softfp/crti.o
 .ARM.attributes
                0x00000026       0x36 /opt/arm/arm-gnu-toolchain-14.3.rel1-x86_64-arm-none-eabi/bin/../lib/gcc/arm-none-eabi/14.3.1/thumb/v8-m.main+fp/softfp/crtbegin.o
 .ARM.attributes
                0x0000005c       0x38 CMakeFiles/pico_6mic_soundcard.dir/main.c.o
 .ARM.attributes
                0x00000094       0x38 CMakeFiles/pico_6mic_soundcard.dir/usb_descriptors.c.o
 .ARM.attributes
                0x000000cc       0x38 CMakeFiles/pico_6mic_soundcard.dir/pico-sdk/src/rp2_common/hardware_gpio/gpio.c.o
 .ARM.attributes
                0x00000104       0x38 CMakeFiles/pico_6mic_soundcard.dir/pico-sdk/src/rp2_common/pico_platform_panic/panic.c.o
 .ARM.attributes
                0x0000013c       0x38 CMakeFiles/pico_6mic_soundcard.dir/pico-sdk/src/common/hardware_claim/claim.c.o
 .ARM.attributes
                0x00000174       0x38 CMakeFiles/pico_6mic_soundcard.dir/pico-sdk/src/rp2_common/hardware_sync/sync.c.o
 .ARM.attributes
                0x000001ac       0x38 CMakeFiles/pico_6mic_soundcard.dir/pico-sdk/src/rp2_common/hardware_sync_spin_lock/sync_spin_lock.c.o
 .ARM.attributes
                0x000001e4       0x38 CMakeFiles/pico_6mic_soundcard.dir/pico-sdk/src/rp2_common/hardware_irq/irq.c.o
 .ARM.attributes
                0x0000021c       0x28 CMakeFiles/pico_6mic_soundcard.dir/pico-sdk/src/rp2_common/hardware_irq/irq_handler_chain.S.o
 .ARM.attributes
                0x00000244       0x38 CMakeFiles/pico_6mic_soundcard.dir/pico-sdk/src/common/pico_sync/lock_core.c.o
 .ARM.attributes
                0x0000027c       0x38 CMakeFiles/pico_6mic_soundcard.dir/pico-sdk/src/common/pico_sync/mutex.c.o
 .ARM.attributes
                0x000002b4       0x38 CMakeFiles/pico_6mic_soundcard.dir/pico-sdk/src/common/pico_sync/critical_section.c.o
 .ARM.attributes
                0x000002ec       0x38 CMakeFiles/pico_6mic_soundcard.dir/pico-sdk/src/common/pico_time/time.c.o
 .ARM.attributes
                0x00000324       0x38 CMakeFiles/pico_6mic_soundcard.dir/pico-sdk/src/rp2_common/hardware_timer/timer.c.o
 .ARM.attributes
                0x0000035c       0x38 CMakeFiles/pico_6mic_soundcard.dir/pico-sdk/src/rp2_common/hardware_clocks/clocks.c.o
 .ARM.attributes
                0x00000394       0x38 CMakeFiles/pico_6mic_soundcard.dir/pico-sdk/src/rp2_common/hardware_pll/pll.c.o
 .ARM.attributes
                0x000003cc       0x38 CMakeFiles/pico_6mic_soundcard.dir/pico-sdk/src/rp2_common/hardware_ticks/ticks.c.o
 .ARM.attributes
                0x00000404       0x38 CMakeFiles/pico_6mic_soundcard.dir/pico-sdk/src/rp2_common/pico_bootrom/bootrom.c.o
 .ARM.attributes
                0x0000043c       0x38 CMakeFiles/pico_6mic_soundcard.dir/pico-sdk/src/rp2_common/pico_bootrom/bootrom_lock.c.o
 .ARM.attributes
                0x00000474       0x38 CMakeFiles/pico_6mic_soundcard.dir/pico-sdk/src/rp2_common/hardware_boot_lock/boot_lock.c.o
 .ARM.attributes
                0x000004ac       0x38 CMakeFiles/pico_6mic_soundcard.dir/pico-sdk/src/rp2_common/hardware_xosc/xosc.c.o
 .ARM.attributes
                0x000004e4       0x38 CMakeFiles/pico_6mic_soundcard.dir/pico-sdk/src/rp2_common/pico_runtime/runtime.c.o
 .ARM.attributes
                0x0000051c       0x38 CMakeFiles/pico_6mic_soundcard.dir/pico-sdk/src/rp2_common/pico_runtime_init/runtime_init.c.o
 .ARM.attributes
                0x00000554       0x38 CMakeFiles/pico_6mic_soundcard.dir/pico-sdk/src/rp2_common/pico_runtime_init/runtime_init_clocks.c.o
 .ARM.attributes
                0x0000058c       0x38 CMakeFiles/pico_6mic_soundcard.dir/pico-sdk/src/rp2_common/pico_standard_binary_info/standard_binary_info.c.o
 .ARM.attributes
                0x000005c4       0x38 CMakeFiles/pico_6mic_soundcard.dir/pico-sdk/src/rp2_common/pico_printf/printf.c.o
 .ARM.attributes
                0x000005fc       0x28 CMakeFiles/pico_6mic_soundcard.dir/pico-sdk/src/rp2_common/pico_crt0/crt0.S.o
 .ARM.attributes
                0x00000624       0x38 CMakeFiles/pico_6mic_soundcard.dir/pico-sdk/src/rp2_common/pico_clib_interface/newlib_interface.c.o
 .ARM.attributes
                0x0000065c       0x38 CMakeFiles/pico_6mic_soundcard.dir/pico-sdk/src/rp2_common/pico_stdio/stdio.c.o
 .ARM.attributes
                0x00000694       0x38 CMakeFiles/pico_6mic_soundcard.dir/pico-sdk/lib/tinyusb/src/portable/raspberrypi/rp2040/dcd_rp2040.c.o
 .ARM.attributes
                0x000006cc       0x38 CMakeFiles/pico_6mic_soundcard.dir/pico-sdk/lib/tinyusb/src/portable/raspberrypi/rp2040/rp2040_usb.c.o
 .ARM.attributes
                0x00000704       0x38 CMakeFiles/pico_6mic_soundcard.dir/pico-sdk/lib/tinyusb/src/device/usbd.c.o
 .ARM.attributes
                0x0000073c       0x38 CMakeFiles/pico_6mic_soundcard.dir/pico-sdk/lib/tinyusb/src/device/usbd_control.c.o
 .ARM.attributes
                0x00000774       0x38 CMakeFiles/pico_6mic_soundcard.dir/pico-sdk/lib/tinyusb/src/class/audio/audio_device.c.o
 .ARM.attributes
                0x000007ac       0x38 CMakeFiles/pico_6mic_soundcard.dir/pico-sdk/lib/tinyusb/src/tusb.c.o
 .ARM.attributes
                0x000007e4       0x38 CMakeFiles/pico_6mic_soundcard.dir/pico-sdk/lib/tinyusb/src/common/tusb_fifo.c.o
 .ARM.attributes
                0x0000081c       0x38 CMakeFiles/pico_6mic_soundcard.dir/pico-sdk/lib/tinyusb/hw/bsp/rp2040/family.c.o
 .ARM.attributes
                0x00000854       0x38 CMakeFiles/pico_6mic_soundcard.dir/pico-sdk/src/rp2_common/pico_unique_id/unique_id.c.o
 .ARM.attributes
                0x0000088c       0x36 /opt/arm/arm-gnu-toolchain-14.3.rel1-x86_64-arm-none-eabi/bin/../lib/gcc/arm-none-eabi/14.3.1/../../../../arm-none-eabi/lib/thumb/v8-m.main+fp/softfp/libg.a(libc_a-memset.o)
 .ARM.attributes
                0x000008c2       0x24 /opt/arm/arm-gnu-toolchain-14.3.rel1-x86_64-arm-none-eabi/bin/../lib/gcc/arm-none-eabi/14.3.1/../../../../arm-none-eabi/lib/thumb/v8-m.main+fp/softfp/libg.a(libc_a-memcpy.o)
 .ARM.attributes
                0x000008e6       0x36 /opt/arm/arm-gnu-toolchain-14.3.rel1-x86_64-arm-none-eabi/bin/../lib/gcc/arm-none-eabi/14.3.1/../../../../arm-none-eabi/lib/thumb/v8-m.main+fp/softfp/libg.a(libc_a-strlen-stub.o)
 .ARM.attributes
                0x0000091c       0x36 /opt/arm/arm-gnu-toolchain-14.3.rel1-x86_64-arm-none-eabi/bin/../lib/gcc/arm-none-eabi/14.3.1/thumb/v8-m.main+fp/softfp/crtend.o

.comment        0x00000000       0x46
 .comment       0x00000000       0x46 CMakeFiles/pico_6mic_soundcard.dir/main.c.o
                                 0x47 (size before relaxing)
 .comment       0x00000046       0x47 CMakeFiles/pico_6mic_soundcard.dir/usb_descriptors.c.o
 .comment       0x00000046       0x47 CMakeFiles/pico_6mic_soundcard.dir/pico-sdk/src/rp2_common/hardware_gpio/gpio.c.o
 .comment       0x00000046       0x47 CMakeFiles/pico_6mic_soundcard.dir/pico-sdk/src/rp2_common/pico_platform_panic/panic.c.o
 .comment       0x00000046       0x47 CMakeFiles/pico_6mic_soundcard.dir/pico-sdk/src/common/hardware_claim/claim.c.o
 .comment       0x00000046       0x47 CMakeFiles/pico_6mic_soundcard.dir/pico-sdk/src/rp2_common/hardware_sync/sync.c.o
 .comment       0x00000046       0x47 CMakeFiles/pico_6mic_soundcard.dir/pico-sdk/src/rp2_common/hardware_sync_spin_lock/sync_spin_lock.c.o
 .comment       0x00000046       0x47 CMakeFiles/pico_6mic_soundcard.dir/pico-sdk/src/rp2_common/hardware_irq/irq.c.o
 .comment       0x00000046       0x47 CMakeFiles/pico_6mic_soundcard.dir/pico-sdk/src/common/pico_sync/lock_core.c.o
 .comment       0x00000046       0x47 CMakeFiles/pico_6mic_soundcard.dir/pico-sdk/src/common/pico_sync/mutex.c.o
 .comment       0x00000046       0x47 CMakeFiles/pico_6mic_soundcard.dir/pico-sdk/src/common/pico_sync/critical_section.c.o
 .comment       0x00000046       0x47 CMakeFiles/pico_6mic_soundcard.dir/pico-sdk/src/common/pico_time/time.c.o
 .comment       0x00000046       0x47 CMakeFiles/pico_6mic_soundcard.dir/pico-sdk/src/rp2_common/hardware_timer/timer.c.o
 .comment       0x00000046       0x47 CMakeFiles/pico_6mic_soundcard.dir/pico-sdk/src/rp2_common/hardware_clocks/clocks.c.o
 .comment       0x00000046       0x47 CMakeFiles/pico_6mic_soundcard.dir/pico-sdk/src/rp2_common/hardware_pll/pll.c.o
 .comment       0x00000046       0x47 CMakeFiles/pico_6mic_soundcard.dir/pico-sdk/src/rp2_common/hardware_ticks/ticks.c.o
 .comment       0x00000046       0x47 CMakeFiles/pico_6mic_soundcard.dir/pico-sdk/src/rp2_common/pico_bootrom/bootrom.c.o
 .comment       0x00000046       0x47 CMakeFiles/pico_6mic_soundcard.dir/pico-sdk/src/rp2_common/pico_bootrom/bootrom_lock.c.o
 .comment       0x00000046       0x47 CMakeFiles/pico_6mic_soundcard.dir/pico-sdk/src/rp2_common/hardware_boot_lock/boot_lock.c.o
 .comment       0x00000046       0x47 CMakeFiles/pico_6mic_soundcard.dir/pico-sdk/src/rp2_common/hardware_xosc/xosc.c.o
 .comment       0x00000046       0x47 CMakeFiles/pico_6mic_soundcard.dir/pico-sdk/src/rp2_common/pico_runtime/runtime.c.o
 .comment       0x00000046       0x47 CMakeFiles/pico_6mic_soundcard.dir/pico-sdk/src/rp2_common/pico_runtime_init/runtime_init.c.o
 .comment       0x00000046       0x47 CMakeFiles/pico_6mic_soundcard.dir/pico-sdk/src/rp2_common/pico_runtime_init/runtime_init_clocks.c.o
 .comment       0x00000046       0x47 CMakeFiles/pico_6mic_soundcard.dir/pico-sdk/src/rp2_common/pico_standard_binary_info/standard_binary_info.c.o
 .comment       0x00000046       0x47 CMakeFiles/pico_6mic_soundcard.dir/pico-sdk/src/rp2_common/pico_printf/printf.c.o
 .comment       0x00000046       0x47 CMakeFiles/pico_6mic_soundcard.dir/pico-sdk/src/rp2_common/pico_clib_interface/newlib_interface.c.o
 .comment       0x00000046       0x47 CMakeFiles/pico_6mic_soundcard.dir/pico-sdk/src/rp2_common/pico_stdio/stdio.c.o
 .comment       0x00000046       0x47 CMakeFiles/pico_6mic_soundcard.dir/pico-sdk/lib/tinyusb/src/portable/raspberrypi/rp2040/dcd_rp2040.c.o
 .comment       0x00000046       0x47 CMakeFiles/pico_6mic_soundcard.dir/pico-sdk/lib/tinyusb/src/portable/raspberrypi/rp2040/rp2040_usb.c.o
 .comment       0x00000046       0x47 CMakeFiles/pico_6mic_soundcard.dir/pico-sdk/lib/tinyusb/src/device/usbd.c.o
 .comment       0x00000046       0x47 CMakeFiles/pico_6mic_soundcard.dir/pico-sdk/lib/tinyusb/src/device/usbd_control.c.o
 .comment       0x00000046       0x47 CMakeFiles/pico_6mic_soundcard.dir/pico-sdk/lib/tinyusb/src/class/audio/audio_device.c.o
 .comment       0x00000046       0x47 CMakeFiles/pico_6mic_soundcard.dir/pico-sdk/lib/tinyusb/src/tusb.c.o
 .comment       0x00000046       0x47 CMakeFiles/pico_6mic_soundcard.dir/pico-sdk/lib/tinyusb/src/common/tusb_fifo.c.o
 .comment       0x00000046       0x47 CMakeFiles/pico_6mic_soundcard.dir/pico-sdk/lib/tinyusb/hw/bsp/rp2040/family.c.o
 .comment       0x00000046       0x47 CMakeFiles/pico_6mic_soundcard.dir/pico-sdk/src/rp2_common/pico_unique_id/unique_id.c.o

.debug_info     0x00000000    0x30df3
 .debug_info    0x00000000      0xb8f CMakeFiles/pico_6mic_soundcard.dir/main.c.o
 .debug_info    0x00000b8f      0x6a4 CMakeFiles/pico_6mic_soundcard.dir/usb_descriptors.c.o
 .debug_info    0x00001233     0x2416 CMakeFiles/pico_6mic_soundcard.dir/pico-sdk/src/rp2_common/hardware_gpio/gpio.c.o
 .debug_info    0x00003649      0x1be CMakeFiles/pico_6mic_soundcard.dir/pico-sdk/src/rp2_common/pico_platform_panic/panic.c.o
 .debug_info    0x00003807      0xb78 CMakeFiles/pico_6mic_soundcard.dir/pico-sdk/src/common/hardware_claim/claim.c.o
 .debug_info    0x0000437f      0x46f CMakeFiles/pico_6mic_soundcard.dir/pico-sdk/src/rp2_common/hardware_sync/sync.c.o
 .debug_info    0x000047ee     0x145e CMakeFiles/pico_6mic_soundcard.dir/pico-sdk/src/rp2_common/hardware_sync_spin_lock/sync_spin_lock.c.o
 .debug_info    0x00005c4c     0x262d CMakeFiles/pico_6mic_soundcard.dir/pico-sdk/src/rp2_common/hardware_irq/irq.c.o
 .debug_info    0x00008279      0x187 CMakeFiles/pico_6mic_soundcard.dir/pico-sdk/src/common/pico_sync/lock_core.c.o
 .debug_info    0x00008400     0x1e7c CMakeFiles/pico_6mic_soundcard.dir/pico-sdk/src/common/pico_sync/mutex.c.o
 .debug_info    0x0000a27c      0x389 CMakeFiles/pico_6mic_soundcard.dir/pico-sdk/src/common/pico_sync/critical_section.c.o
 .debug_info    0x0000a605     0x549a CMakeFiles/pico_6mic_soundcard.dir/pico-sdk/src/common/pico_time/time.c.o
 .debug_info    0x0000fa9f     0x30c6 CMakeFiles/pico_6mic_soundcard.dir/pico-sdk/src/rp2_common/hardware_timer/timer.c.o
 .debug_info    0x00012b65     0x28c2 CMakeFiles/pico_6mic_soundcard.dir/pico-sdk/src/rp2_common/hardware_clocks/clocks.c.o
 .debug_info    0x00015427      0x507 CMakeFiles/pico_6mic_soundcard.dir/pico-sdk/src/rp2_common/hardware_pll/pll.c.o
 .debug_info    0x0001592e      0x26c CMakeFiles/pico_6mic_soundcard.dir/pico-sdk/src/rp2_common/hardware_ticks/ticks.c.o
 .debug_info    0x00015b9a     0x10ab CMakeFiles/pico_6mic_soundcard.dir/pico-sdk/src/rp2_common/pico_bootrom/bootrom.c.o
 .debug_info    0x00016c45      0x1c4 CMakeFiles/pico_6mic_soundcard.dir/pico-sdk/src/rp2_common/pico_bootrom/bootrom_lock.c.o
 .debug_info    0x00016e09      0x316 CMakeFiles/pico_6mic_soundcard.dir/pico-sdk/src/rp2_common/hardware_boot_lock/boot_lock.c.o
 .debug_info    0x0001711f      0x1b1 CMakeFiles/pico_6mic_soundcard.dir/pico-sdk/src/rp2_common/hardware_xosc/xosc.c.o
 .debug_info    0x000172d0      0x21a CMakeFiles/pico_6mic_soundcard.dir/pico-sdk/src/rp2_common/pico_runtime/runtime.c.o
 .debug_info    0x000174ea     0x1c34 CMakeFiles/pico_6mic_soundcard.dir/pico-sdk/src/rp2_common/pico_runtime_init/runtime_init.c.o
 .debug_info    0x0001911e      0x7c9 CMakeFiles/pico_6mic_soundcard.dir/pico-sdk/src/rp2_common/pico_runtime_init/runtime_init_clocks.c.o
 .debug_info    0x000198e7      0x2b8 CMakeFiles/pico_6mic_soundcard.dir/pico-sdk/src/rp2_common/pico_standard_binary_info/standard_binary_info.c.o
 .debug_info    0x00019b9f     0x23a7 CMakeFiles/pico_6mic_soundcard.dir/pico-sdk/src/rp2_common/pico_printf/printf.c.o
 .debug_info    0x0001bf46       0x23 CMakeFiles/pico_6mic_soundcard.dir/pico-sdk/src/rp2_common/pico_crt0/crt0.S.o
 .debug_info    0x0001bf69      0xc25 CMakeFiles/pico_6mic_soundcard.dir/pico-sdk/src/rp2_common/pico_clib_interface/newlib_interface.c.o
 .debug_info    0x0001cb8e     0x1c6c CMakeFiles/pico_6mic_soundcard.dir/pico-sdk/src/rp2_common/pico_stdio/stdio.c.o
 .debug_info    0x0001e7fa     0x2d28 CMakeFiles/pico_6mic_soundcard.dir/pico-sdk/lib/tinyusb/src/portable/raspberrypi/rp2040/dcd_rp2040.c.o
 .debug_info    0x00021522     0x126b CMakeFiles/pico_6mic_soundcard.dir/pico-sdk/lib/tinyusb/src/portable/raspberrypi/rp2040/rp2040_usb.c.o
 .debug_info    0x0002278d     0x4b99 CMakeFiles/pico_6mic_soundcard.dir/pico-sdk/lib/tinyusb/src/device/usbd.c.o
 .debug_info    0x00027326      0xc13 CMakeFiles/pico_6mic_soundcard.dir/pico-sdk/lib/tinyusb/src/device/usbd_control.c.o
 .debug_info    0x00027f39     0x35a2 CMakeFiles/pico_6mic_soundcard.dir/pico-sdk/lib/tinyusb/src/class/audio/audio_device.c.o
 .debug_info    0x0002b4db     0x2081 CMakeFiles/pico_6mic_soundcard.dir/pico-sdk/lib/tinyusb/src/tusb.c.o
 .debug_info    0x0002d55c     0x288a CMakeFiles/pico_6mic_soundcard.dir/pico-sdk/lib/tinyusb/src/common/tusb_fifo.c.o
 .debug_info    0x0002fde6      0xd56 CMakeFiles/pico_6mic_soundcard.dir/pico-sdk/lib/tinyusb/hw/bsp/rp2040/family.c.o
 .debug_info    0x00030b3c      0x2b7 CMakeFiles/pico_6mic_soundcard.dir/pico-sdk/src/rp2_common/pico_unique_id/unique_id.c.o

.debug_abbrev   0x00000000     0x80a9
 .debug_abbrev  0x00000000      0x3a8 CMakeFiles/pico_6mic_soundcard.dir/main.c.o
 .debug_abbrev  0x000003a8      0x1d1 CMakeFiles/pico_6mic_soundcard.dir/usb_descriptors.c.o
 .debug_abbrev  0x00000579      0x558 CMakeFiles/pico_6mic_soundcard.dir/pico-sdk/src/rp2_common/hardware_gpio/gpio.c.o
 .debug_abbrev  0x00000ad1      0x12b CMakeFiles/pico_6mic_soundcard.dir/pico-sdk/src/rp2_common/pico_platform_panic/panic.c.o
 .debug_abbrev  0x00000bfc      0x35e CMakeFiles/pico_6mic_soundcard.dir/pico-sdk/src/common/hardware_claim/claim.c.o
 .debug_abbrev  0x00000f5a      0x22f CMakeFiles/pico_6mic_soundcard.dir/pico-sdk/src/rp2_common/hardware_sync/sync.c.o
 .debug_abbrev  0x00001189      0x26e CMakeFiles/pico_6mic_soundcard.dir/pico-sdk/src/rp2_common/hardware_sync_spin_lock/sync_spin_lock.c.o
 .debug_abbrev  0x000013f7      0x63b CMakeFiles/pico_6mic_soundcard.dir/pico-sdk/src/rp2_common/hardware_irq/irq.c.o
 .debug_abbrev  0x00001a32      0x11e CMakeFiles/pico_6mic_soundcard.dir/pico-sdk/src/common/pico_sync/lock_core.c.o
 .debug_abbrev  0x00001b50      0x49b CMakeFiles/pico_6mic_soundcard.dir/pico-sdk/src/common/pico_sync/mutex.c.o
 .debug_abbrev  0x00001feb      0x23a CMakeFiles/pico_6mic_soundcard.dir/pico-sdk/src/common/pico_sync/critical_section.c.o
 .debug_abbrev  0x00002225      0x644 CMakeFiles/pico_6mic_soundcard.dir/pico-sdk/src/common/pico_time/time.c.o
 .debug_abbrev  0x00002869      0x4f9 CMakeFiles/pico_6mic_soundcard.dir/pico-sdk/src/rp2_common/hardware_timer/timer.c.o
 .debug_abbrev  0x00002d62      0x517 CMakeFiles/pico_6mic_soundcard.dir/pico-sdk/src/rp2_common/hardware_clocks/clocks.c.o
 .debug_abbrev  0x00003279      0x1a8 CMakeFiles/pico_6mic_soundcard.dir/pico-sdk/src/rp2_common/hardware_pll/pll.c.o
 .debug_abbrev  0x00003421      0x146 CMakeFiles/pico_6mic_soundcard.dir/pico-sdk/src/rp2_common/hardware_ticks/ticks.c.o
 .debug_abbrev  0x00003567      0x458 CMakeFiles/pico_6mic_soundcard.dir/pico-sdk/src/rp2_common/pico_bootrom/bootrom.c.o
 .debug_abbrev  0x000039bf       0xfb CMakeFiles/pico_6mic_soundcard.dir/pico-sdk/src/rp2_common/pico_bootrom/bootrom_lock.c.o
 .debug_abbrev  0x00003aba      0x1de CMakeFiles/pico_6mic_soundcard.dir/pico-sdk/src/rp2_common/hardware_boot_lock/boot_lock.c.o
 .debug_abbrev  0x00003c98      0x109 CMakeFiles/pico_6mic_soundcard.dir/pico-sdk/src/rp2_common/hardware_xosc/xosc.c.o
 .debug_abbrev  0x00003da1      0x182 CMakeFiles/pico_6mic_soundcard.dir/pico-sdk/src/rp2_common/pico_runtime/runtime.c.o
 .debug_abbrev  0x00003f23      0x310 CMakeFiles/pico_6mic_soundcard.dir/pico-sdk/src/rp2_common/pico_runtime_init/runtime_init.c.o
 .debug_abbrev  0x00004233      0x2b8 CMakeFiles/pico_6mic_soundcard.dir/pico-sdk/src/rp2_common/pico_runtime_init/runtime_init_clocks.c.o
 .debug_abbrev  0x000044eb       0xb8 CMakeFiles/pico_6mic_soundcard.dir/pico-sdk/src/rp2_common/pico_standard_binary_info/standard_binary_info.c.o
 .debug_abbrev  0x000045a3      0x505 CMakeFiles/pico_6mic_soundcard.dir/pico-sdk/src/rp2_common/pico_printf/printf.c.o
 .debug_abbrev  0x00004aa8       0x12 CMakeFiles/pico_6mic_soundcard.dir/pico-sdk/src/rp2_common/pico_crt0/crt0.S.o
 .debug_abbrev  0x00004aba      0x375 CMakeFiles/pico_6mic_soundcard.dir/pico-sdk/src/rp2_common/pico_clib_interface/newlib_interface.c.o
 .debug_abbrev  0x00004e2f      0x5fd CMakeFiles/pico_6mic_soundcard.dir/pico-sdk/src/rp2_common/pico_stdio/stdio.c.o
 .debug_abbrev  0x0000542c      0x610 CMakeFiles/pico_6mic_soundcard.dir/pico-sdk/lib/tinyusb/src/portable/raspberrypi/rp2040/dcd_rp2040.c.o
 .debug_abbrev  0x00005a3c      0x48e CMakeFiles/pico_6mic_soundcard.dir/pico-sdk/lib/tinyusb/src/portable/raspberrypi/rp2040/rp2040_usb.c.o
 .debug_abbrev  0x00005eca      0x84e CMakeFiles/pico_6mic_soundcard.dir/pico-sdk/lib/tinyusb/src/device/usbd.c.o
 .debug_abbrev  0x00006718      0x3ed CMakeFiles/pico_6mic_soundcard.dir/pico-sdk/lib/tinyusb/src/device/usbd_control.c.o
 .debug_abbrev  0x00006b05      0x5ed CMakeFiles/pico_6mic_soundcard.dir/pico-sdk/lib/tinyusb/src/class/audio/audio_device.c.o
 .debug_abbrev  0x000070f2      0x575 CMakeFiles/pico_6mic_soundcard.dir/pico-sdk/lib/tinyusb/src/tusb.c.o
 .debug_abbrev  0x00007667      0x44d CMakeFiles/pico_6mic_soundcard.dir/pico-sdk/lib/tinyusb/src/common/tusb_fifo.c.o
 .debug_abbrev  0x00007ab4      0x443 CMakeFiles/pico_6mic_soundcard.dir/pico-sdk/lib/tinyusb/hw/bsp/rp2040/family.c.o
 .debug_abbrev  0x00007ef7      0x1b2 CMakeFiles/pico_6mic_soundcard.dir/pico-sdk/src/rp2_common/pico_unique_id/unique_id.c.o

.debug_loclists
                0x00000000    0x18587
 .debug_loclists
                0x00000000      0x1e7 CMakeFiles/pico_6mic_soundcard.dir/main.c.o
 .debug_loclists
                0x000001e7       0xf3 CMakeFiles/pico_6mic_soundcard.dir/usb_descriptors.c.o
 .debug_loclists
                0x000002da     0x17d5 CMakeFiles/pico_6mic_soundcard.dir/pico-sdk/src/rp2_common/hardware_gpio/gpio.c.o
 .debug_loclists
                0x00001aaf      0x42d CMakeFiles/pico_6mic_soundcard.dir/pico-sdk/src/common/hardware_claim/claim.c.o
 .debug_loclists
                0x00001edc      0x132 CMakeFiles/pico_6mic_soundcard.dir/pico-sdk/src/rp2_common/hardware_sync/sync.c.o
 .debug_loclists
                0x0000200e       0xa2 CMakeFiles/pico_6mic_soundcard.dir/pico-sdk/src/rp2_common/hardware_sync_spin_lock/sync_spin_lock.c.o
 .debug_loclists
                0x000020b0     0x1034 CMakeFiles/pico_6mic_soundcard.dir/pico-sdk/src/rp2_common/hardware_irq/irq.c.o
 .debug_loclists
                0x000030e4       0x17 CMakeFiles/pico_6mic_soundcard.dir/pico-sdk/src/common/pico_sync/lock_core.c.o
 .debug_loclists
                0x000030fb      0xae7 CMakeFiles/pico_6mic_soundcard.dir/pico-sdk/src/common/pico_sync/mutex.c.o
 .debug_loclists
                0x00003be2       0x8c CMakeFiles/pico_6mic_soundcard.dir/pico-sdk/src/common/pico_sync/critical_section.c.o
 .debug_loclists
                0x00003c6e     0x2c70 CMakeFiles/pico_6mic_soundcard.dir/pico-sdk/src/common/pico_time/time.c.o
 .debug_loclists
                0x000068de     0x1a3f CMakeFiles/pico_6mic_soundcard.dir/pico-sdk/src/rp2_common/hardware_timer/timer.c.o
 .debug_loclists
                0x0000831d     0x2038 CMakeFiles/pico_6mic_soundcard.dir/pico-sdk/src/rp2_common/hardware_clocks/clocks.c.o
 .debug_loclists
                0x0000a355      0x1b7 CMakeFiles/pico_6mic_soundcard.dir/pico-sdk/src/rp2_common/hardware_pll/pll.c.o
 .debug_loclists
                0x0000a50c       0x8b CMakeFiles/pico_6mic_soundcard.dir/pico-sdk/src/rp2_common/hardware_ticks/ticks.c.o
 .debug_loclists